Looking in indexes: https://pypi.tuna.tsinghua.edu.cn/simple
Obtaining file:///mnt/afs/260010168/extreme_weather_benchmark/development/disastertrace-next/disastertrace-starter
  Installing build dependencies: started
  Installing build dependencies: finished with status 'done'
  Checking if build backend supports build_editable: started
  Checking if build backend supports build_editable: finished with status 'done'
  Getting requirements to build editable: started
  Getting requirements to build editable: finished with status 'done'
  Installing backend dependencies: started
  Installing backend dependencies: finished with status 'done'
  Preparing editable metadata (pyproject.toml): started
  Preparing editable metadata (pyproject.toml): finished with status 'done'
Collecting pip
  Downloading pip-26.2.1-py3-none-any.whl (1.8 MB)
     ━━━━━━━━━━━━━━━━━━━━━━━━━━━━━━━━━━━━━━━━ 1.8/1.8 MB 2.6 MB/s  0:00:01
Collecting ijson>=3.3 (from disastertrace==0.1.0)
  Downloading ijson-3.5.1-cp310-cp310-manylinux2014_x86_64.manylinux_2_17_x86_64.manylinux_2_28_x86_64.whl (130 kB)
Collecting orjson>=3.10 (from disastertrace==0.1.0)
  Downloading orjson-3.12.0-cp310-cp310-manylinux_2_17_x86_64.manylinux2014_x86_64.whl (131 kB)
Collecting pydantic>=2.8 (from disastertrace==0.1.0)
  Downloading pydantic-2.13.5-py3-none-any.whl (472 kB)
Collecting python-dateutil>=2.9 (from disastertrace==0.1.0)
  Downloading python_dateutil-2.9.0.post0-py2.py3-none-any.whl (229 kB)
Collecting pyyaml>=6.0 (from disastertrace==0.1.0)
  Downloading pyyaml-6.0.3-cp310-cp310-manylinux2014_x86_64.manylinux_2_17_x86_64.manylinux_2_28_x86_64.whl (770 kB)
     ━━━━━━━━━━━━━━━━━━━━━━━━━━━━━━━━━━━━━━━━ 770.3/770.3 kB 14.0 MB/s  0:00:00
Collecting typer>=0.12 (from disastertrace==0.1.0)
  Downloading typer-0.27.2-py3-none-any.whl (123 kB)
Collecting hypothesis>=6.100 (from disastertrace==0.1.0)
  Downloading hypothesis-6.167.1-cp310-cp310-manylinux_2_17_x86_64.manylinux2014_x86_64.whl (1.2 MB)
     ━━━━━━━━━━━━━━━━━━━━━━━━━━━━━━━━━━━━━━━━ 1.2/1.2 MB 15.6 MB/s  0:00:00
Collecting mypy>=1.10 (from disastertrace==0.1.0)
  Downloading mypy-2.3.1-cp310-cp310-manylinux2014_x86_64.manylinux_2_17_x86_64.manylinux_2_28_x86_64.whl (15.2 MB)
     ━━━━━━━━━━━━━━━━━━━━━━━━━━━━━━━━━━━━━━━━ 15.2/15.2 MB 11.8 MB/s  0:00:01
Collecting pytest-asyncio>=0.23 (from disastertrace==0.1.0)
  Downloading pytest_asyncio-1.4.0-py3-none-any.whl (16 kB)
Collecting pytest>=8.0 (from disastertrace==0.1.0)
  Downloading pytest-9.1.1-py3-none-any.whl (386 kB)
Collecting ruff>=0.6 (from disastertrace==0.1.0)
  Downloading ruff-0.16.6-py3-none-manylinux_2_17_x86_64.manylinux2014_x86_64.whl (10.3 MB)
     ━━━━━━━━━━━━━━━━━━━━━━━━━━━━━━━━━━━━━━━━ 10.3/10.3 MB 12.3 MB/s  0:00:00
Collecting exceptiongroup>=1.0.0 (from hypothesis>=6.100->disastertrace==0.1.0)
  Downloading exceptiongroup-1.3.1-py3-none-any.whl (16 kB)
Collecting sortedcontainers<3.0.0,>=2.1.0 (from hypothesis>=6.100->disastertrace==0.1.0)
  Downloading sortedcontainers-2.4.0-py2.py3-none-any.whl (29 kB)
Collecting typing-extensions>=4.6.0 (from exceptiongroup>=1.0.0->hypothesis>=6.100->disastertrace==0.1.0)
  Downloading typing_extensions-4.16.0-py3-none-any.whl (45 kB)
Collecting mypy_extensions>=1.0.0 (from mypy>=1.10->disastertrace==0.1.0)
  Downloading mypy_extensions-1.1.0-py3-none-any.whl (5.0 kB)
Collecting pathspec>=1.0.0 (from mypy>=1.10->disastertrace==0.1.0)
  Using cached pathspec-1.1.1-py3-none-any.whl (57 kB)
Collecting tomli>=1.1.0 (from mypy>=1.10->disastertrace==0.1.0)
  Using cached tomli-2.4.1-py3-none-any.whl (14 kB)
Collecting librt>=0.13.0 (from mypy>=1.10->disastertrace==0.1.0)
  Downloading librt-0.15.0-cp310-cp310-manylinux2014_x86_64.manylinux_2_17_x86_64.manylinux_2_28_x86_64.whl (515 kB)
Collecting ast-serialize<1.0.0,>=0.6.0 (from mypy>=1.10->disastertrace==0.1.0)
  Downloading ast_serialize-0.9.0-cp39-abi3-manylinux_2_17_x86_64.manylinux2014_x86_64.whl (1.3 MB)
     ━━━━━━━━━━━━━━━━━━━━━━━━━━━━━━━━━━━━━━━━ 1.3/1.3 MB 40.5 MB/s  0:00:00
Collecting annotated-types>=0.6.0 (from pydantic>=2.8->disastertrace==0.1.0)
  Downloading annotated_types-0.8.0-py3-none-any.whl (13 kB)
Collecting pydantic-core==2.46.5 (from pydantic>=2.8->disastertrace==0.1.0)
  Downloading pydantic_core-2.46.5-cp310-cp310-manylinux_2_17_x86_64.manylinux2014_x86_64.whl (2.1 MB)
     ━━━━━━━━━━━━━━━━━━━━━━━━━━━━━━━━━━━━━━━━ 2.1/2.1 MB 36.5 MB/s  0:00:00
Collecting typing-inspection>=0.4.2 (from pydantic>=2.8->disastertrace==0.1.0)
  Downloading typing_inspection-0.4.4-py3-none-any.whl (14 kB)
Collecting iniconfig>=1.0.1 (from pytest>=8.0->disastertrace==0.1.0)
  Downloading iniconfig-2.3.0-py3-none-any.whl (7.5 kB)
Collecting packaging>=22 (from pytest>=8.0->disastertrace==0.1.0)
  Using cached packaging-26.3-py3-none-any.whl (129 kB)
Collecting pluggy<2,>=1.5 (from pytest>=8.0->disastertrace==0.1.0)
  Using cached pluggy-1.6.0-py3-none-any.whl (20 kB)
Collecting pygments>=2.7.2 (from pytest>=8.0->disastertrace==0.1.0)
  Downloading pygments-2.21.0-py3-none-any.whl (1.3 MB)
     ━━━━━━━━━━━━━━━━━━━━━━━━━━━━━━━━━━━━━━━━ 1.3/1.3 MB 36.0 MB/s  0:00:00
Collecting backports-asyncio-runner<2,>=1.1 (from pytest-asyncio>=0.23->disastertrace==0.1.0)
  Downloading backports_asyncio_runner-1.2.0-py3-none-any.whl (12 kB)
Collecting six>=1.5 (from python-dateutil>=2.9->disastertrace==0.1.0)
  Downloading six-1.17.0-py2.py3-none-any.whl (11 kB)
Collecting shellingham>=1.3.0 (from typer>=0.12->disastertrace==0.1.0)
  Downloading shellingham-1.5.4-py2.py3-none-any.whl (9.8 kB)
Collecting rich>=13.8.0 (from typer>=0.12->disastertrace==0.1.0)
  Downloading rich-15.0.0-py3-none-any.whl (310 kB)
Collecting annotated-doc>=0.0.2 (from typer>=0.12->disastertrace==0.1.0)
  Downloading annotated_doc-0.0.5-py3-none-any.whl (5.3 kB)
Collecting markdown-it-py>=2.2.0 (from rich>=13.8.0->typer>=0.12->disastertrace==0.1.0)
  Downloading markdown_it_py-4.2.0-py3-none-any.whl (91 kB)
Collecting mdurl~=0.1 (from markdown-it-py>=2.2.0->rich>=13.8.0->typer>=0.12->disastertrace==0.1.0)
  Downloading mdurl-0.1.2-py3-none-any.whl (10.0 kB)
Building wheels for collected packages: disastertrace
  Building editable for disastertrace (pyproject.toml): started
  Building editable for disastertrace (pyproject.toml): finished with status 'done'
  Created wheel for disastertrace: filename=disastertrace-0.1.0-py3-none-any.whl size=3379 sha256=4a361f24048d477fc378cfa8d464129ea4a42dd155afb88c0520292af7c2df95
  Stored in directory: /tmp/pip-ephem-wheel-cache-r4_iszqg/wheels/bf/e7/79/86a4bf3992583065b5595eb7af0d2dfe7cfe18e8cba8a2288e
Successfully built disastertrace
Installing collected packages: sortedcontainers, typing-extensions, tomli, six, shellingham, ruff, pyyaml, pygments, pluggy, pip, pathspec, packaging, orjson, mypy_extensions, mdurl, librt, iniconfig, ijson, backports-asyncio-runner, ast-serialize, annotated-types, annotated-doc, typing-inspection, python-dateutil, pydantic-core, mypy, markdown-it-py, exceptiongroup, rich, pytest, pydantic, hypothesis, typer, pytest-asyncio, disastertrace

Successfully installed annotated-doc-0.0.5 annotated-types-0.8.0 ast-serialize-0.9.0 backports-asyncio-runner-1.2.0 disastertrace-0.1.0 exceptiongroup-1.3.1 hypothesis-6.167.1 ijson-3.5.1 iniconfig-2.3.0 librt-0.15.0 markdown-it-py-4.2.0 mdurl-0.1.2 mypy-2.3.1 mypy_extensions-1.1.0 orjson-3.12.0 packaging-26.3 pathspec-1.1.1 pip-26.2.1 pluggy-1.6.0 pydantic-2.13.5 pydantic-core-2.46.5 pygments-2.21.0 pytest-9.1.1 pytest-asyncio-1.4.0 python-dateutil-2.9.0.post0 pyyaml-6.0.3 rich-15.0.0 ruff-0.16.6 shellingham-1.5.4 six-1.17.0 sortedcontainers-2.4.0 tomli-2.4.1 typer-0.27.2 typing-extensions-4.16.0 typing-inspection-0.4.4
