score {
  "status": "reconstructed",
  "origin": "local_vlm_development",
  "planned": 12,
  "event_count": 1,
  "eligible_for_llm_leaderboard": false,
  "counts": {
    "received_valid": 12
  },
  "generation_intents": 12,
  "returned": 12,
  "output_tokens": 1477,
  "finish_reasons": {
    "eos": 12
  },
  "strict_correct": 0,
  "strict_denominator": 12,
  "interface_gate": true,
  "limitations": [
    "one development event",
    "controlled official-data renderings",
    "free greedy decoding",
    "distinct information sets; accuracy differences are not pure modality causal effects"
  ]
}

input_replay verified actual processor tensors, input IDs and output decoding: 12

relocated_review {"status": "passed", "files_verified": 153, "score_reproduced": true, "torch_imported": false, "transformers_imported": false, "network": "audit-hook denied", "original_paths": "audit-hook denied", "generations": 0, "limitation": "Python audit hooks are not an OS sandbox for hostile code"}

{
  "interpretation": "descriptive development comparison; not balanced independent causal evidence",
  "event_count": 1,
  "same_model_and_decode_settings": true,
  "old": {
    "valid": 0,
    "planned": 12,
    "strict_correct": 0,
    "report_sha256": "609603ebd31217a1031099f3bf135a70da8e5c1ad6ab23d2b084b7886a5f3725"
  },
  "v2": {
    "valid": 12,
    "planned": 12,
    "strict_correct": 0,
    "report_sha256": "62e1e9172f5b5471a96fbfb422a36a815a695cb3e95b9b36248cb9ae734867b1"
  }
}
