{
  "built_at": "2026-09-13T05:09:47.146397+00:00",
  "stage": "real_program_inputs_not_model_results",
  "contract_sha256": "460790db3452217241bb33df78f6b36a88e69d61aa61efa3f0d96adfc9d27820",
  "metar_rows": 2089,
  "decoded_metar_rows": 2089,
  "native_taf_bulletins_decoded": 632,
  "unparsed_native_taf_envelopes_preserved": 1,
  "taf_operators": {
    "BASE": 632,
    "FM": 2398,
    "TEMPO": 156,
    "PROB30": 4
  },
  "station_report_counts": {
    "KDEN": 696,
    "KCOS": 696,
    "KPUB": 697
  },
  "targets": 3918,
  "opportunities": 11664,
  "query_pool": 1944,
  "by_threshold": {
    "1000": {
      "opportunities": 5832,
      "settlement": {
        "settled_final_archived_report": 5829,
        "ambiguous_routine_slot_or_revision": 3
      },
      "positive_opportunities": 147,
      "unique_positive_targets": 49,
      "complete_native_taf_opportunities": 5829,
      "unparsed_latest_taf_fallback_opportunities": 3
    },
    "5000": {
      "opportunities": 5832,
      "settlement": {
        "settled_final_archived_report": 5829,
        "ambiguous_routine_slot_or_revision": 3
      },
      "positive_opportunities": 336,
      "unique_positive_targets": 112,
      "complete_native_taf_opportunities": 5829,
      "unparsed_latest_taf_fallback_opportunities": 3
    }
  },
  "query_statuses": {
    "disclosed_product_fact": 1938,
    "correction_chronology_unproven": 5,
    "conflicting_or_multiple_routine_reports": 1
  },
  "failures": [
    {
      "kind": "taf_decode",
      "source_id": "taf-202312121338-KBOU-FTUS45-TAFDEN-AAB",
      "failure": "Change group outside native validity"
    }
  ],
  "independent_event_count": null,
  "confirmation": false,
  "image_join_verified": false,
  "historical_first_seen_verified": false,
  "probability_baseline_calibrated": false,
  "source_registry_replaced": false,
  "implementation_sha256": {
    "/mnt/afs/260010168/extreme_weather_benchmark/development/disastertrace-next/plans/v7_execution_20260913/audit/local_calibration_precheck/build_regional.py": "6f314c5a1aa77e0bc66684b3459bdf1ae78623a1ac8c637a9ab40f3d5af93bd5",
    "/mnt/afs/260010168/extreme_weather_benchmark/development/disastertrace-next/disastertrace-starter/src/disastertrace/monitoring_v1/providers/aviation.py": "65e42052a88207f2d4892d9f5b1ffeac5a63a0e28273fe73955934f71e5fb232",
    "/mnt/afs/260010168/extreme_weather_benchmark/development/disastertrace-next/disastertrace-starter/src/disastertrace/monitoring_v1/providers/taf_timeline.py": "8236a2651ca3952309522111acfb05710eb65873353884bc1d2fdbc2ca00c586"
  }
}
