{
  "bay_transferred_original/common_only": {
    "opportunities": 5832,
    "settled": 5826,
    "missing": 6,
    "base_brier": 0.007792091037236351,
    "system_brier": 0.007792091037236351,
    "net_realized_gain": 0.0,
    "g_plus": 0.0,
    "g_minus": 0.0,
    "full_population_gain_bounds": [
      0.0,
      0.0
    ]
  },
  "bay_transferred_original/all_registered": {
    "opportunities": 5832,
    "settled": 5826,
    "missing": 6,
    "base_brier": 0.007792091037236351,
    "system_brier": 0.00799861234810904,
    "net_realized_gain": -0.00020652131087268825,
    "g_plus": 0.00015355978927498407,
    "g_minus": 0.0003600811001476723,
    "full_population_gain_bounds": [
      -0.00021246186975695775,
      -0.00020628152208409633
    ]
  },
  "front_local_matched_window/common_only": {
    "opportunities": 5832,
    "settled": 5826,
    "missing": 6,
    "base_brier": 0.007792091037236351,
    "system_brier": 0.007721543970144302,
    "net_realized_gain": 7.054706709204997e-05,
    "g_plus": 0.0008721653473832067,
    "g_minus": 0.0008016182802911569,
    "full_population_gain_bounds": [
      7.022052000043146e-05,
      7.934170810706892e-05
    ]
  },
  "front_local_matched_window/all_registered": {
    "opportunities": 5832,
    "settled": 5826,
    "missing": 6,
    "base_brier": 0.007792091037236351,
    "system_brier": 0.007852113331000917,
    "net_realized_gain": -6.002229376456524e-05,
    "g_plus": 0.001215599438846802,
    "g_minus": 0.0012756217326113672,
    "full_population_gain_bounds": [
      -7.675416972403047e-05,
      -5.9472947334742785e-05
    ]
  },
  "front_local_expanded_window/common_only": {
    "opportunities": 5832,
    "settled": 5826,
    "missing": 6,
    "base_brier": 0.007792091037236351,
    "system_brier": 0.007277638933850916,
    "net_realized_gain": 0.0005144521033854355,
    "g_plus": 0.0011421366485725708,
    "g_minus": 0.0006276845451871354,
    "full_population_gain_bounds": [
      0.000502292571381848,
      0.0005142873917876705
    ]
  },
  "front_local_expanded_window/all_registered": {
    "opportunities": 5832,
    "settled": 5826,
    "missing": 6,
    "base_brier": 0.007792091037236351,
    "system_brier": 0.0074867248830224374,
    "net_realized_gain": 0.0003053661542139135,
    "g_plus": 0.001459378674817574,
    "g_minus": 0.0011540125206036605,
    "full_population_gain_bounds": [
      0.0002759957761434375,
      0.0003057727308130963
    ]
  }
}
