25 / 624 200 True
50 / 624 200 True
75 / 624 200 True
100 / 624 200 True
125 / 624 200 True
150 / 624 200 True
175 / 624 200 True
200 / 624 200 True
225 / 624 200 True
250 / 624 200 True
275 / 624 200 True
300 / 624 200 True
325 / 624 200 True
350 / 624 200 True
375 / 624 200 True
396 / 624 None False
400 / 624 200 True
425 / 624 200 True
450 / 624 200 True
475 / 624 200 True
500 / 624 200 True
525 / 624 200 True
550 / 624 200 True
575 / 624 200 True
600 / 624 200 True
Traceback (most recent call last):
  File "/mnt/afs/260010168/extreme_weather_benchmark/development/disastertrace-next/plans/v7_execution_20260913/audit/local_calibration_precheck/full_sources.py", line 115, in <module>
    prepare() if args.stage == "prepare" else fetch()
  File "/mnt/afs/260010168/extreme_weather_benchmark/development/disastertrace-next/plans/v7_execution_20260913/audit/local_calibration_precheck/full_sources.py", line 94, in fetch
    raise ValueError("Incomplete native collection; no dataset assembly")
ValueError: Incomplete native collection; no dataset assembly
