`torch_dtype` is deprecated! Use `dtype` instead!
Loading checkpoint shards:   0%|          | 0/5 [00:00<?, ?it/s]Loading checkpoint shards:  20%|██        | 1/5 [00:09<00:37,  9.31s/it]Loading checkpoint shards:  40%|████      | 2/5 [00:18<00:27,  9.31s/it]Loading checkpoint shards:  60%|██████    | 3/5 [00:27<00:18,  9.33s/it]Loading checkpoint shards:  80%|████████  | 4/5 [00:35<00:08,  8.76s/it]Loading checkpoint shards: 100%|██████████| 5/5 [00:39<00:00,  6.74s/it]Loading checkpoint shards: 100%|██████████| 5/5 [00:39<00:00,  7.80s/it]
The following generation flags are not valid and may be ignored: ['temperature', 'top_p', 'top_k']. Set `TRANSFORMERS_VERBOSITY=info` for more details.
{"completed_trajectories": 1, "model_calls": 4, "run_id": "t022-stale-active_canonical"}
{"completed_trajectories": 2, "model_calls": 6, "run_id": "t022-stale-all_read"}
{"completed_trajectories": 3, "model_calls": 8, "run_id": "t022-stale-fixed_forecast"}
{"completed_trajectories": 4, "model_calls": 10, "run_id": "t022-stale-fixed_observation"}
{"completed_trajectories": 5, "model_calls": 14, "run_id": "t022-stale-active_raw"}
{"completed_trajectories": 6, "model_calls": 18, "run_id": "t022-clean-active_canonical"}
{"completed_trajectories": 7, "model_calls": 20, "run_id": "t022-clean-all_read"}
{"completed_trajectories": 8, "model_calls": 22, "run_id": "t022-clean-fixed_forecast"}
{"completed_trajectories": 9, "model_calls": 24, "run_id": "t022-clean-fixed_observation"}
{"completed_trajectories": 10, "model_calls": 28, "run_id": "t022-clean-active_raw"}
{"completed_trajectories": 11, "model_calls": 32, "run_id": "t039-stale-active_raw"}
{"completed_trajectories": 12, "model_calls": 36, "run_id": "t039-stale-active_canonical"}
{"completed_trajectories": 13, "model_calls": 38, "run_id": "t039-stale-all_read"}
{"completed_trajectories": 14, "model_calls": 40, "run_id": "t039-stale-fixed_forecast"}
{"completed_trajectories": 15, "model_calls": 42, "run_id": "t039-stale-fixed_observation"}
{"completed_trajectories": 16, "model_calls": 46, "run_id": "t039-clean-active_raw"}
{"completed_trajectories": 17, "model_calls": 50, "run_id": "t039-clean-active_canonical"}
{"completed_trajectories": 18, "model_calls": 52, "run_id": "t039-clean-all_read"}
{"completed_trajectories": 19, "model_calls": 54, "run_id": "t039-clean-fixed_forecast"}
{"completed_trajectories": 20, "model_calls": 56, "run_id": "t039-clean-fixed_observation"}
{"completed_trajectories": 21, "model_calls": 58, "run_id": "t058-stale-fixed_observation"}
{"completed_trajectories": 22, "model_calls": 62, "run_id": "t058-stale-active_raw"}
{"completed_trajectories": 23, "model_calls": 66, "run_id": "t058-stale-active_canonical"}
{"completed_trajectories": 24, "model_calls": 68, "run_id": "t058-stale-all_read"}
{"completed_trajectories": 25, "model_calls": 70, "run_id": "t058-stale-fixed_forecast"}
{"completed_trajectories": 26, "model_calls": 72, "run_id": "t058-clean-fixed_observation"}
{"completed_trajectories": 27, "model_calls": 76, "run_id": "t058-clean-active_raw"}
{"completed_trajectories": 28, "model_calls": 80, "run_id": "t058-clean-active_canonical"}
{"completed_trajectories": 29, "model_calls": 82, "run_id": "t058-clean-all_read"}
{"completed_trajectories": 30, "model_calls": 84, "run_id": "t058-clean-fixed_forecast"}
{"completed_trajectories": 31, "model_calls": 86, "run_id": "t080-stale-fixed_forecast"}
{"completed_trajectories": 32, "model_calls": 88, "run_id": "t080-stale-fixed_observation"}
{"completed_trajectories": 33, "model_calls": 92, "run_id": "t080-stale-active_raw"}
{"completed_trajectories": 34, "model_calls": 96, "run_id": "t080-stale-active_canonical"}
{"completed_trajectories": 35, "model_calls": 98, "run_id": "t080-stale-all_read"}
{"completed_trajectories": 36, "model_calls": 100, "run_id": "t080-clean-fixed_forecast"}
{"completed_trajectories": 37, "model_calls": 102, "run_id": "t080-clean-fixed_observation"}
{"completed_trajectories": 38, "model_calls": 106, "run_id": "t080-clean-active_raw"}
{"completed_trajectories": 39, "model_calls": 110, "run_id": "t080-clean-active_canonical"}
{"completed_trajectories": 40, "model_calls": 112, "run_id": "t080-clean-all_read"}
{"completed_trajectories": 41, "model_calls": 114, "run_id": "t084-stale-all_read"}
{"completed_trajectories": 42, "model_calls": 116, "run_id": "t084-stale-fixed_forecast"}
{"completed_trajectories": 43, "model_calls": 118, "run_id": "t084-stale-fixed_observation"}
{"completed_trajectories": 44, "model_calls": 122, "run_id": "t084-stale-active_raw"}
{"completed_trajectories": 45, "model_calls": 126, "run_id": "t084-stale-active_canonical"}
{"completed_trajectories": 46, "model_calls": 128, "run_id": "t084-clean-all_read"}
{"completed_trajectories": 47, "model_calls": 130, "run_id": "t084-clean-fixed_forecast"}
{"completed_trajectories": 48, "model_calls": 132, "run_id": "t084-clean-fixed_observation"}
{"completed_trajectories": 49, "model_calls": 136, "run_id": "t084-clean-active_raw"}
{"completed_trajectories": 50, "model_calls": 140, "run_id": "t084-clean-active_canonical"}
