{"objects_written": 1000, "paths": 12113}
{"objects_written": 2000, "paths": 12113}
{"objects_written": 3000, "paths": 12113}
{"objects_written": 4000, "paths": 12113}
{"objects_written": 5000, "paths": 12113}
{"objects_written": 6000, "paths": 12113}
{"archive_checked": "part-0000.zip", "objects_checked": 5376}
{"archive_checked": "part-0001.zip", "objects_checked": 6245}
{
  "status": "passed",
  "manifest_id": "01a00419e3ede01a2fe24a2e5ad15e75214abe9a2122aa180101943a77193c1c",
  "objects_verified": 6245,
  "evidence_paths": 12113,
  "written": 0,
  "verify_only": true,
  "model_calls": 0,
  "files": 12113,
  "source_bytes": 622597074,
  "unique_bytes": 577967670,
  "archive_bytes": 87065178,
  "parts": 2,
  "full_archive_content_reverified": true,
  "manifest_sha256": "5e245ee4b571f05425224311f7a289f1141ddd7ecdbac43fd2dba0c852a74e77"
}
