{"objects_written": 1000, "paths": 8330}
{"objects_written": 2000, "paths": 8330}
{"archive_checked": "part-0000.zip", "objects_checked": 2201}
{
  "status": "passed",
  "manifest_id": "d60b96cc4b966f9633fbf7966dbd1dbc62c9ccb4f777c36e05f85a9113ad7b71",
  "objects_verified": 2201,
  "evidence_paths": 8330,
  "written": 0,
  "verify_only": true,
  "model_calls": 0,
  "files": 8330,
  "source_bytes": 512333004,
  "unique_bytes": 138634739,
  "archive_bytes": 19664003,
  "parts": 1,
  "full_archive_content_reverified": true,
  "manifest_sha256": "5f16b13b8e499381094873e61ed1369ba3f2d2ec9ac8f55e77d5a76b922e5bad",
  "preserved_execution_manifests": [
    {
      "path": "plans/v7_followup_execution_20260913/FINAL_MANIFEST.json",
      "sha256": "5a48121340dde14b35f29d93e3ec8688133aadf2eaec704af459ed95bc60ced8",
      "verified_files": 1215
    },
    {
      "path": "plans/v7_adaptive_execution_20260913/FINAL_MANIFEST.json",
      "sha256": "a0ecbc26c96624acc84ef88202786dcfb0fc8790278277bc6093685908032ebf",
      "verified_files": 1607
    }
  ]
}
