Processing ./artifacts/bootstrap/wheels/mypy-2.3.1-cp310-cp310-manylinux2014_x86_64.manylinux_2_17_x86_64.manylinux_2_28_x86_64.whl
Processing ./artifacts/bootstrap/wheels/ruff-0.16.6-py3-none-manylinux_2_17_x86_64.manylinux2014_x86_64.whl
Obtaining file:///mnt/afs/260010168/extreme_weather_benchmark/disastertrace-starter
  Installing build dependencies: started
  Installing build dependencies: finished with status 'done'
  Checking if build backend supports build_editable: started
  Checking if build backend supports build_editable: finished with status 'done'
  Getting requirements to build editable: started
  Getting requirements to build editable: finished with status 'done'
  Installing backend dependencies: started
  Installing backend dependencies: finished with status 'done'
  Preparing editable metadata (pyproject.toml): started
  Preparing editable metadata (pyproject.toml): finished with status 'done'
Collecting typing_extensions>=4.6.0 (from mypy==2.3.1)
  Using cached typing_extensions-4.16.0-py3-none-any.whl.metadata (3.3 kB)
Collecting mypy_extensions>=1.0.0 (from mypy==2.3.1)
  Using cached mypy_extensions-1.1.0-py3-none-any.whl.metadata (1.1 kB)
Collecting pathspec>=1.0.0 (from mypy==2.3.1)
  Using cached pathspec-1.1.1-py3-none-any.whl.metadata (14 kB)
Collecting tomli>=1.1.0 (from mypy==2.3.1)
  Using cached tomli-2.4.1-py3-none-any.whl.metadata (10 kB)
Collecting librt>=0.13.0 (from mypy==2.3.1)
  Using cached librt-0.15.0-cp310-cp310-manylinux2014_x86_64.manylinux_2_17_x86_64.manylinux_2_28_x86_64.whl.metadata (1.3 kB)
Collecting ast-serialize<1.0.0,>=0.6.0 (from mypy==2.3.1)
  Using cached ast_serialize-0.9.0-cp39-abi3-manylinux_2_17_x86_64.manylinux2014_x86_64.whl.metadata (1.4 kB)
Collecting ijson>=3.3 (from disastertrace==0.1.0)
  Using cached ijson-3.5.1-cp310-cp310-manylinux2014_x86_64.manylinux_2_17_x86_64.manylinux_2_28_x86_64.whl.metadata (23 kB)
Collecting orjson>=3.10 (from disastertrace==0.1.0)
  Using cached orjson-3.12.0-cp310-cp310-manylinux_2_17_x86_64.manylinux2014_x86_64.whl.metadata (41 kB)
Collecting pydantic>=2.8 (from disastertrace==0.1.0)
  Using cached pydantic-2.13.5-py3-none-any.whl.metadata (110 kB)
Collecting python-dateutil>=2.9 (from disastertrace==0.1.0)
  Using cached python_dateutil-2.9.0.post0-py2.py3-none-any.whl.metadata (8.4 kB)
Collecting pyyaml>=6.0 (from disastertrace==0.1.0)
  Using cached pyyaml-6.0.3-cp310-cp310-manylinux2014_x86_64.manylinux_2_17_x86_64.manylinux_2_28_x86_64.whl.metadata (2.4 kB)
Collecting typer>=0.12 (from disastertrace==0.1.0)
  Using cached typer-0.27.2-py3-none-any.whl.metadata (16 kB)
Collecting hypothesis>=6.100 (from disastertrace==0.1.0)
  Using cached hypothesis-6.167.1-cp310-cp310-manylinux_2_17_x86_64.manylinux2014_x86_64.whl.metadata (5.7 kB)
Collecting pytest-asyncio>=0.23 (from disastertrace==0.1.0)
  Using cached pytest_asyncio-1.4.0-py3-none-any.whl.metadata (4.1 kB)
Collecting pytest>=8.0 (from disastertrace==0.1.0)
  Using cached pytest-9.1.1-py3-none-any.whl.metadata (7.6 kB)
Collecting exceptiongroup>=1.0.0 (from hypothesis>=6.100->disastertrace==0.1.0)
  Using cached exceptiongroup-1.3.1-py3-none-any.whl.metadata (6.7 kB)
Collecting sortedcontainers<3.0.0,>=2.1.0 (from hypothesis>=6.100->disastertrace==0.1.0)
  Using cached sortedcontainers-2.4.0-py2.py3-none-any.whl.metadata (10 kB)
Collecting annotated-types>=0.6.0 (from pydantic>=2.8->disastertrace==0.1.0)
  Using cached annotated_types-0.8.0-py3-none-any.whl.metadata (15 kB)
Collecting pydantic-core==2.46.5 (from pydantic>=2.8->disastertrace==0.1.0)
  Using cached pydantic_core-2.46.5-cp310-cp310-manylinux_2_17_x86_64.manylinux2014_x86_64.whl.metadata (6.6 kB)
Collecting typing-inspection>=0.4.2 (from pydantic>=2.8->disastertrace==0.1.0)
  Using cached typing_inspection-0.4.4-py3-none-any.whl.metadata (2.6 kB)
Collecting iniconfig>=1.0.1 (from pytest>=8.0->disastertrace==0.1.0)
  Using cached iniconfig-2.3.0-py3-none-any.whl.metadata (2.5 kB)
Collecting packaging>=22 (from pytest>=8.0->disastertrace==0.1.0)
  Using cached packaging-26.3-py3-none-any.whl.metadata (3.5 kB)
Collecting pluggy<2,>=1.5 (from pytest>=8.0->disastertrace==0.1.0)
  Using cached pluggy-1.6.0-py3-none-any.whl.metadata (4.8 kB)
Collecting pygments>=2.7.2 (from pytest>=8.0->disastertrace==0.1.0)
  Using cached pygments-2.21.0-py3-none-any.whl.metadata (2.5 kB)
Collecting backports-asyncio-runner<2,>=1.1 (from pytest-asyncio>=0.23->disastertrace==0.1.0)
  Using cached backports_asyncio_runner-1.2.0-py3-none-any.whl.metadata (7.5 kB)
Collecting six>=1.5 (from python-dateutil>=2.9->disastertrace==0.1.0)
  Using cached six-1.17.0-py2.py3-none-any.whl.metadata (1.7 kB)
Collecting shellingham>=1.3.0 (from typer>=0.12->disastertrace==0.1.0)
  Using cached shellingham-1.5.4-py2.py3-none-any.whl.metadata (3.5 kB)
Collecting rich>=13.8.0 (from typer>=0.12->disastertrace==0.1.0)
  Using cached rich-15.0.0-py3-none-any.whl.metadata (18 kB)
Collecting annotated-doc>=0.0.2 (from typer>=0.12->disastertrace==0.1.0)
  Using cached annotated_doc-0.0.5-py3-none-any.whl.metadata (6.5 kB)
Collecting markdown-it-py>=2.2.0 (from rich>=13.8.0->typer>=0.12->disastertrace==0.1.0)
  Using cached markdown_it_py-4.2.0-py3-none-any.whl.metadata (7.4 kB)
Collecting mdurl~=0.1 (from markdown-it-py>=2.2.0->rich>=13.8.0->typer>=0.12->disastertrace==0.1.0)
  Using cached mdurl-0.1.2-py3-none-any.whl.metadata (1.6 kB)
Downloading ast_serialize-0.9.0-cp39-abi3-manylinux_2_17_x86_64.manylinux2014_x86_64.whl (1.3 MB)
   ━━━━━━━━━━━━━━━━━━━━━━━━━━━━━━━━━━━━━━━━ 1.3/1.3 MB 22.7 kB/s eta 0:00:00
Using cached hypothesis-6.167.1-cp310-cp310-manylinux_2_17_x86_64.manylinux2014_x86_64.whl (1.2 MB)
Using cached ijson-3.5.1-cp310-cp310-manylinux2014_x86_64.manylinux_2_17_x86_64.manylinux_2_28_x86_64.whl (130 kB)
Downloading librt-0.15.0-cp310-cp310-manylinux2014_x86_64.manylinux_2_17_x86_64.manylinux_2_28_x86_64.whl (515 kB)
   ━━━━━━━━━━━━━━━━━━━━━━━━━━━━━━━━━━━━━━━━ 515.5/515.5 kB 18.4 kB/s eta 0:00:00
Downloading mypy_extensions-1.1.0-py3-none-any.whl (5.0 kB)
Downloading orjson-3.12.0-cp310-cp310-manylinux_2_17_x86_64.manylinux2014_x86_64.whl (131 kB)
   ━━━━━━━━━━━━━━━━━━━━━━━━━━━━━━━━━━━━━━━━ 131.5/131.5 kB 13.1 kB/s eta 0:00:00
Using cached pathspec-1.1.1-py3-none-any.whl (57 kB)
Downloading pydantic-2.13.5-py3-none-any.whl (472 kB)
   ━━━━━━━━━━━━━━━━━━━━━━━━━━━━━━━━━━━━━━━━ 472.6/472.6 kB 16.3 kB/s eta 0:00:00
Downloading pydantic_core-2.46.5-cp310-cp310-manylinux_2_17_x86_64.manylinux2014_x86_64.whl (2.1 MB)
   ━━━━━━━━━━━━━━━━━━━━━━━━━━━━━━━━━━━━━━━━ 2.1/2.1 MB 14.5 kB/s eta 0:00:00
Downloading pytest-9.1.1-py3-none-any.whl (386 kB)
   ━━━━━━━━━━━━━━━━━━━━━━━━━━━━━━━━━━━━━━━━ 386.5/386.5 kB 14.8 kB/s eta 0:00:00
Downloading pytest_asyncio-1.4.0-py3-none-any.whl (16 kB)
Downloading python_dateutil-2.9.0.post0-py2.py3-none-any.whl (229 kB)
                                            0.0/229.9 kB ? eta -:--:--
ERROR: Exception:
Traceback (most recent call last):
  File "/mnt/afs/260010168/extreme_weather_benchmark/disastertrace-starter/.venv/lib/python3.10/site-packages/pip/_vendor/urllib3/response.py", line 438, in _error_catcher
    yield
  File "/mnt/afs/260010168/extreme_weather_benchmark/disastertrace-starter/.venv/lib/python3.10/site-packages/pip/_vendor/urllib3/response.py", line 561, in read
    data = self._fp_read(amt) if not fp_closed else b""
  File "/mnt/afs/260010168/extreme_weather_benchmark/disastertrace-starter/.venv/lib/python3.10/site-packages/pip/_vendor/urllib3/response.py", line 527, in _fp_read
    return self._fp.read(amt) if amt is not None else self._fp.read()
  File "/mnt/afs/260010168/extreme_weather_benchmark/disastertrace-starter/.venv/lib/python3.10/site-packages/pip/_vendor/cachecontrol/filewrapper.py", line 98, in read
    data: bytes = self.__fp.read(amt)
  File "/usr/lib/python3.10/http/client.py", line 466, in read
    s = self.fp.read(amt)
  File "/usr/lib/python3.10/socket.py", line 705, in readinto
    return self._sock.recv_into(b)
  File "/usr/lib/python3.10/ssl.py", line 1303, in recv_into
    return self.read(nbytes, buffer)
  File "/usr/lib/python3.10/ssl.py", line 1159, in read
    return self._sslobj.read(len, buffer)
TimeoutError: The read operation timed out

During handling of the above exception, another exception occurred:

Traceback (most recent call last):
  File "/mnt/afs/260010168/extreme_weather_benchmark/disastertrace-starter/.venv/lib/python3.10/site-packages/pip/_internal/cli/base_command.py", line 180, in exc_logging_wrapper
    status = run_func(*args)
  File "/mnt/afs/260010168/extreme_weather_benchmark/disastertrace-starter/.venv/lib/python3.10/site-packages/pip/_internal/cli/req_command.py", line 245, in wrapper
    return func(self, options, args)
  File "/mnt/afs/260010168/extreme_weather_benchmark/disastertrace-starter/.venv/lib/python3.10/site-packages/pip/_internal/commands/install.py", line 377, in run
    requirement_set = resolver.resolve(
  File "/mnt/afs/260010168/extreme_weather_benchmark/disastertrace-starter/.venv/lib/python3.10/site-packages/pip/_internal/resolution/resolvelib/resolver.py", line 179, in resolve
    self.factory.preparer.prepare_linked_requirements_more(reqs)
  File "/mnt/afs/260010168/extreme_weather_benchmark/disastertrace-starter/.venv/lib/python3.10/site-packages/pip/_internal/operations/prepare.py", line 552, in prepare_linked_requirements_more
    self._complete_partial_requirements(
  File "/mnt/afs/260010168/extreme_weather_benchmark/disastertrace-starter/.venv/lib/python3.10/site-packages/pip/_internal/operations/prepare.py", line 467, in _complete_partial_requirements
    for link, (filepath, _) in batch_download:
  File "/mnt/afs/260010168/extreme_weather_benchmark/disastertrace-starter/.venv/lib/python3.10/site-packages/pip/_internal/network/download.py", line 183, in __call__
    for chunk in chunks:
  File "/mnt/afs/260010168/extreme_weather_benchmark/disastertrace-starter/.venv/lib/python3.10/site-packages/pip/_internal/cli/progress_bars.py", line 53, in _rich_progress_bar
    for chunk in iterable:
  File "/mnt/afs/260010168/extreme_weather_benchmark/disastertrace-starter/.venv/lib/python3.10/site-packages/pip/_internal/network/utils.py", line 63, in response_chunks
    for chunk in response.raw.stream(
  File "/mnt/afs/260010168/extreme_weather_benchmark/disastertrace-starter/.venv/lib/python3.10/site-packages/pip/_vendor/urllib3/response.py", line 622, in stream
    data = self.read(amt=amt, decode_content=decode_content)
  File "/mnt/afs/260010168/extreme_weather_benchmark/disastertrace-starter/.venv/lib/python3.10/site-packages/pip/_vendor/urllib3/response.py", line 560, in read
    with self._error_catcher():
  File "/usr/lib/python3.10/contextlib.py", line 153, in __exit__
    self.gen.throw(typ, value, traceback)
  File "/mnt/afs/260010168/extreme_weather_benchmark/disastertrace-starter/.venv/lib/python3.10/site-packages/pip/_vendor/urllib3/response.py", line 443, in _error_catcher
    raise ReadTimeoutError(self._pool, None, "Read timed out.")
pip._vendor.urllib3.exceptions.ReadTimeoutError: HTTPSConnectionPool(host='files.pythonhosted.org', port=443): Read timed out.
