Looking in links: /mnt/afs/260010168/extreme_weather_benchmark/disastertrace-starter/artifacts/bootstrap/wheels
Obtaining file:///mnt/afs/260010168/extreme_weather_benchmark/disastertrace-starter
  Installing build dependencies: started
  Installing build dependencies: finished with status 'done'
  Checking if build backend supports build_editable: started
  Checking if build backend supports build_editable: finished with status 'done'
  Getting requirements to build editable: started
  Getting requirements to build editable: finished with status 'done'
  Installing backend dependencies: started
  Installing backend dependencies: finished with status 'done'
  Preparing editable metadata (pyproject.toml): started
  Preparing editable metadata (pyproject.toml): finished with status 'done'
Processing ./artifacts/bootstrap/wheels/ijson-3.5.1-cp310-cp310-manylinux2014_x86_64.manylinux_2_17_x86_64.manylinux_2_28_x86_64.whl (from disastertrace==0.1.0)
Processing ./artifacts/bootstrap/wheels/orjson-3.12.0-cp310-cp310-manylinux_2_17_x86_64.manylinux2014_x86_64.whl (from disastertrace==0.1.0)
Processing ./artifacts/bootstrap/wheels/pydantic-2.13.5-py3-none-any.whl (from disastertrace==0.1.0)
Processing ./artifacts/bootstrap/wheels/python_dateutil-2.9.0.post0-py2.py3-none-any.whl (from disastertrace==0.1.0)
Processing ./artifacts/bootstrap/wheels/pyyaml-6.0.3-cp310-cp310-manylinux2014_x86_64.manylinux_2_17_x86_64.manylinux_2_28_x86_64.whl (from disastertrace==0.1.0)
Processing ./artifacts/bootstrap/wheels/typer-0.27.2-py3-none-any.whl (from disastertrace==0.1.0)
Processing ./artifacts/bootstrap/wheels/hypothesis-6.167.1-cp310-cp310-manylinux_2_17_x86_64.manylinux2014_x86_64.whl (from disastertrace==0.1.0)
Processing ./artifacts/bootstrap/wheels/mypy-2.3.1-cp310-cp310-manylinux2014_x86_64.manylinux_2_17_x86_64.manylinux_2_28_x86_64.whl (from disastertrace==0.1.0)
Processing ./artifacts/bootstrap/wheels/pytest_asyncio-1.4.0-py3-none-any.whl (from disastertrace==0.1.0)
Processing ./artifacts/bootstrap/wheels/pytest-9.1.1-py3-none-any.whl (from disastertrace==0.1.0)
Processing ./artifacts/bootstrap/wheels/ruff-0.16.6-py3-none-manylinux_2_17_x86_64.manylinux2014_x86_64.whl (from disastertrace==0.1.0)
Processing ./artifacts/bootstrap/wheels/exceptiongroup-1.3.1-py3-none-any.whl (from hypothesis>=6.100->disastertrace==0.1.0)
Processing ./artifacts/bootstrap/wheels/sortedcontainers-2.4.0-py2.py3-none-any.whl (from hypothesis>=6.100->disastertrace==0.1.0)
Processing ./artifacts/bootstrap/wheels/typing_extensions-4.16.0-py3-none-any.whl (from mypy>=1.10->disastertrace==0.1.0)
Processing ./artifacts/bootstrap/wheels/mypy_extensions-1.1.0-py3-none-any.whl (from mypy>=1.10->disastertrace==0.1.0)
Processing ./artifacts/bootstrap/wheels/pathspec-1.1.1-py3-none-any.whl (from mypy>=1.10->disastertrace==0.1.0)
Processing ./artifacts/bootstrap/wheels/tomli-2.4.1-py3-none-any.whl (from mypy>=1.10->disastertrace==0.1.0)
Processing ./artifacts/bootstrap/wheels/librt-0.15.0-cp310-cp310-manylinux2014_x86_64.manylinux_2_17_x86_64.manylinux_2_28_x86_64.whl (from mypy>=1.10->disastertrace==0.1.0)
Processing ./artifacts/bootstrap/wheels/ast_serialize-0.9.0-cp39-abi3-manylinux_2_17_x86_64.manylinux2014_x86_64.whl (from mypy>=1.10->disastertrace==0.1.0)
Processing ./artifacts/bootstrap/wheels/annotated_types-0.8.0-py3-none-any.whl (from pydantic>=2.8->disastertrace==0.1.0)
Processing ./artifacts/bootstrap/wheels/pydantic_core-2.46.5-cp310-cp310-manylinux_2_17_x86_64.manylinux2014_x86_64.whl (from pydantic>=2.8->disastertrace==0.1.0)
Processing ./artifacts/bootstrap/wheels/typing_inspection-0.4.4-py3-none-any.whl (from pydantic>=2.8->disastertrace==0.1.0)
Processing ./artifacts/bootstrap/wheels/iniconfig-2.3.0-py3-none-any.whl (from pytest>=8.0->disastertrace==0.1.0)
Processing ./artifacts/bootstrap/wheels/packaging-26.3-py3-none-any.whl (from pytest>=8.0->disastertrace==0.1.0)
Processing ./artifacts/bootstrap/wheels/pluggy-1.6.0-py3-none-any.whl (from pytest>=8.0->disastertrace==0.1.0)
Processing ./artifacts/bootstrap/wheels/pygments-2.21.0-py3-none-any.whl (from pytest>=8.0->disastertrace==0.1.0)
Processing ./artifacts/bootstrap/wheels/backports_asyncio_runner-1.2.0-py3-none-any.whl (from pytest-asyncio>=0.23->disastertrace==0.1.0)
Processing ./artifacts/bootstrap/wheels/six-1.17.0-py2.py3-none-any.whl (from python-dateutil>=2.9->disastertrace==0.1.0)
Processing ./artifacts/bootstrap/wheels/shellingham-1.5.4-py2.py3-none-any.whl (from typer>=0.12->disastertrace==0.1.0)
Processing ./artifacts/bootstrap/wheels/rich-15.0.0-py3-none-any.whl (from typer>=0.12->disastertrace==0.1.0)
Processing ./artifacts/bootstrap/wheels/annotated_doc-0.0.5-py3-none-any.whl (from typer>=0.12->disastertrace==0.1.0)
Processing ./artifacts/bootstrap/wheels/markdown_it_py-4.2.0-py3-none-any.whl (from rich>=13.8.0->typer>=0.12->disastertrace==0.1.0)
Processing ./artifacts/bootstrap/wheels/mdurl-0.1.2-py3-none-any.whl (from markdown-it-py>=2.2.0->rich>=13.8.0->typer>=0.12->disastertrace==0.1.0)
Checking if build backend supports build_editable: started
Checking if build backend supports build_editable: finished with status 'done'
Building wheels for collected packages: disastertrace
  Building editable for disastertrace (pyproject.toml): started
  Building editable for disastertrace (pyproject.toml): finished with status 'done'
  Created wheel for disastertrace: filename=disastertrace-0.1.0-py3-none-any.whl size=3221 sha256=047a8089f681d8cffb946453b97523ebec54b27938f347f5b807be99824cf9a4
  Stored in directory: /tmp/pip-ephem-wheel-cache-mt_rg3yu/wheels/08/b9/d8/c119627b51b1ce96e6d362da2b7d3d6cbdc080b12d7ab9184d
Successfully built disastertrace
Installing collected packages: sortedcontainers, typing_extensions, tomli, six, shellingham, ruff, pyyaml, pygments, pluggy, pathspec, packaging, orjson, mypy_extensions, mdurl, librt, iniconfig, ijson, backports-asyncio-runner, ast-serialize, annotated-types, annotated-doc, typing-inspection, python-dateutil, pydantic-core, mypy, markdown-it-py, exceptiongroup, rich, pytest, pydantic, hypothesis, typer, pytest-asyncio, disastertrace
Successfully installed annotated-doc-0.0.5 annotated-types-0.8.0 ast-serialize-0.9.0 backports-asyncio-runner-1.2.0 disastertrace-0.1.0 exceptiongroup-1.3.1 hypothesis-6.167.1 ijson-3.5.1 iniconfig-2.3.0 librt-0.15.0 markdown-it-py-4.2.0 mdurl-0.1.2 mypy-2.3.1 mypy_extensions-1.1.0 orjson-3.12.0 packaging-26.3 pathspec-1.1.1 pluggy-1.6.0 pydantic-2.13.5 pydantic-core-2.46.5 pygments-2.21.0 pytest-9.1.1 pytest-asyncio-1.4.0 python-dateutil-2.9.0.post0 pyyaml-6.0.3 rich-15.0.0 ruff-0.16.6 shellingham-1.5.4 six-1.17.0 sortedcontainers-2.4.0 tomli-2.4.1 typer-0.27.2 typing-inspection-0.4.4 typing_extensions-4.16.0
