Looking in links: /mnt/afs/260010168/extreme_weather_benchmark/disastertrace-starter/artifacts/bootstrap/wheels
Obtaining file:///mnt/afs/260010168/extreme_weather_benchmark/disastertrace-starter
  Installing build dependencies: started
  Installing build dependencies: finished with status 'error'
  error: subprocess-exited-with-error
  
  × pip subprocess to install build dependencies did not run successfully.
  │ exit code: 1
  ╰─> [9 lines of output]
      Looking in links: /mnt/afs/260010168/extreme_weather_benchmark/disastertrace-starter/artifacts/bootstrap/wheels
      Processing ./artifacts/bootstrap/wheels/hatchling-1.32.0-py3-none-any.whl
      Processing ./artifacts/bootstrap/wheels/packaging-26.3-py3-none-any.whl (from hatchling>=1.25)
      Processing ./artifacts/bootstrap/wheels/pathspec-1.1.1-py3-none-any.whl (from hatchling>=1.25)
      Processing ./artifacts/bootstrap/wheels/pluggy-1.6.0-py3-none-any.whl (from hatchling>=1.25)
      Processing ./artifacts/bootstrap/wheels/tomli-2.4.1-py3-none-any.whl (from hatchling>=1.25)
      INFO: pip is looking at multiple versions of hatchling to determine which version is compatible with other requirements. This could take a while.
      ERROR: Could not find a version that satisfies the requirement tomlkit>=0.11.1 (from hatchling) (from versions: none)
      ERROR: No matching distribution found for tomlkit>=0.11.1
      [end of output]
  
  note: This error originates from a subprocess, and is likely not a problem with pip.
error: subprocess-exited-with-error

× pip subprocess to install build dependencies did not run successfully.
│ exit code: 1
╰─> See above for output.

note: This error originates from a subprocess, and is likely not a problem with pip.
