Looking in links: artifacts/bootstrap/wheels
Obtaining file:///mnt/afs/260010168/extreme_weather_benchmark/disastertrace-starter
  Installing build dependencies: started
  Installing build dependencies: finished with status 'done'
  Checking if build backend supports build_editable: started
  Checking if build backend supports build_editable: finished with status 'done'
  Getting requirements to build editable: started
  Getting requirements to build editable: finished with status 'done'
  Installing backend dependencies: started
  Installing backend dependencies: finished with status 'done'
  Preparing editable metadata (pyproject.toml): started
  Preparing editable metadata (pyproject.toml): finished with status 'done'
Collecting ijson>=3.3 (from disastertrace==0.1.0)
  Using cached ijson-3.5.1-cp310-cp310-manylinux2014_x86_64.manylinux_2_17_x86_64.manylinux_2_28_x86_64.whl.metadata (23 kB)
Collecting orjson>=3.10 (from disastertrace==0.1.0)
  Using cached orjson-3.12.0-cp310-cp310-manylinux_2_17_x86_64.manylinux2014_x86_64.whl.metadata (41 kB)
Collecting pydantic>=2.8 (from disastertrace==0.1.0)
  Using cached pydantic-2.13.5-py3-none-any.whl.metadata (110 kB)
Collecting python-dateutil>=2.9 (from disastertrace==0.1.0)
  Using cached python_dateutil-2.9.0.post0-py2.py3-none-any.whl.metadata (8.4 kB)
Collecting pyyaml>=6.0 (from disastertrace==0.1.0)
  Using cached pyyaml-6.0.3-cp310-cp310-manylinux2014_x86_64.manylinux_2_17_x86_64.manylinux_2_28_x86_64.whl.metadata (2.4 kB)
Collecting typer>=0.12 (from disastertrace==0.1.0)
  Using cached typer-0.27.2-py3-none-any.whl.metadata (16 kB)
Collecting hypothesis>=6.100 (from disastertrace==0.1.0)
  Using cached hypothesis-6.167.1-cp310-cp310-manylinux_2_17_x86_64.manylinux2014_x86_64.whl.metadata (5.7 kB)
Collecting mypy>=1.10 (from disastertrace==0.1.0)
  Using cached mypy-2.3.1-cp310-cp310-manylinux2014_x86_64.manylinux_2_17_x86_64.manylinux_2_28_x86_64.whl.metadata (2.4 kB)
Collecting pytest-asyncio>=0.23 (from disastertrace==0.1.0)
  Using cached pytest_asyncio-1.4.0-py3-none-any.whl.metadata (4.1 kB)
Collecting pytest>=8.0 (from disastertrace==0.1.0)
  Using cached pytest-9.1.1-py3-none-any.whl.metadata (7.6 kB)
Collecting ruff>=0.6 (from disastertrace==0.1.0)
  Using cached ruff-0.16.6-py3-none-manylinux_2_17_x86_64.manylinux2014_x86_64.whl.metadata (26 kB)
Collecting exceptiongroup>=1.0.0 (from hypothesis>=6.100->disastertrace==0.1.0)
  Using cached exceptiongroup-1.3.1-py3-none-any.whl.metadata (6.7 kB)
Collecting sortedcontainers<3.0.0,>=2.1.0 (from hypothesis>=6.100->disastertrace==0.1.0)
  Using cached sortedcontainers-2.4.0-py2.py3-none-any.whl.metadata (10 kB)
Collecting typing_extensions>=4.6.0 (from mypy>=1.10->disastertrace==0.1.0)
  Using cached typing_extensions-4.16.0-py3-none-any.whl.metadata (3.3 kB)
Collecting mypy_extensions>=1.0.0 (from mypy>=1.10->disastertrace==0.1.0)
  Using cached mypy_extensions-1.1.0-py3-none-any.whl.metadata (1.1 kB)
Collecting pathspec>=1.0.0 (from mypy>=1.10->disastertrace==0.1.0)
  Using cached pathspec-1.1.1-py3-none-any.whl.metadata (14 kB)
Collecting tomli>=1.1.0 (from mypy>=1.10->disastertrace==0.1.0)
  Using cached tomli-2.4.1-py3-none-any.whl.metadata (10 kB)
Collecting librt>=0.13.0 (from mypy>=1.10->disastertrace==0.1.0)
  Using cached librt-0.15.0-cp310-cp310-manylinux2014_x86_64.manylinux_2_17_x86_64.manylinux_2_28_x86_64.whl.metadata (1.3 kB)
Collecting ast-serialize<1.0.0,>=0.6.0 (from mypy>=1.10->disastertrace==0.1.0)
  Using cached ast_serialize-0.9.0-cp39-abi3-manylinux_2_17_x86_64.manylinux2014_x86_64.whl.metadata (1.4 kB)
Collecting annotated-types>=0.6.0 (from pydantic>=2.8->disastertrace==0.1.0)
  Using cached annotated_types-0.8.0-py3-none-any.whl.metadata (15 kB)
Collecting pydantic-core==2.46.5 (from pydantic>=2.8->disastertrace==0.1.0)
  Using cached pydantic_core-2.46.5-cp310-cp310-manylinux_2_17_x86_64.manylinux2014_x86_64.whl.metadata (6.6 kB)
Collecting typing-inspection>=0.4.2 (from pydantic>=2.8->disastertrace==0.1.0)
  Using cached typing_inspection-0.4.4-py3-none-any.whl.metadata (2.6 kB)
Collecting iniconfig>=1.0.1 (from pytest>=8.0->disastertrace==0.1.0)
  Using cached iniconfig-2.3.0-py3-none-any.whl.metadata (2.5 kB)
Collecting packaging>=22 (from pytest>=8.0->disastertrace==0.1.0)
  Using cached packaging-26.3-py3-none-any.whl.metadata (3.5 kB)
Collecting pluggy<2,>=1.5 (from pytest>=8.0->disastertrace==0.1.0)
  Using cached pluggy-1.6.0-py3-none-any.whl.metadata (4.8 kB)
Collecting pygments>=2.7.2 (from pytest>=8.0->disastertrace==0.1.0)
  Using cached pygments-2.21.0-py3-none-any.whl.metadata (2.5 kB)
Collecting backports-asyncio-runner<2,>=1.1 (from pytest-asyncio>=0.23->disastertrace==0.1.0)
  Using cached backports_asyncio_runner-1.2.0-py3-none-any.whl.metadata (7.5 kB)
Collecting six>=1.5 (from python-dateutil>=2.9->disastertrace==0.1.0)
  Using cached six-1.17.0-py2.py3-none-any.whl.metadata (1.7 kB)
Collecting shellingham>=1.3.0 (from typer>=0.12->disastertrace==0.1.0)
  Using cached shellingham-1.5.4-py2.py3-none-any.whl.metadata (3.5 kB)
Collecting rich>=13.8.0 (from typer>=0.12->disastertrace==0.1.0)
  Using cached rich-15.0.0-py3-none-any.whl.metadata (18 kB)
Collecting annotated-doc>=0.0.2 (from typer>=0.12->disastertrace==0.1.0)
  Using cached annotated_doc-0.0.5-py3-none-any.whl.metadata (6.5 kB)
Collecting markdown-it-py>=2.2.0 (from rich>=13.8.0->typer>=0.12->disastertrace==0.1.0)
  Using cached markdown_it_py-4.2.0-py3-none-any.whl.metadata (7.4 kB)
Collecting mdurl~=0.1 (from markdown-it-py>=2.2.0->rich>=13.8.0->typer>=0.12->disastertrace==0.1.0)
  Using cached mdurl-0.1.2-py3-none-any.whl.metadata (1.6 kB)
Using cached hypothesis-6.167.1-cp310-cp310-manylinux_2_17_x86_64.manylinux2014_x86_64.whl (1.2 MB)
Using cached ijson-3.5.1-cp310-cp310-manylinux2014_x86_64.manylinux_2_17_x86_64.manylinux_2_28_x86_64.whl (130 kB)
Downloading mypy-2.3.1-cp310-cp310-manylinux2014_x86_64.manylinux_2_17_x86_64.manylinux_2_28_x86_64.whl (15.2 MB)
