verified range responses: 1/49
verified range responses: 2/49
verified range responses: 3/49
verified range responses: 4/49
verified range responses: 5/49
verified range responses: 6/49
verified range responses: 7/49
verified range responses: 8/49
verified range responses: 9/49
verified range responses: 10/49
verified range responses: 11/49
verified range responses: 12/49
verified range responses: 13/49
verified range responses: 14/49
verified range responses: 15/49
verified range responses: 16/49
verified range responses: 17/49
verified range responses: 18/49
verified range responses: 19/49
verified range responses: 20/49
verified range responses: 21/49
verified range responses: 22/49
verified range responses: 23/49
verified range responses: 24/49
verified range responses: 25/49
verified range responses: 26/49
verified range responses: 27/49
verified range responses: 28/49
verified range responses: 29/49
verified range responses: 30/49
verified range responses: 31/49
verified range responses: 32/49
verified range responses: 33/49
verified range responses: 34/49
verified range responses: 35/49
verified range responses: 36/49
verified range responses: 37/49
verified range responses: 38/49
verified range responses: 39/49
verified range responses: 40/49
verified range responses: 41/49
verified range responses: 42/49
verified range responses: 43/49
verified range responses: 44/49
verified range responses: 45/49
verified range responses: 46/49
verified range responses: 47/49
verified range responses: 48/49
verified range responses: 49/49
{
  "finished_at": "2026-09-06T06:11:28.544460+00:00",
  "elapsed_seconds": 124.67,
  "parallel_workers": 8,
  "range_requests": 49,
  "verified_wheels": [
    {
      "filename": "mypy-2.3.1-cp310-cp310-manylinux2014_x86_64.manylinux_2_17_x86_64.manylinux_2_28_x86_64.whl",
      "bytes": 15193309,
      "sha256": "2166b29228835e1f88ff411e96639e6ca3c7fdde84b62ec211f70f86b4051167",
      "verified_against": "official PyPI JSON metadata"
    },
    {
      "filename": "ruff-0.16.6-py3-none-manylinux_2_17_x86_64.manylinux2014_x86_64.whl",
      "bytes": 10317748,
      "sha256": "d72c591a96986ee4268860e2b7235082129ca5e4cb9cbba653a4b57c11893757",
      "verified_against": "official PyPI JSON metadata"
    }
  ]
}
