Official metadata verified: 36 wheels; cached: 19; ranges: 24
range completed 1/24
range completed 2/24
range completed 3/24
range completed 4/24
range completed 5/24
range completed 6/24
range completed 7/24
range completed 8/24
range completed 9/24
range completed 10/24
range completed 11/24
range completed 12/24
range completed 13/24
range completed 14/24
range completed 15/24
range completed 16/24
range completed 17/24
range completed 18/24
range completed 19/24
range completed 20/24
range completed 21/24
range completed 22/24
range completed 23/24
range completed 24/24
{
  "verified_wheels": 36,
  "cached_wheels": 19,
  "range_requests": 24,
  "elapsed_seconds": 46.16
}
