{
  "bay_transferred_original/common_only": {
    "opportunities": 5832,
    "settled": 5796,
    "missing": 36,
    "base_brier": 0.0071931266261248995,
    "system_brier": 0.0071931266261248995,
    "net_realized_gain": 0.0,
    "g_plus": 0.0,
    "g_minus": 0.0,
    "full_population_gain_bounds": [
      0.0,
      0.0
    ]
  },
  "bay_transferred_original/all_registered": {
    "opportunities": 5832,
    "settled": 5796,
    "missing": 36,
    "base_brier": 0.0071931266261248995,
    "system_brier": 0.007194420981784175,
    "net_realized_gain": -1.2943556592746052e-06,
    "g_plus": 7.180443041036958e-07,
    "g_minus": 2.012399963378301e-06,
    "full_population_gain_bounds": [
      -1.3008379654577481e-06,
      3.891223035730429e-07
    ]
  },
  "front_local_matched_window/common_only": {
    "opportunities": 5832,
    "settled": 5796,
    "missing": 36,
    "base_brier": 0.0071931266261248995,
    "system_brier": 0.008309007108260295,
    "net_realized_gain": -0.0011158804821353946,
    "g_plus": 0.0010780148440419732,
    "g_minus": 0.0021938953261773676,
    "full_population_gain_bounds": [
      -0.0011140977319296637,
      -0.0008519657966865824
    ]
  },
  "front_local_matched_window/all_registered": {
    "opportunities": 5832,
    "settled": 5796,
    "missing": 36,
    "base_brier": 0.0071931266261248995,
    "system_brier": 0.008277667716275371,
    "net_realized_gain": -0.0010845410901504711,
    "g_plus": 0.001076621165965853,
    "g_minus": 0.002161162256116324,
    "full_population_gain_bounds": [
      -0.0010819608552219179,
      -0.0008575938995405698
    ]
  },
  "front_local_expanded_window/common_only": {
    "opportunities": 5832,
    "settled": 5796,
    "missing": 36,
    "base_brier": 0.0071931266261248995,
    "system_brier": 0.007460879243275367,
    "net_realized_gain": -0.00026775261715046746,
    "g_plus": 0.0007304965974507263,
    "g_minus": 0.000998249214601194,
    "full_population_gain_bounds": [
      -0.00026800017500398077,
      -0.0001336073277723364
    ]
  },
  "front_local_expanded_window/all_registered": {
    "opportunities": 5832,
    "settled": 5796,
    "missing": 36,
    "base_brier": 0.0071931266261248995,
    "system_brier": 0.007504207251199588,
    "net_realized_gain": -0.00031108062507468855,
    "g_plus": 0.0007115684702445257,
    "g_minus": 0.0010226490953192142,
    "full_population_gain_bounds": [
      -0.0003105563880757326,
      -0.00020528796147732906
    ]
  }
}
