{
  "schema_version": "dynamic_score_v1",
  "schedule_origin": "controlled_release",
  "gold_origins": [
    "generated_by_spec"
  ],
  "source_origins": [
    "official_record"
  ],
  "independent_event_groups": 7,
  "model_kinds": [
    "diagnostic_program"
  ],
  "eligible_for_llm_leaderboard": false,
  "metrics": {
    "schema_success": {
      "numerator": 70,
      "denominator": 70,
      "value": 1.0
    },
    "state_accuracy": {
      "numerator": 126,
      "denominator": 350,
      "value": 0.36
    },
    "grounded_state": {
      "numerator": 126,
      "denominator": 350,
      "value": 0.36
    },
    "action_accuracy": {
      "numerator": 14,
      "denominator": 70,
      "value": 0.2
    },
    "unknown_accuracy": {
      "numerator": 126,
      "denominator": 126,
      "value": 1.0
    },
    "known_answer_coverage": {
      "numerator": 0,
      "denominator": 224,
      "value": 0.0
    },
    "required_change_success": {
      "numerator": 0,
      "denominator": 224,
      "value": 0.0
    },
    "preservation": {
      "numerator": 56,
      "denominator": 56,
      "value": 1.0
    }
  },
  "status_counts": {
    "ok": 70
  },
  "build_id": "204681b7be7600a23ad57a7517e2ce5847d2bb5746d978d7b4a144775752f484",
  "run": {
    "schema_version": "automated_run_v1",
    "build_id": "204681b7be7600a23ad57a7517e2ce5847d2bb5746d978d7b4a144775752f484",
    "track": "dynamic",
    "backend": "no-update",
    "split": "heldout",
    "max_queries": 70,
    "model_kind": "diagnostic_program",
    "eligible_for_llm_leaderboard": false,
    "live_model_calls": 0,
    "implementation_id": "b04cfb1e567113d609c114ccca0207c6a55947d05306a0a34bb9949d826548d7",
    "python_version": "3.10.12",
    "prediction_file_sha256": null,
    "selected_episode_ids": [
      "al112017:controlled:base",
      "al112017:controlled:delay",
      "al152017:controlled:base",
      "al152017:controlled:delay",
      "al142018:controlled:base",
      "al142018:controlled:delay",
      "al132020:controlled:base",
      "al132020:controlled:delay",
      "al092022:controlled:base",
      "al092022:controlled:delay",
      "al102023:controlled:base",
      "al102023:controlled:delay",
      "al022024:controlled:base",
      "al022024:controlled:delay"
    ],
    "checkpoint_attempts": 70,
    "logical_queries": 70,
    "stop_reason": "completed",
    "trace_sha256": "5fe3324fc20e148a693a726cfcc28bb4ef33f470869a077959e1af909f45e2fd"
  }
}
