{
  "schema_version": "model_preparation_v1",
  "build_id": "204681b7be7600a23ad57a7517e2ce5847d2bb5746d978d7b4a144775752f484",
  "implementation_id": "b04cfb1e567113d609c114ccca0207c6a55947d05306a0a34bb9949d826548d7",
  "split": "development",
  "selected_episode_ids": [
    "al092021:controlled:base",
    "al092021:controlled:delay",
    "al062018:controlled:base",
    "al062018:controlled:delay",
    "al052019:controlled:base",
    "al052019:controlled:delay"
  ],
  "expected_checkpoints": 30,
  "max_queries": 10,
  "model_calls": 0,
  "model_configuration_complete": false,
  "credential_configured": null,
  "endpoint_connectivity_tested": false,
  "monetary_cap_enforced": false,
  "aggregate_token_cap_enforced": false,
  "remaining_requests": "constructed_sequentially_from_actual_accepted_responses",
  "eligible_for_llm_leaderboard": false
}
