{
  "schema_version": "dynamic_score_v1",
  "schedule_origin": "controlled_release",
  "gold_origins": [
    "generated_by_spec"
  ],
  "source_origins": [
    "official_record"
  ],
  "independent_event_groups": 3,
  "model_kinds": [
    "diagnostic_program"
  ],
  "eligible_for_llm_leaderboard": false,
  "metrics": {
    "schema_success": {
      "numerator": 30,
      "denominator": 30,
      "value": 1.0
    },
    "state_accuracy": {
      "numerator": 132,
      "denominator": 150,
      "value": 0.88
    },
    "grounded_state": {
      "numerator": 126,
      "denominator": 150,
      "value": 0.84
    },
    "action_accuracy": {
      "numerator": 28,
      "denominator": 30,
      "value": 0.9333333333333333
    },
    "unknown_accuracy": {
      "numerator": 54,
      "denominator": 54,
      "value": 1.0
    },
    "known_answer_coverage": {
      "numerator": 96,
      "denominator": 96,
      "value": 1.0
    },
    "required_change_success": {
      "numerator": 57,
      "denominator": 66,
      "value": 0.8636363636363636
    },
    "preservation": {
      "numerator": 45,
      "denominator": 54,
      "value": 0.8333333333333334
    }
  },
  "status_counts": {
    "ok": 30
  },
  "build_id": "204681b7be7600a23ad57a7517e2ce5847d2bb5746d978d7b4a144775752f484",
  "run": {
    "schema_version": "automated_run_v1",
    "build_id": "204681b7be7600a23ad57a7517e2ce5847d2bb5746d978d7b4a144775752f484",
    "track": "dynamic",
    "backend": "last-arrival",
    "split": "development",
    "max_queries": 30,
    "model_kind": "diagnostic_program",
    "eligible_for_llm_leaderboard": false,
    "live_model_calls": 0,
    "implementation_id": "b04cfb1e567113d609c114ccca0207c6a55947d05306a0a34bb9949d826548d7",
    "python_version": "3.10.12",
    "prediction_file_sha256": null,
    "selected_episode_ids": [
      "al092021:controlled:base",
      "al092021:controlled:delay",
      "al062018:controlled:base",
      "al062018:controlled:delay",
      "al052019:controlled:base",
      "al052019:controlled:delay"
    ],
    "checkpoint_attempts": 30,
    "logical_queries": 30,
    "stop_reason": "completed",
    "trace_sha256": "8c440902bd9dbaecc067a31a146090b12d371a728cf563c06d828428ca035f41"
  }
}
