{
  "schema_version": "automated_run_v1",
  "build_id": "204681b7be7600a23ad57a7517e2ce5847d2bb5746d978d7b4a144775752f484",
  "track": "dynamic",
  "backend": "last-arrival",
  "split": "heldout",
  "max_queries": 70,
  "model_kind": "diagnostic_program",
  "eligible_for_llm_leaderboard": false,
  "live_model_calls": 0,
  "implementation_id": "b04cfb1e567113d609c114ccca0207c6a55947d05306a0a34bb9949d826548d7",
  "python_version": "3.10.12",
  "prediction_file_sha256": null,
  "selected_episode_ids": [
    "al112017:controlled:base",
    "al112017:controlled:delay",
    "al152017:controlled:base",
    "al152017:controlled:delay",
    "al142018:controlled:base",
    "al142018:controlled:delay",
    "al132020:controlled:base",
    "al132020:controlled:delay",
    "al092022:controlled:base",
    "al092022:controlled:delay",
    "al102023:controlled:base",
    "al102023:controlled:delay",
    "al022024:controlled:base",
    "al022024:controlled:delay"
  ],
  "checkpoint_attempts": 70,
  "logical_queries": 70,
  "stop_reason": "completed",
  "trace_sha256": "7506ed0d64abe18d42f86f77df7fce9fd3a2b4badc5dd6410f1d5cceb1f67fdd"
}
