THIRD_PARTY_NOTICES.md: OK
implementation_sources/MANIFEST.json: OK
implementation_sources/al092021.public.009.html: OK
implementation_sources/al092021.public.009.txt: OK
implementation_sources/al092021.public.010.html: OK
implementation_sources/al092021.public.010.txt: OK
implementation_sources/al092021.public.011.html: OK
implementation_sources/al092021.public.011.txt: OK
nhc_cohort_v1/MANIFEST.json: OK
nhc_cohort_v1/attempts/nhc-al022024-public-009/01.json: OK
nhc_cohort_v1/attempts/nhc-al022024-public-010/01.json: OK
nhc_cohort_v1/attempts/nhc-al022024-public-011/01.json: OK
nhc_cohort_v1/attempts/nhc-al052019-public-009/01.json: OK
nhc_cohort_v1/attempts/nhc-al052019-public-010/01.json: OK
nhc_cohort_v1/attempts/nhc-al052019-public-011/01.json: OK
nhc_cohort_v1/attempts/nhc-al062018-public-009/01.json: OK
nhc_cohort_v1/attempts/nhc-al062018-public-010/01.json: OK
nhc_cohort_v1/attempts/nhc-al062018-public-011/01.json: OK
nhc_cohort_v1/attempts/nhc-al092017-public-009/01.json: OK
nhc_cohort_v1/attempts/nhc-al092017-public-010/01.json: OK
nhc_cohort_v1/attempts/nhc-al092017-public-011/01.json: OK
nhc_cohort_v1/attempts/nhc-al092021-public-009/01.json: OK
nhc_cohort_v1/attempts/nhc-al092021-public-010/01.json: OK
nhc_cohort_v1/attempts/nhc-al092021-public-011/01.json: OK
nhc_cohort_v1/attempts/nhc-al092022-public-009/01.json: OK
nhc_cohort_v1/attempts/nhc-al092022-public-010/01.json: OK
nhc_cohort_v1/attempts/nhc-al092022-public-011/01.json: OK
nhc_cohort_v1/attempts/nhc-al102023-public-009/01.json: OK
nhc_cohort_v1/attempts/nhc-al102023-public-010/01.json: OK
nhc_cohort_v1/attempts/nhc-al102023-public-011/01.json: OK
nhc_cohort_v1/attempts/nhc-al112017-public-009/01.json: OK
nhc_cohort_v1/attempts/nhc-al112017-public-010/01.json: OK
nhc_cohort_v1/attempts/nhc-al112017-public-011/01.json: OK
nhc_cohort_v1/attempts/nhc-al132020-public-009/01.json: OK
nhc_cohort_v1/attempts/nhc-al132020-public-010/01.json: OK
nhc_cohort_v1/attempts/nhc-al132020-public-011/01.json: OK
nhc_cohort_v1/attempts/nhc-al142016-public-009/01.json: OK
nhc_cohort_v1/attempts/nhc-al142016-public-010/01.json: OK
nhc_cohort_v1/attempts/nhc-al142016-public-011/01.json: OK
nhc_cohort_v1/attempts/nhc-al142018-public-009/01.json: OK
nhc_cohort_v1/attempts/nhc-al142018-public-010/01.json: OK
nhc_cohort_v1/attempts/nhc-al142018-public-011/01.json: OK
nhc_cohort_v1/attempts/nhc-al152017-public-009/01.json: OK
nhc_cohort_v1/attempts/nhc-al152017-public-010/01.json: OK
nhc_cohort_v1/attempts/nhc-al152017-public-011/01.json: OK
nhc_cohort_v1/catalogue.json: OK
nhc_cohort_v1/raw/nhc-al022024-public-009.attempt-01.html: OK
nhc_cohort_v1/raw/nhc-al022024-public-010.attempt-01.html: OK
nhc_cohort_v1/raw/nhc-al022024-public-011.attempt-01.html: OK
nhc_cohort_v1/raw/nhc-al052019-public-009.attempt-01.html: OK
nhc_cohort_v1/raw/nhc-al052019-public-010.attempt-01.html: OK
nhc_cohort_v1/raw/nhc-al052019-public-011.attempt-01.html: OK
nhc_cohort_v1/raw/nhc-al062018-public-009.attempt-01.html: OK
nhc_cohort_v1/raw/nhc-al062018-public-010.attempt-01.html: OK
nhc_cohort_v1/raw/nhc-al062018-public-011.attempt-01.html: OK
nhc_cohort_v1/raw/nhc-al092017-public-009.attempt-01.html: OK
nhc_cohort_v1/raw/nhc-al092017-public-010.attempt-01.html: OK
nhc_cohort_v1/raw/nhc-al092017-public-011.attempt-01.html: OK
nhc_cohort_v1/raw/nhc-al092021-public-009.attempt-01.html: OK
nhc_cohort_v1/raw/nhc-al092021-public-010.attempt-01.html: OK
nhc_cohort_v1/raw/nhc-al092021-public-011.attempt-01.html: OK
nhc_cohort_v1/raw/nhc-al092022-public-009.attempt-01.html: OK
nhc_cohort_v1/raw/nhc-al092022-public-010.attempt-01.html: OK
nhc_cohort_v1/raw/nhc-al092022-public-011.attempt-01.html: OK
nhc_cohort_v1/raw/nhc-al102023-public-009.attempt-01.html: OK
nhc_cohort_v1/raw/nhc-al102023-public-010.attempt-01.html: OK
nhc_cohort_v1/raw/nhc-al102023-public-011.attempt-01.html: OK
nhc_cohort_v1/raw/nhc-al112017-public-009.attempt-01.html: OK
nhc_cohort_v1/raw/nhc-al112017-public-010.attempt-01.html: OK
nhc_cohort_v1/raw/nhc-al112017-public-011.attempt-01.html: OK
nhc_cohort_v1/raw/nhc-al132020-public-009.attempt-01.html: OK
nhc_cohort_v1/raw/nhc-al132020-public-010.attempt-01.html: OK
nhc_cohort_v1/raw/nhc-al132020-public-011.attempt-01.html: OK
nhc_cohort_v1/raw/nhc-al142016-public-009.attempt-01.html: OK
nhc_cohort_v1/raw/nhc-al142016-public-010.attempt-01.html: OK
nhc_cohort_v1/raw/nhc-al142016-public-011.attempt-01.html: OK
nhc_cohort_v1/raw/nhc-al142018-public-009.attempt-01.html: OK
nhc_cohort_v1/raw/nhc-al142018-public-010.attempt-01.html: OK
nhc_cohort_v1/raw/nhc-al142018-public-011.attempt-01.html: OK
nhc_cohort_v1/raw/nhc-al152017-public-009.attempt-01.html: OK
nhc_cohort_v1/raw/nhc-al152017-public-010.attempt-01.html: OK
nhc_cohort_v1/raw/nhc-al152017-public-011.attempt-01.html: OK
nhc_cohort_v1/text/nhc-al022024-public-009.txt: OK
nhc_cohort_v1/text/nhc-al022024-public-010.txt: OK
nhc_cohort_v1/text/nhc-al022024-public-011.txt: OK
nhc_cohort_v1/text/nhc-al052019-public-009.txt: OK
nhc_cohort_v1/text/nhc-al052019-public-010.txt: OK
nhc_cohort_v1/text/nhc-al052019-public-011.txt: OK
nhc_cohort_v1/text/nhc-al062018-public-009.txt: OK
nhc_cohort_v1/text/nhc-al062018-public-010.txt: OK
nhc_cohort_v1/text/nhc-al062018-public-011.txt: OK
nhc_cohort_v1/text/nhc-al092017-public-009.txt: OK
nhc_cohort_v1/text/nhc-al092017-public-010.txt: OK
nhc_cohort_v1/text/nhc-al092017-public-011.txt: OK
nhc_cohort_v1/text/nhc-al092021-public-009.txt: OK
nhc_cohort_v1/text/nhc-al092021-public-010.txt: OK
nhc_cohort_v1/text/nhc-al092021-public-011.txt: OK
nhc_cohort_v1/text/nhc-al092022-public-009.txt: OK
nhc_cohort_v1/text/nhc-al092022-public-010.txt: OK
nhc_cohort_v1/text/nhc-al092022-public-011.txt: OK
nhc_cohort_v1/text/nhc-al102023-public-009.txt: OK
nhc_cohort_v1/text/nhc-al102023-public-010.txt: OK
nhc_cohort_v1/text/nhc-al102023-public-011.txt: OK
nhc_cohort_v1/text/nhc-al112017-public-009.txt: OK
nhc_cohort_v1/text/nhc-al112017-public-010.txt: OK
nhc_cohort_v1/text/nhc-al112017-public-011.txt: OK
nhc_cohort_v1/text/nhc-al132020-public-009.txt: OK
nhc_cohort_v1/text/nhc-al132020-public-010.txt: OK
nhc_cohort_v1/text/nhc-al132020-public-011.txt: OK
nhc_cohort_v1/text/nhc-al142016-public-009.txt: OK
nhc_cohort_v1/text/nhc-al142016-public-010.txt: OK
nhc_cohort_v1/text/nhc-al142016-public-011.txt: OK
nhc_cohort_v1/text/nhc-al142018-public-009.txt: OK
nhc_cohort_v1/text/nhc-al142018-public-010.txt: OK
nhc_cohort_v1/text/nhc-al142018-public-011.txt: OK
nhc_cohort_v1/text/nhc-al152017-public-009.txt: OK
nhc_cohort_v1/text/nhc-al152017-public-010.txt: OK
nhc_cohort_v1/text/nhc-al152017-public-011.txt: OK
no_manual_review_2026-09-06/weather_qa_sources/DisasterBench_Open/LICENSE: OK
no_manual_review_2026-09-06/weather_qa_sources/DisasterBench_Open/README.md: OK
no_manual_review_2026-09-06/weather_qa_sources/DisasterBench_Open/data/benchmark.jsonl: OK
no_manual_review_2026-09-06/weather_qa_sources/DisasterBench_Open/evaluators/evaluators.py: OK
no_manual_review_2026-09-06/weather_qa_sources/DisasterBench_Open/interfaces/tools/graph_desc.json: OK
no_manual_review_2026-09-06/weather_qa_sources/DisasterBench_Open/interfaces/tools/tools_manifest.json: OK
no_manual_review_2026-09-06/weather_qa_sources/MANIFEST.json: OK
opensource_audit_2026-09-06/AUDIT.json: OK
opensource_audit_2026-09-06/snapshots/MLLM-Bench-CyPortQA/LICENSE: OK
opensource_audit_2026-09-06/snapshots/MLLM-Bench-CyPortQA/README.md: OK
opensource_audit_2026-09-06/snapshots/MLLM-Bench-CyPortQA/source_data/CyPortQA_template.json: OK
REVIEW_REFERENCE_INVENTORY.json: OK
