E501 Line too long (119 > 100)
  --> src/disastertrace/automated/output_contract.py:81:101
   |
79 | …         "Return one complete JSON object with no Markdown fences, prose, or trailing data.",
80 | …         "Use double-quoted object keys and strings; duplicate object keys are forbidden.",
81 | …         "Known values must parse as finite JSON numbers, excluding booleans, NaN, infinity, and numeric overflow.",
   |                                                                                                   ^^^^^^^^^^^^^^^^^^^
82 | …         "Each citation line must use a positive integer JSON token, without a fractional part or exponent; booleans are not line num…
83 | …     ],
   |

E501 Line too long (143 > 100)
  --> src/disastertrace/automated/output_contract.py:82:101
   |
80 | … duplicate object keys are forbidden.",
81 | …bers, excluding booleans, NaN, infinity, and numeric overflow.",
82 | …eger JSON token, without a fractional part or exponent; booleans are not line numbers.",
   |                                               ^^^^^^^^^^^^^^^^^^^^^^^^^^^^^^^^^^^^^^^^^^^
83 | …
84 | …
   |

Found 2 errors.
