{
  "schema_version": "automated_build_v1",
  "disasterbench_source_tasks": 233,
  "disasterbench_admitted": 230,
  "disasterbench_quarantined": 3,
  "cyportqa_templates": 48,
  "nhc_admitted_records": 32,
  "dynamic_episodes": 20,
  "dynamic_checkpoints": 100,
  "independent_weather_events": 10,
  "schedule_origin": "controlled_release",
  "content_edits": false,
  "new_human_reviews": 0,
  "model_calls": 0,
  "planned_weather_events": 12,
  "nhc_planned_records": 36,
  "nhc_downloaded_records": 36,
  "cohort_id": "nhc-atlantic-pilot-v1",
  "dynamic_used_records": 30,
  "weather_event_splits": {
    "development": 3,
    "heldout": 7
  },
  "build_id": "583b32be35362a46409321e76babc0cbdb71999ebe19c2598c4bd1212a23a00b"
}
