{
  "schema": "disastertrace.final_delivery_validation.v1",
  "verified_at": "2026-09-13T05:45:42.269357+00:00",
  "old_preserved_files_checked": 70,
  "old_preserved_files_unchanged": true,
  "real_git_index_unchanged": true,
  "real_git_index_sha256": "e242f91636ecddb4c12584a8dc74a785dd1236c04790539e3c4af97e5b29af68",
  "tests": {
    "tests": 250,
    "failures": 0,
    "errors": 0,
    "skipped": 0
  },
  "targeted_ruff_passed": true,
  "whole_repository_lint_claimed": false,
  "gpu_summary_and_semantic_counts_reconciled": true,
  "replay_zip_bytes_and_sha256_recomputed": true,
  "component_validations_bound_not_all_upstream_downloads_rerun": true,
  "local_markdown_links_checked": 24,
  "current_python_source_files_snapshotted": 22,
  "additional_recorded_checks": {
    "audit_tests": 9,
    "lamp_tests": 7,
    "replay_negative_checks": 4,
    "baseline_boundary_protocol_combinations": 6,
    "actual_frozen_bundles_compatible_with_repairs": 144
  },
  "finalizer_sha256": "8013c518dce5c6039320246bac610fb49e2b8d439170652028718eb6ffc7406a",
  "no_new_inference_during_finalization": true
}
