Traceback (most recent call last):
  File "/usr/lib/python3.10/runpy.py", line 196, in _run_module_as_main
    return _run_code(code, main_globals, None,
  File "/usr/lib/python3.10/runpy.py", line 86, in _run_code
    exec(code, run_globals)
  File "/mnt/afs/260010168/extreme_weather_benchmark/development/disastertrace-next/disastertrace-starter/src/disastertrace/active_forecast/__main__.py", line 62, in <module>
    raise SystemExit(main())
  File "/mnt/afs/260010168/extreme_weather_benchmark/development/disastertrace-next/disastertrace-starter/src/disastertrace/active_forecast/__main__.py", line 39, in main
    result = replay_legacy(args.bundle, args.output)
  File "/mnt/afs/260010168/extreme_weather_benchmark/development/disastertrace-next/disastertrace-starter/src/disastertrace/active_forecast/replay.py", line 199, in replay_legacy
    write_json(output / "COMPATIBILITY.json", report)
  File "/mnt/afs/260010168/extreme_weather_benchmark/development/disastertrace-next/disastertrace-starter/src/disastertrace/active_forecast/provenance.py", line 39, in write_json
    json.dump(value, stream, ensure_ascii=True, indent=2, allow_nan=False)
  File "/usr/lib/python3.10/json/__init__.py", line 179, in dump
    for chunk in iterable:
  File "/usr/lib/python3.10/json/encoder.py", line 431, in _iterencode
    yield from _iterencode_dict(o, _current_indent_level)
  File "/usr/lib/python3.10/json/encoder.py", line 405, in _iterencode_dict
    yield from chunks
  File "/usr/lib/python3.10/json/encoder.py", line 325, in _iterencode_list
    yield from chunks
  File "/usr/lib/python3.10/json/encoder.py", line 405, in _iterencode_dict
    yield from chunks
  File "/usr/lib/python3.10/json/encoder.py", line 405, in _iterencode_dict
    yield from chunks
  File "/usr/lib/python3.10/json/encoder.py", line 438, in _iterencode
    o = _default(o)
  File "/usr/lib/python3.10/json/encoder.py", line 179, in default
    raise TypeError(f'Object of type {o.__class__.__name__} '
TypeError: Object of type Decimal is not JSON serializable
