FF                                                                       [100%]
=================================== FAILURES ===================================
________ test_frozen_comparison_keeps_the_prototypes_numeric_semantics _________

tmp_path = PosixPath('/tmp/pytest-of-root/pytest-3/test_frozen_comparison_keeps_t0')

    def test_frozen_comparison_keeps_the_prototypes_numeric_semantics(tmp_path):
        path = tmp_path / "frozen.json"
        original = {"decision": "unknown", "lower": 1 / 100, "upper": 1 - 2 / 3}
        path.write_text(json.dumps(original))
        importer = FrozenPilotImporter.__new__(FrozenPilotImporter)
        importer.bundle = tmp_path
        importer.reader = SourceReader(tmp_path)
>       replay_input = importer.read_prototype_json("frozen.json")
E       AttributeError: 'FrozenPilotImporter' object has no attribute 'read_prototype_json'

tests/active_forecast/test_provenance.py:90: AttributeError
__________ test_encoding_failure_does_not_leave_a_partial_json_report __________

tmp_path = PosixPath('/tmp/pytest-of-root/pytest-3/test_encoding_failure_does_not0')

    def test_encoding_failure_does_not_leave_a_partial_json_report(tmp_path):
        path = tmp_path / "report.json"
        with pytest.raises(TypeError):
            write_json(path, {"unserializable": Decimal("0.1")})
>       assert not path.exists()
E       AssertionError: assert not True
E        +  where True = exists()
E        +    where exists = PosixPath('/tmp/pytest-of-root/pytest-3/test_encoding_failure_does_not0/report.json').exists

tests/active_forecast/test_provenance.py:103: AssertionError
=========================== short test summary info ============================
FAILED tests/active_forecast/test_provenance.py::test_frozen_comparison_keeps_the_prototypes_numeric_semantics
FAILED tests/active_forecast/test_provenance.py::test_encoding_failure_does_not_leave_a_partial_json_report
2 failed, 12 deselected in 0.86s
