{
  "schema_version": "automated_build_v1",
  "disasterbench_source_tasks": 233,
  "disasterbench_admitted": 230,
  "disasterbench_quarantined": 3,
  "cyportqa_templates": 48,
  "nhc_admitted_records": 32,
  "dynamic_episodes": 20,
  "dynamic_checkpoints": 100,
  "independent_weather_events": 10,
  "schedule_origin": "controlled_release",
  "content_edits": false,
  "new_human_reviews": 0,
  "model_calls": 0,
  "planned_weather_events": 12,
  "nhc_planned_records": 36,
  "nhc_downloaded_records": 36,
  "cohort_id": "nhc-atlantic-pilot-v1",
  "dynamic_used_records": 30,
  "weather_event_splits": {
    "development": 3,
    "heldout": 7
  },
  "build_id": "1e0d400a5b3dbc39b8d8bd883c1dfbb937fe68dd3ac1ab476f78dac3b194d8e6"
}
