{
  "schema_version": "model_preparation_v1",
  "build_id": "1e0d400a5b3dbc39b8d8bd883c1dfbb937fe68dd3ac1ab476f78dac3b194d8e6",
  "implementation_id": "2bdbefad9eee64ebae973f18ac388291ab5afe9b9227a6802bbff7e7b52e24b3",
  "split": "development",
  "method": "structured_state",
  "method_contract": {
    "schema_version": "declared_method_v1",
    "method": "structured_state",
    "evidence_view": "all_delivered_records_with_arrival_duplicates",
    "carrier": "latest_schema_valid_model_decision_or_null",
    "history_includes_invalid_responses": false,
    "carrier_fact_checked_or_corrected": false,
    "fresh_messages_per_checkpoint": true,
    "causal_carrier_dependence_established": false
  },
  "group_ids": [
    "AL092021"
  ],
  "selected_episode_ids": [
    "al092021:controlled:base",
    "al092021:controlled:delay"
  ],
  "expected_checkpoints": 10,
  "max_queries": 10,
  "model_calls": 0,
  "model_configuration_complete": false,
  "credential_configured": null,
  "endpoint_connectivity_tested": false,
  "monetary_cap_enforced": false,
  "aggregate_token_cap_enforced": false,
  "remaining_requests": "constructed_sequentially_from_actual_accepted_responses",
  "eligible_for_llm_leaderboard": false
}
