{
  "schema_version": "dynamic_score_v1",
  "schedule_origin": "controlled_release",
  "gold_origins": [
    "generated_by_spec"
  ],
  "source_origins": [
    "official_record"
  ],
  "independent_event_groups": 1,
  "model_kinds": [
    "diagnostic_program"
  ],
  "eligible_for_llm_leaderboard": false,
  "metrics": {
    "schema_success": {
      "numerator": 10,
      "denominator": 10,
      "value": 1.0
    },
    "state_accuracy": {
      "numerator": 42,
      "denominator": 50,
      "value": 0.84
    },
    "grounded_state": {
      "numerator": 42,
      "denominator": 50,
      "value": 0.84
    },
    "action_accuracy": {
      "numerator": 8,
      "denominator": 10,
      "value": 0.8
    },
    "unknown_accuracy": {
      "numerator": 18,
      "denominator": 18,
      "value": 1.0
    },
    "known_answer_coverage": {
      "numerator": 32,
      "denominator": 32,
      "value": 1.0
    },
    "required_change_success": {
      "numerator": 20,
      "denominator": 24,
      "value": 0.8333333333333334
    },
    "preservation": {
      "numerator": 12,
      "denominator": 16,
      "value": 0.75
    }
  },
  "status_counts": {
    "ok": 10
  },
  "build_id": "78bf330d1d1690b0d6737beeae2f8cd9fcafdd99a6f48d5a3b47b1ca2e583da5",
  "run": {
    "schema_version": "automated_run_v1",
    "build_id": "78bf330d1d1690b0d6737beeae2f8cd9fcafdd99a6f48d5a3b47b1ca2e583da5",
    "track": "dynamic",
    "backend": "last-arrival",
    "max_queries": 10,
    "model_kind": "diagnostic_program",
    "eligible_for_llm_leaderboard": false,
    "live_model_calls": 0,
    "implementation_id": "e35fb1b2c95c5a68b27d0687a494cdbd4ffecaf7dcfd9882b5fb1b0f6b234384",
    "python_version": "3.10.12",
    "prediction_file_sha256": null,
    "checkpoint_attempts": 10,
    "logical_queries": 10,
    "stop_reason": "completed",
    "trace_sha256": "7a7cc15ffd47e9137aa46b05f0170b21f480b0138095bcab3901c3b37d5e9ea7"
  }
}
