{
  "schema_version": "disastertrace.disasterbench.v1",
  "scorer_version": "disasterbench_inherited_strict_v1",
  "interpretation": "inherited_label_agreement_not_tool_execution",
  "aggregate": {
    "expected_tasks": 230,
    "submitted_predictions": 230,
    "missing_predictions": 0,
    "invalid_predictions": 0,
    "correct_tasks": 230,
    "exact_match_accuracy": 1.0,
    "tool_match_accuracy": 1.0,
    "parameter_match_accuracy": 1.0,
    "dependency_match_accuracy": 1.0
  },
  "build_id": "78bf330d1d1690b0d6737beeae2f8cd9fcafdd99a6f48d5a3b47b1ca2e583da5",
  "run": {
    "schema_version": "automated_run_v1",
    "build_id": "78bf330d1d1690b0d6737beeae2f8cd9fcafdd99a6f48d5a3b47b1ca2e583da5",
    "track": "disasterbench",
    "backend": "reference-fixture",
    "max_queries": 230,
    "model_kind": "scorer_fixture",
    "eligible_for_llm_leaderboard": false,
    "live_model_calls": 0,
    "implementation_id": "e35fb1b2c95c5a68b27d0687a494cdbd4ffecaf7dcfd9882b5fb1b0f6b234384",
    "python_version": "3.10.12",
    "prediction_file_sha256": null,
    "expected_tasks": 230,
    "logical_queries": 230,
    "stop_reason": "completed",
    "trace_sha256": "11fa3b45eae45ef2ae0171847ecee9114912a22dc85729dabf7cf973432b78b0",
    "predictions_sha256": "4a210712f8e83baf2cadc7d8e485147ac49102d05cd9fa17d5547625f26d04fc"
  },
  "eligible_for_llm_leaderboard": false
}
