0 FOLLOW base_bound_override 0.0
0 FOLLOW persistent_override 0.0
0 round_robin base_bound_override -7.307055090191055e-07
0 round_robin persistent_override -6.272411110054659e-07
0 risk base_bound_override -7.085978943142094e-07
0 risk persistent_override -6.035913040756838e-07
0 coverage base_bound_override -7.307055090191055e-07
0 coverage persistent_override -6.272411110054659e-07
0 batch_complete base_bound_override -1.4432649887186277e-06
0 batch_complete persistent_override -1.326198606930614e-06
0 all_read base_bound_override -2.1392566892089384e-06
0 all_read persistent_override -2.067398141580664e-06
0 neighbor_persistence base_bound_override 6.438987196514607e-05
0 neighbor_persistence persistent_override 6.621903042085047e-05
0 capacity_revise_defer base_bound_override 0.0
0 capacity_revise_defer persistent_override 0.0
1 FOLLOW base_bound_override 0.0
1 FOLLOW persistent_override 0.0
1 round_robin base_bound_override -6.67059847275798e-07
1 round_robin persistent_override -6.23334170470971e-07
1 risk base_bound_override -7.227028458541208e-07
1 risk persistent_override -6.662925356328582e-07
1 coverage base_bound_override -6.67059847275798e-07
1 coverage persistent_override -6.23334170470971e-07
1 batch_complete base_bound_override -1.3528515513021548e-06
1 batch_complete persistent_override -1.3139291066174688e-06
1 all_read base_bound_override -2.040030572160807e-06
1 all_read persistent_override -2.041652691850581e-06
1 neighbor_persistence base_bound_override 6.324550206830587e-05
1 neighbor_persistence persistent_override 6.51936481635744e-05
1 capacity_revise_defer base_bound_override 0.0
1 capacity_revise_defer persistent_override 0.0
2 FOLLOW base_bound_override 0.0
2 FOLLOW persistent_override 0.0
2 round_robin base_bound_override 2.484505582727031e-06
2 round_robin persistent_override 2.3172316467036682e-06
2 risk base_bound_override 3.4644790226385425e-06
2 risk persistent_override 3.2863455173084454e-06
2 coverage base_bound_override 2.484505582727031e-06
2 coverage persistent_override 2.3172316467036682e-06
2 batch_complete base_bound_override 3.2438225935166053e-06
2 batch_complete persistent_override 3.0731310897368258e-06
2 all_read base_bound_override 4.134442604979723e-06
2 all_read persistent_override 3.9345817083330285e-06
2 neighbor_persistence base_bound_override -0.055526739276425444
2 neighbor_persistence persistent_override -0.05552480794948673
2 capacity_revise_defer base_bound_override 0.0
2 capacity_revise_defer persistent_override 0.0
3 FOLLOW base_bound_override 0.0
3 FOLLOW persistent_override 0.0
3 round_robin base_bound_override -6.832217231378265e-07
3 round_robin persistent_override -7.196485628636613e-07
3 risk base_bound_override -7.199180213427845e-07
3 risk persistent_override -7.389109704256756e-07
3 coverage base_bound_override -6.832217231378265e-07
3 coverage persistent_override -7.196485628636613e-07
3 batch_complete base_bound_override -1.4693584830491962e-06
3 batch_complete persistent_override -1.4557890812856462e-06
3 all_read base_bound_override -2.1703161373199038e-06
3 all_read persistent_override -2.224176867688682e-06
3 neighbor_persistence base_bound_override 6.373822931520535e-05
3 neighbor_persistence persistent_override 6.568819888393979e-05
3 capacity_revise_defer base_bound_override 0.0
3 capacity_revise_defer persistent_override 0.0
4 FOLLOW base_bound_override 0.0
4 FOLLOW persistent_override 0.0
4 round_robin base_bound_override -6.257746758575303e-07
4 round_robin persistent_override -4.639268648693731e-07
4 risk base_bound_override -6.893896687275704e-07
4 risk persistent_override -5.069439377015451e-07
4 coverage base_bound_override -6.257746758575303e-07
4 coverage persistent_override -4.639268648693731e-07
4 batch_complete base_bound_override -1.2587373776916207e-06
4 batch_complete persistent_override -1.0936203584775537e-06
4 all_read base_bound_override -1.90714115637662e-06
4 all_read persistent_override -1.7834062439327296e-06
4 neighbor_persistence base_bound_override 6.26874538542809e-05
4 neighbor_persistence persistent_override 6.51784924075152e-05
4 capacity_revise_defer base_bound_override 0.0
4 capacity_revise_defer persistent_override 0.0
5 FOLLOW base_bound_override 0.0
5 FOLLOW persistent_override 0.0
5 round_robin base_bound_override -6.586939947257907e-07
5 round_robin persistent_override -4.778193619255179e-07
5 risk base_bound_override -6.769841860309632e-07
5 risk persistent_override -5.041441756650952e-07
5 coverage base_bound_override -6.586939947257907e-07
5 coverage persistent_override -4.778193619255179e-07
5 batch_complete base_bound_override -1.3380602373013921e-06
5 batch_complete persistent_override -1.153931531498478e-06
5 all_read base_bound_override -1.9633755905546163e-06
5 all_read persistent_override -1.8434150859835082e-06
5 neighbor_persistence base_bound_override -0.027951964267408078
5 neighbor_persistence persistent_override -0.027948755036506737
5 capacity_revise_defer base_bound_override 0.0
5 capacity_revise_defer persistent_override 0.0
6 FOLLOW base_bound_override 0.0
6 FOLLOW persistent_override 0.0
6 round_robin base_bound_override -7.048504714487244e-07
6 round_robin persistent_override -6.017451600104279e-07
6 risk base_bound_override -7.352240279970332e-07
6 risk persistent_override -6.242616405750836e-07
6 coverage base_bound_override -7.048504714487244e-07
6 coverage persistent_override -6.017451600104279e-07
6 batch_complete base_bound_override -1.4790892704655916e-06
6 batch_complete persistent_override -1.3499297541861377e-06
6 all_read base_bound_override -2.16971472976033e-06
6 all_read persistent_override -2.1030115339349243e-06
6 neighbor_persistence base_bound_override 6.436962177418029e-05
6 neighbor_persistence persistent_override 6.638745361360231e-05
6 capacity_revise_defer base_bound_override 0.0
6 capacity_revise_defer persistent_override 0.0
7 FOLLOW base_bound_override 0.0
7 FOLLOW persistent_override 0.0
7 round_robin base_bound_override -7.99103740124515e-08
7 round_robin persistent_override -6.096451284564212e-06
7 risk base_bound_override 4.5587228587225525e-08
7 risk persistent_override -5.970945824066652e-06
7 coverage base_bound_override -7.99103740124515e-08
7 coverage persistent_override -6.096451284564212e-06
7 batch_complete base_bound_override -6.016027021914473e-07
7 batch_complete persistent_override -6.396607254652206e-06
7 all_read base_bound_override -4.543877359528896e-07
7 all_read persistent_override -6.3064745097742434e-06
7 neighbor_persistence base_bound_override -0.009522042179912827
7 neighbor_persistence persistent_override -0.00957142950171966
7 capacity_revise_defer base_bound_override 0.0
7 capacity_revise_defer persistent_override 0.0
8 FOLLOW base_bound_override 0.0
8 FOLLOW persistent_override 0.0
8 round_robin base_bound_override -7.136640478934546e-07
8 round_robin persistent_override -7.461394597407111e-07
8 risk base_bound_override -7.064857261212785e-07
8 risk persistent_override -7.475814521667493e-07
8 coverage base_bound_override -7.136640478934546e-07
8 coverage persistent_override -7.461394597407111e-07
8 batch_complete base_bound_override -1.418366451609324e-06
8 batch_complete persistent_override -1.442213691360483e-06
8 all_read base_bound_override -2.056690238975232e-06
8 all_read persistent_override -2.1740218156998765e-06
8 neighbor_persistence base_bound_override -0.02771491637324464
8 neighbor_persistence persistent_override -0.027711713634586823
8 capacity_revise_defer base_bound_override 0.0
8 capacity_revise_defer persistent_override 0.0
