0 FOLLOW base_bound_override 0.0
0 FOLLOW persistent_override 0.0
0 round_robin base_bound_override -0.00022789268979073575
0 round_robin persistent_override -0.0014805597453021696
0 risk base_bound_override -0.00015850668847271367
0 risk persistent_override -0.0012198812746177135
0 coverage base_bound_override -0.00022789268979073575
0 coverage persistent_override -0.0014805597453021696
0 batch_complete base_bound_override -1.0650298234381841e-05
0 batch_complete persistent_override -0.0011514156208927864
0 all_read base_bound_override -9.485934483102895e-05
0 all_read persistent_override -0.0012385312063262312
0 neighbor_persistence base_bound_override -0.020744342450846696
0 neighbor_persistence persistent_override -0.025453156414825203
0 capacity_revise_defer base_bound_override -0.00019338297452460102
0 capacity_revise_defer persistent_override 0.00017090397210311675
1 FOLLOW base_bound_override 0.0
1 FOLLOW persistent_override 0.0
1 round_robin base_bound_override 0.00011579718741026162
1 round_robin persistent_override 8.96058626782427e-05
1 risk base_bound_override 0.00013319833811094192
1 risk persistent_override 0.00010876770586447035
1 coverage base_bound_override 0.00011579718741026162
1 coverage persistent_override 8.96058626782427e-05
1 batch_complete base_bound_override 0.00027671985912626165
1 batch_complete persistent_override 0.00026878153671606
1 all_read base_bound_override 0.00042424557643634377
1 all_read persistent_override 0.0003990988154370544
1 neighbor_persistence base_bound_override 0.0025064272543532246
1 neighbor_persistence persistent_override 0.0025657615548757744
1 capacity_revise_defer base_bound_override -2.7703125145805915e-05
1 capacity_revise_defer persistent_override -9.928496964734294e-05
2 FOLLOW base_bound_override 0.0
2 FOLLOW persistent_override 0.0
2 round_robin base_bound_override -9.354150581833193e-05
2 round_robin persistent_override -9.774627875293917e-05
2 risk base_bound_override 1.919361088500344e-05
2 risk persistent_override 1.4988837950396241e-05
2 coverage base_bound_override -9.354150581833193e-05
2 coverage persistent_override -9.774627875293917e-05
2 batch_complete base_bound_override -0.0005396659396737706
2 batch_complete persistent_override -0.0005476042620839723
2 all_read base_bound_override -0.00040487445442871753
2 all_read persistent_override -0.0004073185348777773
2 neighbor_persistence base_bound_override -0.07618912266375284
2 neighbor_persistence persistent_override -0.07616693791135638
2 capacity_revise_defer base_bound_override 8.08581914731878e-05
2 capacity_revise_defer persistent_override -9.787579632944328e-05
3 FOLLOW base_bound_override 0.0
3 FOLLOW persistent_override 0.0
3 round_robin base_bound_override 5.446579352014636e-05
3 round_robin persistent_override 4.712873699890928e-05
3 risk base_bound_override 5.265273177562821e-05
3 risk persistent_override 4.297527842681376e-05
3 coverage base_bound_override 5.446579352014636e-05
3 coverage persistent_override 4.712873699890928e-05
3 batch_complete base_bound_override 0.00021876951222509172
3 batch_complete persistent_override 0.00020818508234482288
3 all_read base_bound_override 0.00038420987148174917
3 all_read persistent_override 0.00038039419993160685
3 neighbor_persistence base_bound_override -0.007134598373938821
3 neighbor_persistence persistent_override -0.007112957026487056
3 capacity_revise_defer base_bound_override -0.0001617964522469919
3 capacity_revise_defer persistent_override -0.00024688209507870703
4 FOLLOW base_bound_override 0.0
4 FOLLOW persistent_override 0.0
4 round_robin base_bound_override 0.00015030731178561227
4 round_robin persistent_override 0.00021301453977923246
4 risk base_bound_override -0.00041805226245525553
4 risk persistent_override -0.00035534503446163496
4 coverage base_bound_override 0.00015030731178561227
4 coverage persistent_override 0.00021301453977923246
4 batch_complete base_bound_override -0.0009761205390695983
4 batch_complete persistent_override -0.0008951979073723919
4 all_read base_bound_override -6.542013823708193e-05
4 all_read persistent_override -4.637238124331598e-05
4 neighbor_persistence base_bound_override -0.0536915450148926
4 neighbor_persistence persistent_override -0.053850689331303166
4 capacity_revise_defer base_bound_override -0.00019041086954187553
4 capacity_revise_defer persistent_override -0.00032579131458576816
5 FOLLOW base_bound_override 0.0
5 FOLLOW persistent_override 0.0
5 round_robin base_bound_override 0.0012595017936434909
5 round_robin persistent_override 0.0012532212495895432
5 risk base_bound_override 0.0004819057999222851
5 risk persistent_override 0.00047564683532779503
5 coverage base_bound_override 0.0012595017936434909
5 coverage persistent_override 0.0012532212495895432
5 batch_complete base_bound_override 0.0002997445058375126
5 batch_complete persistent_override 0.00029822131562432723
5 all_read base_bound_override 0.0011995205997985656
5 all_read persistent_override 0.0012038257901173595
5 neighbor_persistence base_bound_override -0.0621583813099186
5 neighbor_persistence persistent_override -0.06212087750109711
5 capacity_revise_defer base_bound_override 0.00034008893063935264
5 capacity_revise_defer persistent_override 0.0006420724233555231
6 FOLLOW base_bound_override 0.0
6 FOLLOW persistent_override 0.0
6 round_robin base_bound_override -7.009022616984628e-05
6 round_robin persistent_override -2.8374048012932483e-05
6 risk base_bound_override 0.00022417755626203315
6 risk persistent_override 0.0002658937344189469
6 coverage base_bound_override -7.009022616984628e-05
6 coverage persistent_override -2.8374048012932483e-05
6 batch_complete base_bound_override 0.0007426749273491475
6 batch_complete persistent_override 0.0007874848236808507
6 all_read base_bound_override 0.0009761043887363529
6 all_read persistent_override 0.0009752196074470012
6 neighbor_persistence base_bound_override -0.08373766816282689
6 neighbor_persistence persistent_override -0.0867663270964221
6 capacity_revise_defer base_bound_override 0.00040099096591834617
6 capacity_revise_defer persistent_override 0.0015859564053614867
7 FOLLOW base_bound_override 0.0
7 FOLLOW persistent_override 0.0
7 round_robin base_bound_override -0.0003221540711670267
7 round_robin persistent_override -0.0002900317368876527
7 risk base_bound_override -0.00044848093606915254
7 risk persistent_override -0.0004180005617722255
7 coverage base_bound_override -0.0003221540711670267
7 coverage persistent_override -0.0002900317368876527
7 batch_complete base_bound_override -0.00014297077139749324
7 batch_complete persistent_override -0.00010378849437541015
7 all_read base_bound_override -0.0003382419239780676
7 all_read persistent_override -0.0002987802917054812
7 neighbor_persistence base_bound_override -0.012135902844896063
7 neighbor_persistence persistent_override -0.012040938447044406
7 capacity_revise_defer base_bound_override -0.000457984312221165
7 capacity_revise_defer persistent_override -0.0008157531891905707
8 FOLLOW base_bound_override 0.0
8 FOLLOW persistent_override 0.0
8 round_robin base_bound_override 7.130576960954846e-05
8 round_robin persistent_override 6.850762459375611e-05
8 risk base_bound_override 7.010320200657365e-05
8 risk persistent_override 6.730505699078131e-05
8 coverage base_bound_override 7.130576960954846e-05
8 coverage persistent_override 6.850762459375611e-05
8 batch_complete base_bound_override 0.00027519539902599107
8 batch_complete persistent_override 0.00027254929155592385
8 all_read base_bound_override 0.0004205729776554607
8 all_read persistent_override 0.00041953552512521573
8 neighbor_persistence base_bound_override 0.0021597795199780894
8 neighbor_persistence persistent_override 0.002163999108479499
8 capacity_revise_defer base_bound_override -9.075349389870258e-05
8 capacity_revise_defer persistent_override -0.00018874241090764522
