0 FOLLOW base_bound_override 0.0
0 FOLLOW persistent_override 0.0
0 round_robin base_bound_override -2.1506576258461786e-05
0 round_robin persistent_override -2.357687161858979e-05
0 risk base_bound_override -2.3478568482434078e-05
0 risk persistent_override -2.6048262263975896e-05
0 coverage base_bound_override -2.1506576258461786e-05
0 coverage persistent_override -2.357687161858979e-05
0 batch_complete base_bound_override -1.57535079625812e-05
0 batch_complete persistent_override -1.7599315543767932e-05
0 all_read base_bound_override -2.079225147938736e-05
0 all_read persistent_override -2.3061402126522346e-05
0 neighbor_persistence base_bound_override 0.001142683768316177
0 neighbor_persistence persistent_override 0.001154028533212866
0 capacity_revise_defer base_bound_override 0.0
0 capacity_revise_defer persistent_override 0.0
1 FOLLOW base_bound_override 0.0
1 FOLLOW persistent_override 0.0
1 round_robin base_bound_override -0.00015087820109743142
1 round_robin persistent_override -0.0001355914365901814
1 risk base_bound_override -0.00018960859476455628
1 risk persistent_override -0.00017555896381266957
1 coverage base_bound_override -0.00015087820109743142
1 coverage persistent_override -0.0001355914365901814
1 batch_complete base_bound_override -0.00021702408602125123
1 batch_complete persistent_override -0.00019941900150636656
1 all_read base_bound_override -0.00022260893087997738
1 all_read persistent_override -0.00020452714791387324
1 neighbor_persistence base_bound_override -0.01816323013810687
1 neighbor_persistence persistent_override -0.01812169651197558
1 capacity_revise_defer base_bound_override -0.0001970779553425413
1 capacity_revise_defer persistent_override -0.00027414829296380257
2 FOLLOW base_bound_override 0.0
2 FOLLOW persistent_override 0.0
2 round_robin base_bound_override -4.264744842709932e-05
2 round_robin persistent_override -3.1555575771233776e-05
2 risk base_bound_override -7.454434749827669e-05
2 risk persistent_override -6.432865502734551e-05
2 coverage base_bound_override -4.264744842709932e-05
2 coverage persistent_override -3.1555575771233776e-05
2 batch_complete base_bound_override -2.6657437691615972e-05
2 batch_complete persistent_override -1.6049043832106288e-05
2 all_read base_bound_override -5.6774995894525337e-05
2 all_read persistent_override -4.4692231534357596e-05
2 neighbor_persistence base_bound_override 0.0012798391739650677
2 neighbor_persistence persistent_override 0.001296304520121613
2 capacity_revise_defer base_bound_override -1.180721293382343e-05
2 capacity_revise_defer persistent_override -1.180721293382343e-05
3 FOLLOW base_bound_override 0.0
3 FOLLOW persistent_override 0.0
3 round_robin base_bound_override -0.00018728778645045734
3 round_robin persistent_override -0.00018838679122039036
3 risk base_bound_override -4.8853832145071716e-05
3 risk persistent_override -4.9716760406365305e-05
3 coverage base_bound_override -0.00018728778645045734
3 coverage persistent_override -0.00018838679122039036
3 batch_complete base_bound_override -0.0001856989601768902
3 batch_complete persistent_override -0.00018608810392772794
3 all_read base_bound_override -0.00018967559197280383
3 all_read persistent_override -0.00018955221599138917
3 neighbor_persistence base_bound_override -0.00843553868578756
3 neighbor_persistence persistent_override -0.008431911557103359
3 capacity_revise_defer base_bound_override -1.6054621958850364e-05
3 capacity_revise_defer persistent_override -2.4605822312330925e-05
4 FOLLOW base_bound_override 0.0
4 FOLLOW persistent_override 0.0
4 round_robin base_bound_override -0.00010545919429030592
4 round_robin persistent_override -6.920268154367525e-05
4 risk base_bound_override -0.00027154021867203173
4 risk persistent_override -0.00023528370592540087
4 coverage base_bound_override -0.00010545919429030592
4 coverage persistent_override -6.920268154367525e-05
4 batch_complete base_bound_override -0.00035579199412538303
4 batch_complete persistent_override -0.0003182783522245579
4 all_read base_bound_override -0.0004670801112600337
4 all_read persistent_override -0.0004293356356453844
4 neighbor_persistence base_bound_override -0.03726909494686341
4 neighbor_persistence persistent_override -0.037211743371522735
4 capacity_revise_defer base_bound_override -0.00017159847734557596
4 capacity_revise_defer persistent_override -0.000331548284076433
5 FOLLOW base_bound_override 0.0
5 FOLLOW persistent_override 0.0
5 round_robin base_bound_override -1.712638286706019e-05
5 round_robin persistent_override -6.835546120578859e-06
5 risk base_bound_override -2.248640452238015e-05
5 risk persistent_override -1.1745883176236798e-05
5 coverage base_bound_override -1.712638286706019e-05
5 coverage persistent_override -6.835546120578859e-06
5 batch_complete base_bound_override 2.1452268979325615e-06
5 batch_complete persistent_override 1.4262164583498448e-05
5 all_read base_bound_override 6.548394324479623e-06
5 all_read persistent_override 1.9584535708063268e-05
5 neighbor_persistence base_bound_override 0.001102535560883721
5 neighbor_persistence persistent_override 0.0011354920381824519
5 capacity_revise_defer base_bound_override 0.0
5 capacity_revise_defer persistent_override 0.0
6 FOLLOW base_bound_override 0.0
6 FOLLOW persistent_override 0.0
6 round_robin base_bound_override -3.680240705387941e-05
6 round_robin persistent_override -3.683795520427024e-05
6 risk base_bound_override -4.200659081953902e-05
6 risk persistent_override -4.204213896992986e-05
6 coverage base_bound_override -3.680240705387941e-05
6 coverage persistent_override -3.683795520427024e-05
6 batch_complete base_bound_override -2.8127702761530064e-05
6 batch_complete persistent_override -2.7506471190703433e-05
6 all_read base_bound_override -2.7023781646884132e-05
6 all_read persistent_override -2.578131850523087e-05
6 neighbor_persistence base_bound_override 0.0009617881990805081
6 neighbor_persistence persistent_override 0.000963347035571187
6 capacity_revise_defer base_bound_override -2.4193941928686128e-05
6 capacity_revise_defer persistent_override -2.4193941928686128e-05
7 FOLLOW base_bound_override 0.0
7 FOLLOW persistent_override 0.0
7 round_robin base_bound_override -0.0004566840445754529
7 round_robin persistent_override -0.0004625705293520029
7 risk base_bound_override -0.000211071260626533
7 risk persistent_override -0.00021627198429478156
7 coverage base_bound_override -0.0004566840445754529
7 coverage persistent_override -0.0004625705293520029
7 batch_complete base_bound_override -0.0005159112148957191
7 batch_complete persistent_override -0.0005208938589080101
7 all_read base_bound_override -0.0007815258873053141
7 all_read persistent_override -0.0007868260386170659
7 neighbor_persistence base_bound_override -0.05655899828911314
7 neighbor_persistence persistent_override -0.05681044462226704
7 capacity_revise_defer base_bound_override -0.0001873319557973607
7 capacity_revise_defer persistent_override -0.00025568215212873026
8 FOLLOW base_bound_override 0.0
8 FOLLOW persistent_override 0.0
8 round_robin base_bound_override -0.00010714882584166388
8 round_robin persistent_override -9.049066211252538e-05
8 risk base_bound_override -8.73075801769289e-05
8 risk persistent_override -7.123574991258815e-05
8 coverage base_bound_override -0.00010714882584166388
8 coverage persistent_override -9.049066211252538e-05
8 batch_complete base_bound_override -8.810542373831852e-05
8 batch_complete persistent_override -7.199209926297036e-05
8 all_read base_bound_override -0.00010281296987063009
8 all_read persistent_override -8.717797192311393e-05
8 neighbor_persistence base_bound_override -0.008437406811103313
8 neighbor_persistence persistent_override -0.008376158946149511
8 capacity_revise_defer base_bound_override -7.467530354273455e-05
8 capacity_revise_defer persistent_override -0.0001265910836524307
