taf-202512010258-KMTR-FTUS46-TAFSFO-AAA 200 157 True
taf-202512010522-KMTR-FTUS46-TAFOAK 200 147 True
taf-202512010522-KMTR-FTUS46-TAFSFO 200 147 True
taf-202512010522-KMTR-FTUS46-TAFSJC 200 149 True
taf-202512010750-KMTR-FTUS46-TAFSFO-AAA 200 225 True
taf-202512010757-KMTR-FTUS46-TAFSJC-AAA 200 265 True
taf-202512010855-KMTR-FTUS46-TAFSFO-AAB 200 225 True
taf-202512011022-KMTR-FTUS46-TAFSJC-AAB 200 265 True
taf-202512011127-KMTR-FTUS46-TAFOAK 200 181 True
taf-202512011127-KMTR-FTUS46-TAFSFO 200 251 True
taf-202512011127-KMTR-FTUS46-TAFSJC 200 221 True
taf-202512011211-KMTR-FTUS46-TAFSFO-AAA 200 259 True
taf-202512011452-KMTR-FTUS46-TAFSFO-AAB 200 225 True
taf-202512011506-KMTR-FTUS46-TAFOAK-AAA 200 225 True
taf-202512011726-KMTR-FTUS46-TAFOAK 200 291 True
taf-202512011726-KMTR-FTUS46-TAFSFO 200 279 True
taf-202512011726-KMTR-FTUS46-TAFSJC 200 163 True
taf-202512011739-KMTR-FTUS46-TAFSFO-CCA 200 316 True
taf-202512012057-KMTR-FTUS46-TAFSFO-AAA 200 239 True
taf-202512012331-KMTR-FTUS46-TAFOAK 200 284 True
taf-202512012331-KMTR-FTUS46-TAFSFO 200 265 True
taf-202512012331-KMTR-FTUS46-TAFSJC 200 161 True
taf-202512020306-KMTR-FTUS46-TAFSFO-AAA 200 146 True
taf-202512020520-KMTR-FTUS46-TAFOAK 200 147 True
taf-202512020520-KMTR-FTUS46-TAFSFO 200 181 True
taf-202512020520-KMTR-FTUS46-TAFSJC 200 79 True
taf-202512020901-KMTR-FTUS46-TAFSFO-AAA 200 155 True
taf-202512021147-KMTR-FTUS46-TAFOAK 200 185 True
taf-202512021147-KMTR-FTUS46-TAFSFO 200 185 True
taf-202512021147-KMTR-FTUS46-TAFSJC 200 183 True
taf-202512021506-KMTR-FTUS46-TAFSFO-AAA 200 157 True
taf-202512021720-KMTR-FTUS46-TAFOAK 200 141 True
taf-202512021720-KMTR-FTUS46-TAFSFO 200 141 True
taf-202512021720-KMTR-FTUS46-TAFSJC 200 176 True
taf-202512022100-KMTR-FTUS46-TAFSFO-AAA 200 152 True
taf-202512022332-KMTR-FTUS46-TAFOAK 200 141 True
taf-202512022332-KMTR-FTUS46-TAFSFO 200 144 True
taf-202512022332-KMTR-FTUS46-TAFSJC 200 143 True
taf-202512030305-KMTR-FTUS46-TAFSFO-AAA 200 159 True
taf-202512030537-KMTR-FTUS46-TAFOAK 200 175 True
taf-202512030537-KMTR-FTUS46-TAFSFO 200 209 True
taf-202512030537-KMTR-FTUS46-TAFSJC 200 143 True
taf-202512030739-KMTR-FTUS46-TAFSJC-AAA 200 151 True
taf-202512030917-KMTR-FTUS46-TAFSFO-AAA 200 183 True
taf-202512031127-KMTR-FTUS46-TAFOAK 200 172 True
taf-202512031127-KMTR-FTUS46-TAFSFO 200 206 True
taf-202512031127-KMTR-FTUS46-TAFSJC 200 140 True
taf-202512031444-KMTR-FTUS46-TAFSFO-AAA 200 189 True
taf-202512031456-KMTR-FTUS46-TAFSJC-AAA 200 121 True
taf-202512031720-KMTR-FTUS46-TAFOAK 200 113 True
taf-202512031720-KMTR-FTUS46-TAFSFO 200 147 True
taf-202512031720-KMTR-FTUS46-TAFSJC 200 113 True
taf-202512032050-KMTR-FTUS46-TAFSFO-AAA 200 155 True
taf-202512032335-KMTR-FTUS46-TAFOAK 200 144 True
taf-202512032335-KMTR-FTUS46-TAFSFO 200 181 True
taf-202512032335-KMTR-FTUS46-TAFSJC 200 144 True
taf-202512040302-KMTR-FTUS46-TAFSFO-AAA 200 189 True
taf-202512040530-KMTR-FTUS46-TAFOAK 200 144 True
taf-202512040530-KMTR-FTUS46-TAFSFO 200 178 True
taf-202512040530-KMTR-FTUS46-TAFSJC 200 117 True
taf-202512040901-KMTR-FTUS46-TAFSFO-AAA 200 186 True
taf-202512041120-KMTR-FTUS46-TAFOAK 200 144 True
taf-202512041120-KMTR-FTUS46-TAFSFO 200 178 True
taf-202512041120-KMTR-FTUS46-TAFSJC 200 148 True
taf-202512041459-KMTR-FTUS46-TAFSFO-AAA 200 152 True
taf-202512041724-KMTR-FTUS46-TAFOAK 200 110 True
taf-202512041724-KMTR-FTUS46-TAFSFO 200 144 True
taf-202512041724-KMTR-FTUS46-TAFSJC 200 110 True
taf-202512042100-KMTR-FTUS46-TAFSFO-AAA 200 159 True
taf-202512042332-KMTR-FTUS46-TAFOAK 200 148 True
taf-202512042332-KMTR-FTUS46-TAFSFO 200 172 True
taf-202512042332-KMTR-FTUS46-TAFSJC 200 148 True
taf-202512050241-KMTR-FTUS46-TAFSFO-AAA 200 177 True
taf-202512050529-KMTR-FTUS46-TAFOAK 200 143 True
taf-202512050529-KMTR-FTUS46-TAFSFO 200 171 True
taf-202512050529-KMTR-FTUS46-TAFSJC 200 138 True
taf-202512050900-KMTR-FTUS46-TAFOAK-AAA 200 151 True
taf-202512051134-KMTR-FTUS46-TAFOAK 200 143 True
taf-202512051134-KMTR-FTUS46-TAFSFO 200 140 True
taf-202512051134-KMTR-FTUS46-TAFSJC 200 138 True
taf-202512051431-KMTR-FTUS46-TAFSFO-AAA 200 148 True
taf-202512051721-KMTR-FTUS46-TAFOAK 200 190 True
taf-202512051721-KMTR-FTUS46-TAFSFO 200 224 True
taf-202512051721-KMTR-FTUS46-TAFSJC 200 183 True
taf-202512052056-KMTR-FTUS46-TAFSFO-AAA 200 232 True
taf-202512052329-KMTR-FTUS46-TAFOAK 200 174 True
taf-202512052329-KMTR-FTUS46-TAFSFO 200 205 True
taf-202512052329-KMTR-FTUS46-TAFSJC 200 180 True
taf-202512060259-KMTR-FTUS46-TAFSFO-AAA 200 182 True
taf-202512060445-KMTR-FTUS46-TAFSFO-AAB 200 188 True
taf-202512060536-KMTR-FTUS46-TAFOAK 200 181 True
taf-202512060536-KMTR-FTUS46-TAFSFO 200 179 True
taf-202512060536-KMTR-FTUS46-TAFSJC 200 181 True
taf-202512060901-KMTR-FTUS46-TAFSFO-AAA 200 187 True
taf-202512061132-KMTR-FTUS46-TAFOAK 200 249 True
taf-202512061132-KMTR-FTUS46-TAFSFO 200 249 True
taf-202512061132-KMTR-FTUS46-TAFSJC 200 217 True
taf-202512061351-KMTR-FTUS46-TAFSJC-AAA 200 223 True
taf-202512061456-KMTR-FTUS46-TAFSFO-AAA 200 262 True
taf-202512061724-KMTR-FTUS46-TAFOAK 200 256 True
taf-202512061724-KMTR-FTUS46-TAFSFO 200 302 True
taf-202512061724-KMTR-FTUS46-TAFSJC 200 229 True
taf-202512062059-KMTR-FTUS46-TAFSFO-AAA 200 269 True
taf-202512062341-KMTR-FTUS46-TAFOAK 200 213 True
taf-202512062341-KMTR-FTUS46-TAFSFO 200 220 True
taf-202512062341-KMTR-FTUS46-TAFSJC 200 185 True
taf-202512070256-KMTR-FTUS46-TAFSFO-AAA 200 228 True
taf-202512070504-KMTR-FTUS46-TAFSFO-AAB 200 197 True
taf-202512070540-KMTR-FTUS46-TAFOAK 200 219 True
taf-202512070540-KMTR-FTUS46-TAFSFO 200 237 True
taf-202512070540-KMTR-FTUS46-TAFSJC 200 190 True
taf-202512070855-KMTR-FTUS46-TAFSFO-AAA 200 231 True
taf-202512071120-KMTR-FTUS46-TAFOAK 200 179 True
taf-202512071120-KMTR-FTUS46-TAFSFO 200 223 True
taf-202512071120-KMTR-FTUS46-TAFSJC 200 186 True
taf-202512071438-KMTR-FTUS46-TAFSFO-AAA 200 246 True
taf-202512071738-KMTR-FTUS46-TAFOAK 200 223 True
taf-202512071738-KMTR-FTUS46-TAFSFO 200 279 True
taf-202512071738-KMTR-FTUS46-TAFSJC 200 186 True
taf-202512072018-KMTR-FTUS46-TAFSFO-AAA 200 239 True
taf-202512072019-KMTR-FTUS46-TAFOAK-AAA 200 195 True
taf-202512072330-KMTR-FTUS46-TAFOAK 200 225 True
taf-202512072330-KMTR-FTUS46-TAFSFO 200 185 True
taf-202512072330-KMTR-FTUS46-TAFSJC 200 225 True
taf-202512080300-KMTR-FTUS46-TAFSFO-AAA 200 193 True
taf-202512080520-KMTR-FTUS46-TAFOAK 200 189 True
taf-202512080520-KMTR-FTUS46-TAFSFO 200 218 True
taf-202512080520-KMTR-FTUS46-TAFSJC 200 258 True
taf-202512080700-KMTR-FTUS46-TAFSFO-AAA 200 192 True
taf-202512081011-KMTR-FTUS46-TAFSFO-AAB 200 192 True
taf-202512081120-KMTR-FTUS46-TAFOAK 200 218 True
taf-202512081120-KMTR-FTUS46-TAFSFO 200 220 True
taf-202512081120-KMTR-FTUS46-TAFSJC 200 222 True
taf-202512081523-KMTR-FTUS46-TAFSFO-AAA 200 197 True
taf-202512081556-KMTR-FTUS46-TAFOAK-AAA 200 202 True
taf-202512081609-KMTR-FTUS46-TAFSFO-AAB 200 197 True
taf-202512081720-KMTR-FTUS46-TAFOAK 200 230 True
taf-202512081720-KMTR-FTUS46-TAFSFO 200 223 True
taf-202512081720-KMTR-FTUS46-TAFSJC 200 222 True
taf-202512081938-KMTR-FTUS46-TAFSFO-AAA 200 224 True
taf-202512082101-KMTR-FTUS46-TAFSFO-AAB 200 221 True
taf-202512082341-KMTR-FTUS46-TAFOAK 200 225 True
taf-202512082341-KMTR-FTUS46-TAFSFO 200 218 True
taf-202512082341-KMTR-FTUS46-TAFSJC 200 216 True
taf-202512090257-KMTR-FTUS46-TAFSFO-AAA 200 226 True
taf-202512090534-KMTR-FTUS46-TAFOAK 200 189 True
taf-202512090534-KMTR-FTUS46-TAFSFO 200 187 True
taf-202512090534-KMTR-FTUS46-TAFSJC 200 216 True
taf-202512090859-KMTR-FTUS46-TAFSFO-AAA 200 159 True
taf-202512091124-KMTR-FTUS46-TAFOAK 200 225 True
taf-202512091124-KMTR-FTUS46-TAFSFO 200 223 True
taf-202512091124-KMTR-FTUS46-TAFSJC 200 183 True
taf-202512091506-KMTR-FTUS46-TAFSFO-AAA 200 236 True
taf-202512091722-KMTR-FTUS46-TAFOAK 200 259 True
taf-202512091722-KMTR-FTUS46-TAFSFO 200 228 True
taf-202512091722-KMTR-FTUS46-TAFSJC 200 253 True
taf-202512091900-KMTR-FTUS46-TAFSFO-AAA 200 236 True
taf-202512091921-KMTR-FTUS46-TAFSJC-AAA 200 261 True
taf-202512092104-KMTR-FTUS46-TAFSFO-AAB 200 195 True
taf-202512092339-KMTR-FTUS46-TAFOAK 200 257 True
taf-202512092339-KMTR-FTUS46-TAFSFO 200 223 True
taf-202512092339-KMTR-FTUS46-TAFSJC 200 212 True
taf-202512100301-KMTR-FTUS46-TAFSFO-AAA 200 231 True
taf-202512100528-KMTR-FTUS46-TAFOAK 200 257 True
taf-202512100528-KMTR-FTUS46-TAFSFO 200 261 True
taf-202512100528-KMTR-FTUS46-TAFSJC 200 249 True
taf-202512100901-KMTR-FTUS46-TAFSFO-AAA 200 233 True
taf-202512101123-KMTR-FTUS46-TAFOAK 200 185 True
taf-202512101123-KMTR-FTUS46-TAFSFO 200 184 True
taf-202512101123-KMTR-FTUS46-TAFSJC 200 180 True
taf-202512101504-KMTR-FTUS46-TAFSFO-AAA 200 190 True
taf-202512101610-KMTR-FTUS46-TAFSJC-AAA 200 224 True
taf-202512101740-KMTR-FTUS46-TAFOAK 200 216 True
taf-202512101740-KMTR-FTUS46-TAFSFO 200 148 True
taf-202512101740-KMTR-FTUS46-TAFSJC 200 180 True
taf-202512102054-KMTR-FTUS46-TAFSFO-AAA 200 151 True
taf-202512102328-KMTR-FTUS46-TAFOAK 200 211 True
taf-202512102328-KMTR-FTUS46-TAFSFO 200 143 True
taf-202512102328-KMTR-FTUS46-TAFSJC 200 216 True
taf-202512110300-KMTR-FTUS46-TAFSFO-AAA 200 151 True
taf-202512110521-KMTR-FTUS46-TAFOAK 200 211 True
taf-202512110521-KMTR-FTUS46-TAFSFO 200 205 True
taf-202512110521-KMTR-FTUS46-TAFSJC 200 221 True
taf-202512110900-KMTR-FTUS46-TAFSFO-AAA 200 213 True
taf-202512111120-KMTR-FTUS46-TAFOAK 200 216 True
taf-202512111120-KMTR-FTUS46-TAFSFO 200 172 True
taf-202512111120-KMTR-FTUS46-TAFSJC 200 185 True
taf-202512111404-KMTR-FTUS46-TAFSJC-AAA 200 231 True
taf-202512111459-KMTR-FTUS46-TAFSFO-AAA 200 194 True
taf-202512111622-KMTR-FTUS46-TAFSFO-AAB 200 180 True
taf-202512111722-KMTR-FTUS46-TAFOAK 200 247 True
taf-202512111722-KMTR-FTUS46-TAFSFO 200 172 True
taf-202512111722-KMTR-FTUS46-TAFSJC 200 185 True
taf-202512111812-KMTR-FTUS46-TAFSFO-AAA 200 180 True
taf-202512111923-KMTR-FTUS46-TAFSJC-AAA 200 173 True
taf-202512112101-KMTR-FTUS46-TAFSJC-AAB 200 154 True
taf-202512112129-KMTR-FTUS46-TAFSFO-AAB 200 146 True
taf-202512112338-KMTR-FTUS46-TAFOAK 200 208 True
taf-202512112338-KMTR-FTUS46-TAFSFO 200 207 True
taf-202512112338-KMTR-FTUS46-TAFSJC 200 112 True
taf-202512120305-KMTR-FTUS46-TAFSFO-AAA 200 215 True
taf-202512120520-KMTR-FTUS46-TAFOAK 200 213 True
taf-202512120520-KMTR-FTUS46-TAFSFO 200 212 True
taf-202512120520-KMTR-FTUS46-TAFSJC 200 112 True
taf-202512120901-KMTR-FTUS46-TAFSFO-AAA 200 184 True
taf-202512121120-KMTR-FTUS46-TAFOAK 200 138 True
taf-202512121120-KMTR-FTUS46-TAFSFO 200 143 True
taf-202512121120-KMTR-FTUS46-TAFSJC 200 181 True
taf-202512121340-KMTR-FTUS46-TAFSJC-AAA 200 226 True
taf-202512121453-KMTR-FTUS46-TAFSFO-AAA 200 161 True
taf-202512121724-KMTR-FTUS46-TAFOAK 200 169 True
taf-202512121724-KMTR-FTUS46-TAFSFO 200 187 True
taf-202512121724-KMTR-FTUS46-TAFSJC 200 264 True
taf-202512122053-KMTR-FTUS46-TAFSFO-AAA 200 185 True
taf-202512122320-KMTR-FTUS46-TAFOAK 200 171 True
taf-202512122320-KMTR-FTUS46-TAFSFO 200 179 True
taf-202512122320-KMTR-FTUS46-TAFSJC 200 223 True
taf-202512130241-KMTR-FTUS46-TAFSFO-AAA 200 187 True
taf-202512130537-KMTR-FTUS46-TAFOAK 200 178 True
taf-202512130537-KMTR-FTUS46-TAFSFO 200 215 True
taf-202512130537-KMTR-FTUS46-TAFSJC 200 183 True
taf-202512130858-KMTR-FTUS46-TAFSFO-AAA 200 146 True
taf-202512131129-KMTR-FTUS46-TAFOAK 200 107 True
taf-202512131129-KMTR-FTUS46-TAFSFO 200 138 True
taf-202512131129-KMTR-FTUS46-TAFSJC 200 148 True
taf-202512131310-KMTR-FTUS46-TAFSFO-AAA 200 151 True
taf-202512131522-KMTR-FTUS46-TAFSFO-AAB 200 151 True
taf-202512131543-KMTR-FTUS46-TAFSJC-AAA 200 190 True
taf-202512131603-KMTR-FTUS46-TAFOAK-AAA 200 221 True
taf-202512131610-KMTR-FTUS46-TAFSFO-AAC 200 187 True
taf-202512131740-KMTR-FTUS46-TAFOAK 200 221 True
taf-202512131740-KMTR-FTUS46-TAFSFO 200 180 True
taf-202512131740-KMTR-FTUS46-TAFSJC 200 146 True
taf-202512132035-KMTR-FTUS46-TAFOAK-AAA 200 263 True
taf-202512132036-KMTR-FTUS46-TAFSFO-AAA 200 186 True
taf-202512132100-KMTR-FTUS46-TAFSFO-AAB 200 186 True
taf-202512132338-KMTR-FTUS46-TAFOAK 200 252 True
taf-202512132338-KMTR-FTUS46-TAFSFO 200 216 True
taf-202512132338-KMTR-FTUS46-TAFSJC 200 217 True
taf-202512140210-KMTR-FTUS46-TAFSFO-AAA 200 229 True
taf-202512140258-KMTR-FTUS46-TAFSFO-AAB 200 193 True
taf-202512140537-KMTR-FTUS46-TAFOAK 200 259 True
taf-202512140537-KMTR-FTUS46-TAFSFO 200 221 True
taf-202512140537-KMTR-FTUS46-TAFSJC 200 219 True
taf-202512140903-KMTR-FTUS46-TAFSFO-AAA 200 200 True
taf-202512140904-KMTR-FTUS46-TAFOAK-AAA 200 231 True
taf-202512141022-KMTR-FTUS46-TAFSJC-AAA 200 202 True
taf-202512141052-KMTR-FTUS46-TAFSFO-AAB 200 195 True
taf-202512141123-KMTR-FTUS46-TAFOAK 200 187 True
taf-202512141123-KMTR-FTUS46-TAFSFO 200 187 True
taf-202512141123-KMTR-FTUS46-TAFSJC 200 220 True
taf-202512141157-KMTR-FTUS46-TAFOAK-AAA 200 195 True
taf-202512141335-KMTR-FTUS46-TAFOAK-AAB 200 195 True
taf-202512141407-KMTR-FTUS46-TAFSJC-AAA 200 191 True
taf-202512141501-KMTR-FTUS46-TAFSFO-AAA 200 202 True
taf-202512141732-KMTR-FTUS46-TAFOAK 200 255 True
taf-202512141732-KMTR-FTUS46-TAFSFO 200 262 True
taf-202512141732-KMTR-FTUS46-TAFSJC 200 183 True
taf-202512141935-KMTR-FTUS46-TAFSFO-AAA 200 270 True
taf-202512142041-KMTR-FTUS46-TAFSJC-AAA 200 194 True
taf-202512142043-KMTR-FTUS46-TAFOAK-AAA 200 225 True
taf-202512142109-KMTR-FTUS46-TAFSFO-AAB 200 275 True
taf-202512142203-KMTR-FTUS46-TAFSJC-AAB 200 194 True
taf-202512142338-KMTR-FTUS46-TAFOAK 200 190 True
taf-202512142338-KMTR-FTUS46-TAFSFO 200 190 True
taf-202512142338-KMTR-FTUS46-TAFSJC 200 150 True
taf-202512150300-KMTR-FTUS46-TAFSFO-AAA 200 188 True
taf-202512150524-KMTR-FTUS46-TAFOAK 200 219 True
taf-202512150524-KMTR-FTUS46-TAFSFO 200 147 True
taf-202512150524-KMTR-FTUS46-TAFSJC 200 153 True
taf-202512150530-KMTR-FTUS46-TAFSJC-AAA 200 162 True
taf-202512150648-KMTR-FTUS46-TAFSJC-AAB 200 198 True
taf-202512150723-KMTR-FTUS46-TAFSFO-AAA 200 196 True
taf-202512150849-KMTR-FTUS46-TAFOAK-AAA 200 240 True
taf-202512150901-KMTR-FTUS46-TAFSFO-AAB 200 198 True
taf-202512151059-KMTR-FTUS46-TAFOAK-AAB 200 168 True
taf-202512151140-KMTR-FTUS46-TAFOAK 200 160 True
taf-202512151140-KMTR-FTUS46-TAFSFO 200 241 True
taf-202512151140-KMTR-FTUS46-TAFSJC 200 197 True
taf-202512151325-KMTR-FTUS46-TAFOAK-AAA 200 206 True
taf-202512151444-KMTR-FTUS46-TAFSFO-AAA 200 256 True
taf-202512151520-KMTR-FTUS46-TAFSFO-AAB 200 256 True
taf-202512151614-KMTR-FTUS46-TAFSFO-AAC 200 218 True
taf-202512151740-KMTR-FTUS46-TAFOAK 200 196 True
taf-202512151740-KMTR-FTUS46-TAFSFO 200 246 True
taf-202512151740-KMTR-FTUS46-TAFSJC 200 227 True
taf-202512151852-KMTR-FTUS46-TAFSFO-AAA 200 211 True
taf-202512151920-KMTR-FTUS46-TAFSJC-AAA 200 211 True
taf-202512152101-KMTR-FTUS46-TAFSFO-AAB 200 204 True
taf-202512152103-KMTR-FTUS46-TAFSJC-AAB 200 168 True
taf-202512152328-KMTR-FTUS46-TAFOAK 200 160 True
taf-202512152328-KMTR-FTUS46-TAFSFO 200 237 True
taf-202512152328-KMTR-FTUS46-TAFSJC 200 196 True
taf-202512160300-KMTR-FTUS46-TAFSFO-AAA 200 245 True
taf-202512160529-KMTR-FTUS46-TAFOAK 200 160 True
taf-202512160529-KMTR-FTUS46-TAFSFO 200 276 True
taf-202512160529-KMTR-FTUS46-TAFSJC 200 184 True
taf-202512160903-KMTR-FTUS46-TAFSFO-AAA 200 205 True
taf-202512160906-KMTR-FTUS46-TAFOAK-AAA 200 236 True
taf-202512161004-KMTR-FTUS46-TAFSJC-AAA 200 194 True
taf-202512161128-KMTR-FTUS46-TAFOAK 200 239 True
taf-202512161128-KMTR-FTUS46-TAFSFO 200 247 True
taf-202512161128-KMTR-FTUS46-TAFSJC 200 196 True
taf-202512161308-KMTR-FTUS46-TAFSJC-AAA 200 173 True
taf-202512161335-KMTR-FTUS46-TAFOAK-AAA 200 211 True
taf-202512161455-KMTR-FTUS46-TAFSFO-AAA 200 243 True
taf-202512161729-KMTR-FTUS46-TAFOAK 200 314 True
taf-202512161729-KMTR-FTUS46-TAFSFO 200 292 True
taf-202512161729-KMTR-FTUS46-TAFSJC 200 213 True
taf-202512161834-KMTR-FTUS46-TAFSFO-AAA 200 300 True
taf-202512161839-KMTR-FTUS46-TAFOAK-AAA 200 293 True
taf-202512162050-KMTR-FTUS46-TAFSFO-AAB 200 307 True
taf-202512162104-KMTR-FTUS46-TAFOAK-AAB 200 300 True
taf-202512162326-KMTR-FTUS46-TAFOAK 200 326 True
taf-202512162326-KMTR-FTUS46-TAFSFO 200 319 True
taf-202512162326-KMTR-FTUS46-TAFSJC 200 204 True
taf-202512170300-KMTR-FTUS46-TAFSFO-AAA 200 300 True
taf-202512170528-KMTR-FTUS46-TAFOAK 200 271 True
taf-202512170528-KMTR-FTUS46-TAFSFO 200 326 True
taf-202512170528-KMTR-FTUS46-TAFSJC 200 163 True
taf-202512170711-KMTR-FTUS46-TAFSFO-AAA 200 291 True
taf-202512170712-KMTR-FTUS46-TAFSJC-AAA 200 207 True
taf-202512170855-KMTR-FTUS46-TAFSJC-AAB 200 171 True
taf-202512170856-KMTR-FTUS46-TAFOAK-AAA 200 286 True
taf-202512170856-KMTR-FTUS46-TAFSFO-AAB 200 291 True
taf-202512171123-KMTR-FTUS46-TAFOAK 200 237 True
taf-202512171123-KMTR-FTUS46-TAFSFO 200 237 True
taf-202512171123-KMTR-FTUS46-TAFSJC 200 197 True
taf-202512171320-KMTR-FTUS46-TAFOAK-AAA 200 245 True
taf-202512171459-KMTR-FTUS46-TAFSFO-AAA 200 243 True
taf-202512171702-KMTR-FTUS46-TAFOAK-AAA 200 281 True
taf-202512171704-KMTR-FTUS46-TAFSFO-AAA 200 237 True
taf-202512171707-KMTR-FTUS46-TAFSJC-AAA 200 238 True
taf-202512171742-KMTR-FTUS46-TAFOAK 200 307 True
taf-202512171742-KMTR-FTUS46-TAFSFO 200 333 True
taf-202512171742-KMTR-FTUS46-TAFSJC 200 264 True
taf-202512172059-KMTR-FTUS46-TAFSFO-AAB 200 266 True
taf-202512172331-KMTR-FTUS46-TAFOAK 200 251 True
taf-202512172331-KMTR-FTUS46-TAFSFO 200 285 True
taf-202512172331-KMTR-FTUS46-TAFSJC 200 217 True
taf-202512180301-KMTR-FTUS46-TAFSFO-AAA 200 293 True
taf-202512180520-KMTR-FTUS46-TAFOAK 200 263 True
taf-202512180520-KMTR-FTUS46-TAFSFO 200 297 True
taf-202512180520-KMTR-FTUS46-TAFSJC 200 217 True
taf-202512180828-KMTR-FTUS46-TAFOAK-AAA 200 237 True
taf-202512180828-KMTR-FTUS46-TAFSFO-AAA 200 305 True
taf-202512180900-KMTR-FTUS46-TAFSFO-AAB 200 305 True
taf-202512181017-KMTR-FTUS46-TAFSFO-AAC 200 249 True
taf-202512181018-KMTR-FTUS46-TAFSJC-AAA 200 225 True
taf-202512181120-KMTR-FTUS46-TAFOAK 200 195 True
taf-202512181120-KMTR-FTUS46-TAFSFO 200 241 True
taf-202512181120-KMTR-FTUS46-TAFSJC 200 217 True
taf-202512181155-KMTR-FTUS46-TAFSJC-AAA 200 189 True
taf-202512181456-KMTR-FTUS46-TAFSFO-AAA 200 244 True
taf-202512181741-KMTR-FTUS46-TAFOAK 200 197 True
taf-202512181741-KMTR-FTUS46-TAFSFO 200 232 True
taf-202512181741-KMTR-FTUS46-TAFSJC 200 149 True
taf-202512182102-KMTR-FTUS46-TAFSFO-AAA 200 213 True
taf-202512182320-KMTR-FTUS46-TAFOAK 200 198 True
taf-202512182320-KMTR-FTUS46-TAFSFO 200 201 True
taf-202512182320-KMTR-FTUS46-TAFSJC 200 181 True
taf-202512190301-KMTR-FTUS46-TAFSFO-AAA 200 175 True
taf-202512190531-KMTR-FTUS46-TAFOAK 200 201 True
taf-202512190531-KMTR-FTUS46-TAFSFO 200 204 True
taf-202512190531-KMTR-FTUS46-TAFSJC 200 186 True
taf-202512190744-KMTR-FTUS46-TAFSFO-AAA 200 205 True
taf-202512190858-KMTR-FTUS46-TAFSFO-AAB 200 205 True
taf-202512191137-KMTR-FTUS46-TAFOAK 200 253 True
taf-202512191137-KMTR-FTUS46-TAFSFO 200 244 True
taf-202512191137-KMTR-FTUS46-TAFSJC 200 193 True
taf-202512191157-KMTR-FTUS46-TAFSFO-CCA 200 252 True
taf-202512191319-KMTR-FTUS46-TAFSFO-AAA 200 288 True
taf-202512191321-KMTR-FTUS46-TAFOAK-AAA 200 261 True
taf-202512191444-KMTR-FTUS46-TAFSFO-AAB 200 288 True
taf-202512191740-KMTR-FTUS46-TAFOAK 200 258 True
taf-202512191740-KMTR-FTUS46-TAFSFO 200 330 True
taf-202512191740-KMTR-FTUS46-TAFSJC 200 166 True
taf-202512192104-KMTR-FTUS46-TAFSFO-AAA 200 331 True
taf-202512192137-KMTR-FTUS46-TAFOAK-AAA 200 243 True
taf-202512192339-KMTR-FTUS46-TAFOAK 200 245 True
taf-202512192339-KMTR-FTUS46-TAFSFO 200 244 True
taf-202512192339-KMTR-FTUS46-TAFSJC 200 209 True
taf-202512200254-KMTR-FTUS46-TAFSFO-AAA 200 252 True
taf-202512200525-KMTR-FTUS46-TAFOAK 200 227 True
taf-202512200525-KMTR-FTUS46-TAFSFO 200 232 True
taf-202512200525-KMTR-FTUS46-TAFSJC 200 204 True
taf-202512200855-KMTR-FTUS46-TAFOAK-AAA 200 242 True
taf-202512200856-KMTR-FTUS46-TAFSFO-AAA 200 209 True
taf-202512200856-KMTR-FTUS46-TAFSJC-AAA 200 212 True
taf-202512201142-KMTR-FTUS46-TAFOAK 200 302 True
taf-202512201142-KMTR-FTUS46-TAFSFO 200 287 True
taf-202512201142-KMTR-FTUS46-TAFSJC 200 164 True
taf-202512201443-KMTR-FTUS46-TAFSFO-AAA 200 305 True
taf-202512201451-KMTR-FTUS46-TAFOAK-AAA 200 311 True
taf-202512201735-KMTR-FTUS46-TAFOAK 200 260 True
taf-202512201735-KMTR-FTUS46-TAFSFO 200 305 True
taf-202512201735-KMTR-FTUS46-TAFSJC 200 177 True
taf-202512202050-KMTR-FTUS46-TAFSFO-AAA 200 342 True
taf-202512202332-KMTR-FTUS46-TAFOAK 200 170 True
taf-202512202332-KMTR-FTUS46-TAFSFO 200 271 True
taf-202512202332-KMTR-FTUS46-TAFSJC 200 177 True
taf-202512202349-KMTR-FTUS46-TAFOAK-CCA 200 221 True
taf-202512202349-KMTR-FTUS46-TAFSFO-CCA 200 278 True
taf-202512202349-KMTR-FTUS46-TAFSJC-CCA 200 184 True
taf-202512210301-KMTR-FTUS46-TAFSFO-AAA 200 239 True
taf-202512210520-KMTR-FTUS46-TAFOAK 200 215 True
taf-202512210520-KMTR-FTUS46-TAFSFO 200 260 True
taf-202512210520-KMTR-FTUS46-TAFSJC 200 209 True
taf-202512210906-KMTR-FTUS46-TAFSFO-AAA 200 268 True
taf-202512210908-KMTR-FTUS46-TAFSJC-AAA 200 176 True
taf-202512211138-KMTR-FTUS46-TAFOAK 200 211 True
taf-202512211138-KMTR-FTUS46-TAFSFO 200 258 True
taf-202512211138-KMTR-FTUS46-TAFSJC 200 175 True
taf-202512211508-KMTR-FTUS46-TAFSFO-AAA 200 357 True
taf-202512211739-KMTR-FTUS46-TAFOAK 200 266 True
taf-202512211739-KMTR-FTUS46-TAFSFO 200 401 True
taf-202512211739-KMTR-FTUS46-TAFSJC 200 220 True
taf-202512212040-KMTR-FTUS46-TAFSJC-AAA 200 226 True
taf-202512212053-KMTR-FTUS46-TAFSFO-AAA 200 317 True
taf-202512212327-KMTR-FTUS46-TAFOAK 200 263 True
taf-202512212327-KMTR-FTUS46-TAFSFO 200 300 True
taf-202512212327-KMTR-FTUS46-TAFSJC 200 213 True
taf-202512220301-KMTR-FTUS46-TAFSFO-AAA 200 265 True
taf-202512220534-KMTR-FTUS46-TAFOAK 200 220 True
taf-202512220534-KMTR-FTUS46-TAFSFO 200 223 True
taf-202512220539-KMTR-FTUS46-TAFSJC 200 213 True
taf-202512220856-KMTR-FTUS46-TAFSFO-AAA 200 231 True
taf-202512220936-KMTR-FTUS46-TAFSJC-AAA 200 215 True
taf-202512221144-KMTR-FTUS46-TAFOAK 200 218 True
taf-202512221144-KMTR-FTUS46-TAFSFO 200 227 True
taf-202512221144-KMTR-FTUS46-TAFSJC 200 211 True
taf-202512221245-KMTR-FTUS46-TAFSFO-AAA 200 271 True
taf-202512221459-KMTR-FTUS46-TAFSFO-AAA 200 271 True
taf-202512221814-KMTR-FTUS46-TAFOAK-CCA 200 233 True
taf-202512221814-KMTR-FTUS46-TAFSFO-CCA 200 285 True
taf-202512221814-KMTR-FTUS46-TAFSJC-CCA 200 221 True
taf-202512221838-KMTR-FTUS46-TAFOAK-CCB 200 233 True
taf-202512221838-KMTR-FTUS46-TAFSFO-CCB 200 285 True
taf-202512221838-KMTR-FTUS46-TAFSJC-CCB 200 221 True
taf-202512222019-KMTR-FTUS46-TAFSFO-AAB 200 288 True
taf-202512222107-KMTR-FTUS46-TAFSFO-AAC 200 288 True
taf-202512222357-KMTR-FTUS46-TAFOAK 200 387 True
taf-202512222357-KMTR-FTUS46-TAFSFO 200 325 True
taf-202512222357-KMTR-FTUS46-TAFSJC 200 169 True
