{
  "built_at": "2026-09-12T18:16:53.899201+00:00",
  "stage": "real_program_inputs_not_model_results",
  "contract_sha256": "23b5f0fe4fc1b87b43fe1305181ed21a5b7d7c69f2f386c402ccad3225cd5295",
  "metar_rows": 1585,
  "decoded_metar_rows": 1585,
  "native_taf_bulletins_decoded": 473,
  "taf_operators": {
    "BASE": 473,
    "FM": 1318,
    "TEMPO": 139
  },
  "station_report_counts": {
    "KSFO": 528,
    "KOAK": 529,
    "KSJC": 528
  },
  "targets": 2910,
  "opportunities": 8640,
  "query_pool": 1440,
  "by_threshold": {
    "1000": {
      "opportunities": 4320,
      "settlement": {
        "settled_final_archived_report": 4317,
        "ambiguous_routine_slot_or_revision": 3
      },
      "positive_opportunities": 117,
      "unique_positive_targets": 39,
      "complete_native_taf_opportunities": 4320
    },
    "5000": {
      "opportunities": 4320,
      "settlement": {
        "settled_final_archived_report": 4317,
        "ambiguous_routine_slot_or_revision": 3
      },
      "positive_opportunities": 258,
      "unique_positive_targets": 86,
      "complete_native_taf_opportunities": 4320
    }
  },
  "query_statuses": {
    "disclosed_product_fact": 1415,
    "correction_chronology_unproven": 24,
    "conflicting_or_multiple_routine_reports": 1
  },
  "failures": [
    {
      "kind": "taf_decode",
      "source_id": "taf-202312021819-KMTR-FTUS46-TAFOAK-AAA",
      "failure": "Unverified source capture: taf-202312021819-KMTR-FTUS46-TAFOAK-AAA"
    },
    {
      "kind": "taf_decode",
      "source_id": "taf-202312201122-KMTR-FTUS46-TAFSJC",
      "failure": "Unsupported native TAF tokens: AMD NOT SKED"
    },
    {
      "kind": "taf_decode",
      "source_id": "taf-202312201456-KMTR-FTUS46-TAFSJC-AAA",
      "failure": "Unsupported native TAF tokens: AMD NOT SKED"
    }
  ],
  "independent_event_count": null,
  "confirmation": false,
  "image_join_verified": false,
  "historical_first_seen_verified": false,
  "probability_baseline_calibrated": false,
  "source_registry_replaced": false,
  "implementation_sha256": {
    "/mnt/afs/260010168/extreme_weather_benchmark/development/disastertrace-next/plans/v7_review_execution_20260912/build_regional.py": "7d70fe2fab75deee1b924a5213c7016f57361324f42dc0b6ec97bbe3dabc5558",
    "/mnt/afs/260010168/extreme_weather_benchmark/development/disastertrace-next/disastertrace-starter/src/disastertrace/monitoring_v1/providers/aviation.py": "48c6db2fdf8a55d45ea07d844669358dd694e4d22f1d3b32436246e662f17968"
  }
}
