taf-202312010324-KMTR-FTUS46-TAFSFO-AAA 200 192 True
taf-202312010325-KMTR-FTUS46-TAFOAK-AAA 200 226 True
taf-202312010326-KMTR-FTUS46-TAFSJC-AAA 200 200 True
taf-202312010520-KMTR-FTUS46-TAFOAK 200 218 True
taf-202312010520-KMTR-FTUS46-TAFSFO 200 191 True
taf-202312010520-KMTR-FTUS46-TAFSJC 200 199 True
taf-202312010852-KMTR-FTUS46-TAFSFO-AAA 200 172 True
taf-202312011138-KMTR-FTUS46-TAFOAK 200 198 True
taf-202312011138-KMTR-FTUS46-TAFSFO 200 198 True
taf-202312011138-KMTR-FTUS46-TAFSJC 200 198 True
taf-202312011443-KMTR-FTUS46-TAFSFO-AAA 200 196 True
taf-202312011731-KMTR-FTUS46-TAFOAK 200 232 True
taf-202312011731-KMTR-FTUS46-TAFSFO 200 162 True
taf-202312011731-KMTR-FTUS46-TAFSJC 200 232 True
taf-202312011901-KMTR-FTUS46-TAFSFO-AAA 200 204 True
taf-202312012041-KMTR-FTUS46-TAFSFO-AAB 200 204 True
taf-202312012100-KMTR-FTUS46-TAFSFO-AAC 200 170 True
taf-202312012101-KMTR-FTUS46-TAFSJC-AAA 200 203 True
taf-202312012330-KMTR-FTUS46-TAFOAK 200 193 True
taf-202312012330-KMTR-FTUS46-TAFSFO 200 196 True
taf-202312012330-KMTR-FTUS46-TAFSJC 200 193 True
taf-202312020259-KMTR-FTUS46-TAFSFO-AAA 200 160 True
taf-202312020421-KMTR-FTUS46-TAFOAK-AAA 200 165 True
taf-202312020422-KMTR-FTUS46-TAFSFO-AAB 200 165 True
taf-202312020424-KMTR-FTUS46-TAFSJC-AAA 200 160 True
taf-202312020520-KMTR-FTUS46-TAFOAK 200 191 True
taf-202312020520-KMTR-FTUS46-TAFSFO 200 186 True
taf-202312020520-KMTR-FTUS46-TAFSJC 200 196 True
taf-202312020551-KMTR-FTUS46-TAFSFO-RRA 200 195 True
taf-202312020750-KMTR-FTUS46-TAFSJC-AAA 200 233 True
taf-202312020903-KMTR-FTUS46-TAFSFO-AAA 200 235 True
taf-202312021139-KMTR-FTUS46-TAFOAK 200 205 True
taf-202312021139-KMTR-FTUS46-TAFSFO 200 251 True
taf-202312021139-KMTR-FTUS46-TAFSJC 200 230 True
taf-202312021154-KMTR-FTUS46-TAFSJC-CCA 200 235 True
taf-202312021215-KMTR-FTUS46-TAFOAK-AAA 200 243 True
taf-202312021457-KMTR-FTUS46-TAFSFO-AAA 200 259 True
taf-202312021730-KMTR-FTUS46-TAFOAK 200 267 True
taf-202312021730-KMTR-FTUS46-TAFSFO 200 258 True
taf-202312021730-KMTR-FTUS46-TAFSJC 200 227 True
taf-202312021818-KMTR-FTUS46-TAFSJC-AAA 200 206 True
taf-202312021819-KMTR-FTUS46-TAFOAK-AAA None 0 False
taf-202312021908-KMTR-FTUS46-TAFOAK-AAB 200 278 True
taf-202312022054-KMTR-FTUS46-TAFSFO-AAA 200 220 True
taf-202312022208-KMTR-FTUS46-TAFOAK-AAC 200 201 True
taf-202312022325-KMTR-FTUS46-TAFOAK 200 222 True
taf-202312022325-KMTR-FTUS46-TAFSFO 200 239 True
taf-202312022325-KMTR-FTUS46-TAFSJC 200 188 True
taf-202312030211-KMTR-FTUS46-TAFSFO-AAA 200 208 True
taf-202312030316-KMTR-FTUS46-TAFOAK-AAA 200 128 True
taf-202312030520-KMTR-FTUS46-TAFOAK 200 147 True
taf-202312030520-KMTR-FTUS46-TAFSFO 200 120 True
taf-202312030520-KMTR-FTUS46-TAFSJC 200 120 True
taf-202312030753-KMTR-FTUS46-TAFOAK-AAA 200 232 True
taf-202312030853-KMTR-FTUS46-TAFSFO-AAA 200 128 True
taf-202312031140-KMTR-FTUS46-TAFOAK 200 272 True
taf-202312031140-KMTR-FTUS46-TAFSFO 200 202 True
taf-202312031140-KMTR-FTUS46-TAFSJC 200 195 True
taf-202312031449-KMTR-FTUS46-TAFSFO-AAA 200 210 True
taf-202312031605-KMTR-FTUS46-TAFSJC-AAA 200 239 True
taf-202312031607-KMTR-FTUS46-TAFOAK-AAA 200 210 True
taf-202312031720-KMTR-FTUS46-TAFOAK 200 233 True
taf-202312031720-KMTR-FTUS46-TAFSFO 200 233 True
taf-202312031720-KMTR-FTUS46-TAFSJC 200 195 True
taf-202312031945-KMTR-FTUS46-TAFSFO-AAA 200 241 True
taf-202312032056-KMTR-FTUS46-TAFSFO-AAB 200 241 True
taf-202312032320-KMTR-FTUS46-TAFOAK 200 228 True
taf-202312032320-KMTR-FTUS46-TAFSFO 200 194 True
taf-202312032320-KMTR-FTUS46-TAFSJC 200 195 True
taf-202312040301-KMTR-FTUS46-TAFSFO-AAA 200 168 True
taf-202312040520-KMTR-FTUS46-TAFOAK 200 242 True
taf-202312040520-KMTR-FTUS46-TAFSFO 200 242 True
taf-202312040520-KMTR-FTUS46-TAFSJC 200 199 True
taf-202312040903-KMTR-FTUS46-TAFSFO-AAA 200 250 True
taf-202312041120-KMTR-FTUS46-TAFOAK 200 319 True
taf-202312041120-KMTR-FTUS46-TAFSFO 200 321 True
taf-202312041120-KMTR-FTUS46-TAFSJC 200 185 True
taf-202312041319-KMTR-FTUS46-TAFOAK-AAA 200 251 True
taf-202312041320-KMTR-FTUS46-TAFOAK-AAB 200 251 True
taf-202312041321-KMTR-FTUS46-TAFSFO-AAA 200 329 True
taf-202312041501-KMTR-FTUS46-TAFSFO-AAB 200 250 True
taf-202312041602-KMTR-FTUS46-TAFSJC-AAA 200 193 True
taf-202312041647-KMTR-FTUS46-TAFOAK-AAC 200 208 True
taf-202312041701-KMTR-FTUS46-TAFSJC-AAB 200 159 True
taf-202312041729-KMTR-FTUS46-TAFOAK 200 267 True
taf-202312041729-KMTR-FTUS46-TAFSFO 200 276 True
taf-202312041729-KMTR-FTUS46-TAFSJC 200 194 True
taf-202312041731-KMTR-FTUS46-TAFSJC-AAA 200 238 True
taf-202312041834-KMTR-FTUS46-TAFSJC-AAB 200 202 True
taf-202312041852-KMTR-FTUS46-TAFOAK-AAA 200 273 True
taf-202312041933-KMTR-FTUS46-TAFOAK-AAB 200 275 True
taf-202312041954-KMTR-FTUS46-TAFSJC-AAC 200 202 True
taf-202312041958-KMTR-FTUS46-TAFSFO-AAA 200 250 True
taf-202312042031-KMTR-FTUS46-TAFOAK-AAC 200 275 True
taf-202312042100-KMTR-FTUS46-TAFSFO-AAB 200 207 True
taf-202312042131-KMTR-FTUS46-TAFOAK-AAD 200 238 True
taf-202312042329-KMTR-FTUS46-TAFOAK 200 191 True
taf-202312042329-KMTR-FTUS46-TAFSFO 200 241 True
taf-202312042329-KMTR-FTUS46-TAFSJC 200 229 True
taf-202312050302-KMTR-FTUS46-TAFSFO-AAA 200 249 True
taf-202312050522-KMTR-FTUS46-TAFOAK 200 154 True
taf-202312050522-KMTR-FTUS46-TAFSFO 200 241 True
taf-202312050522-KMTR-FTUS46-TAFSJC 200 229 True
taf-202312050900-KMTR-FTUS46-TAFSFO-AAA 200 213 True
taf-202312050928-KMTR-FTUS46-TAFSJC-AAA 200 237 True
taf-202312051132-KMTR-FTUS46-TAFOAK 200 166 True
taf-202312051132-KMTR-FTUS46-TAFSFO 200 210 True
taf-202312051132-KMTR-FTUS46-TAFSJC 200 231 True
taf-202312051142-KMTR-FTUS46-TAFSFO-CCA 200 210 True
taf-202312051459-KMTR-FTUS46-TAFSFO-AAA 200 210 True
taf-202312051514-KMTR-FTUS46-TAFSFO-AAA 200 210 True
taf-202312051515-KMTR-FTUS46-TAFSFO-AAB 200 210 True
taf-202312051632-KMTR-FTUS46-TAFSJC-AAA 200 159 True
taf-202312051659-KMTR-FTUS46-TAFSJC-AAB 200 159 True
taf-202312051722-KMTR-FTUS46-TAFOAK 200 242 True
taf-202312051722-KMTR-FTUS46-TAFSFO 200 271 True
taf-202312051722-KMTR-FTUS46-TAFSJC 200 185 True
taf-202312051817-KMTR-FTUS46-TAFSJC-AAA 200 157 True
taf-202312051953-KMTR-FTUS46-TAFSFO-AAA 200 242 True
taf-202312051955-KMTR-FTUS46-TAFOAK-AAA 200 251 True
taf-202312052100-KMTR-FTUS46-TAFSFO-AAB 200 249 True
taf-202312052340-KMTR-FTUS46-TAFOAK 200 279 True
taf-202312052340-KMTR-FTUS46-TAFSFO 200 276 True
taf-202312052340-KMTR-FTUS46-TAFSJC 200 227 True
taf-202312060302-KMTR-FTUS46-TAFSFO-AAA 200 284 True
taf-202312060522-KMTR-FTUS46-TAFOAK 200 314 True
taf-202312060522-KMTR-FTUS46-TAFSFO 200 307 True
taf-202312060522-KMTR-FTUS46-TAFSJC 200 272 True
taf-202312060900-KMTR-FTUS46-TAFSFO-AAA 200 315 True
taf-202312061133-KMTR-FTUS46-TAFOAK 200 314 True
taf-202312061133-KMTR-FTUS46-TAFSFO 200 307 True
taf-202312061133-KMTR-FTUS46-TAFSJC 200 274 True
taf-202312061208-KMTR-FTUS46-TAFOAK-AAA 200 358 True
taf-202312061208-KMTR-FTUS46-TAFSFO-AAA 200 311 True
taf-202312061316-KMTR-FTUS46-TAFOAK-AAB 200 364 True
taf-202312061316-KMTR-FTUS46-TAFSFO-AAB 200 317 True
taf-202312061459-KMTR-FTUS46-TAFSFO-AAC 200 317 True
taf-202312061500-KMTR-FTUS46-TAFSFO-AAD 200 317 True
taf-202312061521-KMTR-FTUS46-TAFOAK-AAC 200 314 True
taf-202312061606-KMTR-FTUS46-TAFOAK-AAD 200 311 True
taf-202312061606-KMTR-FTUS46-TAFSFO-AAE 200 317 True
taf-202312061720-KMTR-FTUS46-TAFOAK 200 274 True
taf-202312061720-KMTR-FTUS46-TAFSFO 200 276 True
taf-202312061720-KMTR-FTUS46-TAFSJC 200 204 True
taf-202312061749-KMTR-FTUS46-TAFOAK-AAA 200 282 True
taf-202312062100-KMTR-FTUS46-TAFSFO-AAA 200 242 True
taf-202312062134-KMTR-FTUS46-TAFSFO-AAB 200 292 True
taf-202312062338-KMTR-FTUS46-TAFOAK 200 236 True
taf-202312062338-KMTR-FTUS46-TAFSFO 200 274 True
taf-202312062338-KMTR-FTUS46-TAFSJC 200 209 True
taf-202312070048-KMTR-FTUS46-TAFOAK-AAA 200 244 True
taf-202312070050-KMTR-FTUS46-TAFSFO-AAA 200 318 True
taf-202312070219-KMTR-FTUS46-TAFOAK-AAB 200 246 True
taf-202312070307-KMTR-FTUS46-TAFSFO-AAB 200 240 True
taf-202312070313-KMTR-FTUS46-TAFOAK-AAC 200 203 True
taf-202312070328-KMTR-FTUS46-TAFSJC-AAA 200 157 True
taf-202312070532-KMTR-FTUS46-TAFOAK 200 268 True
taf-202312070532-KMTR-FTUS46-TAFSFO 200 241 True
taf-202312070532-KMTR-FTUS46-TAFSJC 200 163 True
taf-202312070900-KMTR-FTUS46-TAFSFO-AAA 200 249 True
taf-202312071126-KMTR-FTUS46-TAFOAK 200 268 True
taf-202312071126-KMTR-FTUS46-TAFSFO 200 234 True
taf-202312071126-KMTR-FTUS46-TAFSJC 200 197 True
taf-202312071514-KMTR-FTUS46-TAFSFO-AAA 200 242 True
taf-202312071536-KMTR-FTUS46-TAFOAK-AAA 200 199 True
taf-202312071720-KMTR-FTUS46-TAFOAK 200 186 True
taf-202312071720-KMTR-FTUS46-TAFSFO 200 195 True
taf-202312071720-KMTR-FTUS46-TAFSJC 200 220 True
taf-202312071808-KMTR-FTUS46-TAFOAK-AAA 200 225 True
taf-202312072020-KMTR-FTUS46-TAFSFO-AAA 200 162 True
taf-202312072114-KMTR-FTUS46-TAFSFO-AAB 200 162 True
taf-202312072340-KMTR-FTUS46-TAFOAK 200 244 True
taf-202312072340-KMTR-FTUS46-TAFSFO 200 254 True
taf-202312072340-KMTR-FTUS46-TAFSJC 200 261 True
taf-202312080238-KMTR-FTUS46-TAFSFO-AAA 200 215 True
taf-202312080239-KMTR-FTUS46-TAFSJC-AAA 200 239 True
taf-202312080240-KMTR-FTUS46-TAFSJC-CCA 200 246 True
taf-202312080302-KMTR-FTUS46-TAFSFO-AAB 200 218 True
taf-202312080321-KMTR-FTUS46-TAFSJC-AAB 200 246 True
taf-202312080540-KMTR-FTUS46-TAFOAK 200 287 True
taf-202312080540-KMTR-FTUS46-TAFSFO 200 287 True
taf-202312080540-KMTR-FTUS46-TAFSJC 200 266 True
taf-202312080859-KMTR-FTUS46-TAFSFO-AAA 200 152 True
taf-202312080914-KMTR-FTUS46-TAFSJC-AAA 200 234 True
taf-202312081129-KMTR-FTUS46-TAFOAK 200 141 True
taf-202312081129-KMTR-FTUS46-TAFSFO 200 147 True
taf-202312081129-KMTR-FTUS46-TAFSJC 200 141 True
taf-202312081501-KMTR-FTUS46-TAFSFO-AAA 200 155 True
taf-202312081728-KMTR-FTUS46-TAFOAK 200 144 True
taf-202312081728-KMTR-FTUS46-TAFSFO 200 181 True
taf-202312081728-KMTR-FTUS46-TAFSJC 200 110 True
taf-202312082057-KMTR-FTUS46-TAFSFO-AAA 200 189 True
taf-202312082324-KMTR-FTUS46-TAFOAK 200 144 True
taf-202312082324-KMTR-FTUS46-TAFSFO 200 181 True
taf-202312082324-KMTR-FTUS46-TAFSJC 200 144 True
taf-202312090300-KMTR-FTUS46-TAFSFO-AAA 200 189 True
taf-202312090520-KMTR-FTUS46-TAFOAK 200 144 True
taf-202312090520-KMTR-FTUS46-TAFSFO 200 181 True
taf-202312090520-KMTR-FTUS46-TAFSJC 200 113 True
taf-202312090900-KMTR-FTUS46-TAFSFO-AAA 200 186 True
taf-202312091128-KMTR-FTUS46-TAFOAK 200 147 True
taf-202312091128-KMTR-FTUS46-TAFSFO 200 147 True
taf-202312091128-KMTR-FTUS46-TAFSJC 200 147 True
taf-202312091458-KMTR-FTUS46-TAFSFO-AAA 200 189 True
taf-202312091726-KMTR-FTUS46-TAFOAK 200 147 True
taf-202312091726-KMTR-FTUS46-TAFSFO 200 147 True
taf-202312091726-KMTR-FTUS46-TAFSJC 200 147 True
taf-202312092056-KMTR-FTUS46-TAFSFO-AAA 200 155 True
taf-202312092320-KMTR-FTUS46-TAFOAK 200 147 True
taf-202312092320-KMTR-FTUS46-TAFSFO 200 215 True
taf-202312092320-KMTR-FTUS46-TAFSJC 200 113 True
taf-202312100300-KMTR-FTUS46-TAFSFO-AAA 200 189 True
taf-202312100520-KMTR-FTUS46-TAFOAK 200 147 True
taf-202312100520-KMTR-FTUS46-TAFSFO 200 147 True
taf-202312100520-KMTR-FTUS46-TAFSJC 200 79 True
taf-202312100857-KMTR-FTUS46-TAFSFO-AAA 200 155 True
taf-202312101129-KMTR-FTUS46-TAFOAK 200 147 True
taf-202312101129-KMTR-FTUS46-TAFSFO 200 147 True
taf-202312101129-KMTR-FTUS46-TAFSJC 200 147 True
taf-202312101458-KMTR-FTUS46-TAFSFO-AAA 200 155 True
taf-202312101722-KMTR-FTUS46-TAFOAK 200 147 True
taf-202312101722-KMTR-FTUS46-TAFSFO 200 181 True
taf-202312101722-KMTR-FTUS46-TAFSJC 200 147 True
taf-202312102100-KMTR-FTUS46-TAFSFO-AAA 200 155 True
taf-202312102320-KMTR-FTUS46-TAFOAK 200 154 True
taf-202312102320-KMTR-FTUS46-TAFSFO 200 113 True
taf-202312102320-KMTR-FTUS46-TAFSJC 200 147 True
taf-202312110255-KMTR-FTUS46-TAFSFO-AAA 200 121 True
taf-202312110520-KMTR-FTUS46-TAFOAK 200 154 True
taf-202312110520-KMTR-FTUS46-TAFSFO 200 154 True
taf-202312110520-KMTR-FTUS46-TAFSJC 200 147 True
taf-202312110859-KMTR-FTUS46-TAFSFO-AAA 200 162 True
taf-202312111134-KMTR-FTUS46-TAFOAK 200 181 True
taf-202312111134-KMTR-FTUS46-TAFSFO 200 147 True
taf-202312111134-KMTR-FTUS46-TAFSJC 200 113 True
taf-202312111502-KMTR-FTUS46-TAFSFO-AAA 200 189 True
taf-202312111720-KMTR-FTUS46-TAFOAK 200 212 True
taf-202312111720-KMTR-FTUS46-TAFSFO 200 212 True
taf-202312111720-KMTR-FTUS46-TAFSJC 200 147 True
taf-202312112103-KMTR-FTUS46-TAFSFO-AAA 200 220 True
taf-202312112320-KMTR-FTUS46-TAFOAK 200 215 True
taf-202312112320-KMTR-FTUS46-TAFSFO 200 215 True
taf-202312112320-KMTR-FTUS46-TAFSJC 200 215 True
taf-202312120109-KMTR-FTUS46-TAFSFO-AAA 200 189 True
taf-202312120258-KMTR-FTUS46-TAFSFO-AAB 200 189 True
taf-202312120520-KMTR-FTUS46-TAFOAK 200 181 True
taf-202312120520-KMTR-FTUS46-TAFSFO 200 158 True
taf-202312120520-KMTR-FTUS46-TAFSJC 200 113 True
taf-202312120609-KMTR-FTUS46-TAFOAK-AAA 200 162 True
taf-202312120900-KMTR-FTUS46-TAFSFO-AAA 200 166 True
taf-202312120905-KMTR-FTUS46-TAFOAK-AAB 200 155 True
taf-202312121120-KMTR-FTUS46-TAFOAK 200 149 True
taf-202312121120-KMTR-FTUS46-TAFSFO 200 192 True
taf-202312121120-KMTR-FTUS46-TAFSJC 200 147 True
taf-202312121415-KMTR-FTUS46-TAFSJC-AAA 200 184 True
taf-202312121416-KMTR-FTUS46-TAFOAK-AAA 200 186 True
taf-202312121457-KMTR-FTUS46-TAFSFO-AAA 200 152 True
taf-202312121626-KMTR-FTUS46-TAFOAK-AAB 200 186 True
taf-202312121740-KMTR-FTUS46-TAFOAK 200 233 True
taf-202312121740-KMTR-FTUS46-TAFSFO 200 260 True
taf-202312121740-KMTR-FTUS46-TAFSJC 200 113 True
taf-202312121742-KMTR-FTUS46-TAFSJC-CCA 200 225 True
taf-202312122059-KMTR-FTUS46-TAFSFO-AAA 200 239 True
taf-202312122320-KMTR-FTUS46-TAFOAK 200 224 True
taf-202312122320-KMTR-FTUS46-TAFSFO 200 228 True
taf-202312122320-KMTR-FTUS46-TAFSJC 200 146 True
taf-202312130236-KMTR-FTUS46-TAFSFO-AAA 200 205 True
taf-202312130346-KMTR-FTUS46-TAFSFO-AAB 200 234 True
taf-202312130434-KMTR-FTUS46-TAFOAK-AAA 200 192 True
taf-202312130533-KMTR-FTUS46-TAFOAK 200 184 True
taf-202312130533-KMTR-FTUS46-TAFSFO 200 226 True
taf-202312130533-KMTR-FTUS46-TAFSJC 200 183 True
taf-202312130732-KMTR-FTUS46-TAFSFO-AAA 200 164 True
taf-202312130900-KMTR-FTUS46-TAFSFO-AAB 200 166 True
taf-202312130901-KMTR-FTUS46-TAFSFO-CCA 200 166 True
taf-202312131133-KMTR-FTUS46-TAFOAK 200 184 True
taf-202312131133-KMTR-FTUS46-TAFSFO 200 157 True
taf-202312131133-KMTR-FTUS46-TAFSJC 200 183 True
taf-202312131358-KMTR-FTUS46-TAFSFO-AAA 200 164 True
taf-202312131419-KMTR-FTUS46-TAFSFO-AAB 200 205 True
taf-202312131449-KMTR-FTUS46-TAFSJC-AAA 200 186 True
taf-202312131505-KMTR-FTUS46-TAFSFO-AAC 200 205 True
taf-202312131506-KMTR-FTUS46-TAFOAK-AAA 200 192 True
taf-202312131506-KMTR-FTUS46-TAFSJC-AAB 200 193 True
taf-202312131734-KMTR-FTUS46-TAFOAK 200 253 True
taf-202312131734-KMTR-FTUS46-TAFSFO 200 195 True
taf-202312131734-KMTR-FTUS46-TAFSJC 200 200 True
taf-202312132101-KMTR-FTUS46-TAFSFO-AAA 200 196 True
taf-202312132328-KMTR-FTUS46-TAFOAK 200 190 True
taf-202312132328-KMTR-FTUS46-TAFSFO 200 188 True
taf-202312132328-KMTR-FTUS46-TAFSJC 200 156 True
taf-202312140000-KMTR-FTUS46-TAFOAK 200 79 True
taf-202312140000-KMTR-FTUS46-TAFSFO 200 120 True
taf-202312140000-KMTR-FTUS46-TAFSJC 200 113 True
taf-202312140301-KMTR-FTUS46-TAFSFO-AAA 200 128 True
taf-202312140520-KMTR-FTUS46-TAFOAK 200 190 True
taf-202312140520-KMTR-FTUS46-TAFSFO 200 161 True
taf-202312140520-KMTR-FTUS46-TAFSJC 200 147 True
taf-202312140900-KMTR-FTUS46-TAFSFO-AAA 200 135 True
taf-202312141126-KMTR-FTUS46-TAFOAK 200 190 True
taf-202312141126-KMTR-FTUS46-TAFSFO 200 127 True
taf-202312141126-KMTR-FTUS46-TAFSJC 200 147 True
taf-202312141509-KMTR-FTUS46-TAFSFO-AAA 200 94 True
taf-202312141510-KMTR-FTUS46-TAFOAK-AAA 200 87 True
taf-202312141512-KMTR-FTUS46-TAFSJC-AAA 200 155 True
taf-202312141722-KMTR-FTUS46-TAFOAK 200 79 True
taf-202312141722-KMTR-FTUS46-TAFSFO 200 86 True
taf-202312141722-KMTR-FTUS46-TAFSJC 200 147 True
taf-202312142100-KMTR-FTUS46-TAFSFO-AAA 200 94 True
taf-202312142322-KMTR-FTUS46-TAFOAK 200 79 True
taf-202312142322-KMTR-FTUS46-TAFSFO 200 120 True
taf-202312142322-KMTR-FTUS46-TAFSJC 200 113 True
taf-202312150258-KMTR-FTUS46-TAFSFO-AAA 200 121 True
taf-202312150520-KMTR-FTUS46-TAFOAK 200 113 True
taf-202312150520-KMTR-FTUS46-TAFSFO 200 154 True
taf-202312150520-KMTR-FTUS46-TAFSJC 200 147 True
taf-202312151058-KMTR-FTUS46-TAFSFO-AAA 200 155 True
taf-202312151120-KMTR-FTUS46-TAFOAK 200 147 True
taf-202312151120-KMTR-FTUS46-TAFSFO 200 79 True
taf-202312151120-KMTR-FTUS46-TAFSJC 200 79 True
taf-202312151455-KMTR-FTUS46-TAFSFO-AAA 200 87 True
taf-202312151727-KMTR-FTUS46-TAFOAK 200 181 True
taf-202312151727-KMTR-FTUS46-TAFSFO 200 113 True
taf-202312151727-KMTR-FTUS46-TAFSJC 200 122 True
taf-202312152053-KMTR-FTUS46-TAFSFO-AAA 200 94 True
taf-202312152321-KMTR-FTUS46-TAFOAK 200 147 True
taf-202312152321-KMTR-FTUS46-TAFSFO 200 86 True
taf-202312152321-KMTR-FTUS46-TAFSJC 200 154 True
taf-202312160246-KMTR-FTUS46-TAFSFO-AAA 200 87 True
taf-202312160520-KMTR-FTUS46-TAFOAK 200 147 True
taf-202312160520-KMTR-FTUS46-TAFSFO 200 120 True
taf-202312160520-KMTR-FTUS46-TAFSJC 200 113 True
taf-202312161035-KMTR-FTUS46-TAFSFO-AAA 200 121 True
taf-202312161120-KMTR-FTUS46-TAFOAK 200 79 True
taf-202312161120-KMTR-FTUS46-TAFSFO 200 79 True
taf-202312161120-KMTR-FTUS46-TAFSJC 200 147 True
taf-202312161457-KMTR-FTUS46-TAFSFO-AAA 200 87 True
taf-202312161721-KMTR-FTUS46-TAFOAK 200 118 True
taf-202312161721-KMTR-FTUS46-TAFSFO 200 118 True
taf-202312161721-KMTR-FTUS46-TAFSJC 200 147 True
taf-202312162054-KMTR-FTUS46-TAFSFO-AAA 200 126 True
taf-202312162321-KMTR-FTUS46-TAFOAK 200 118 True
taf-202312162321-KMTR-FTUS46-TAFSFO 200 118 True
taf-202312162321-KMTR-FTUS46-TAFSJC 200 152 True
taf-202312170300-KMTR-FTUS46-TAFSFO-AAA 200 126 True
taf-202312170524-KMTR-FTUS46-TAFOAK 200 158 True
taf-202312170524-KMTR-FTUS46-TAFSFO 200 172 True
taf-202312170524-KMTR-FTUS46-TAFSJC 200 157 True
taf-202312170913-KMTR-FTUS46-TAFSFO-AAA 200 180 True
taf-202312171139-KMTR-FTUS46-TAFOAK 200 268 True
taf-202312171139-KMTR-FTUS46-TAFSFO 200 268 True
taf-202312171139-KMTR-FTUS46-TAFSJC 200 210 True
taf-202312171458-KMTR-FTUS46-TAFSFO-AAA 200 276 True
taf-202312171729-KMTR-FTUS46-TAFOAK 200 254 True
taf-202312171729-KMTR-FTUS46-TAFSFO 200 252 True
taf-202312171729-KMTR-FTUS46-TAFSJC 200 202 True
taf-202312172041-KMTR-FTUS46-TAFSFO-AAA 200 218 True
taf-202312172226-KMTR-FTUS46-TAFSJC-AAA 200 134 True
taf-202312172328-KMTR-FTUS46-TAFOAK 200 223 True
taf-202312172328-KMTR-FTUS46-TAFSFO 200 226 True
taf-202312172328-KMTR-FTUS46-TAFSJC 200 129 True
taf-202312180300-KMTR-FTUS46-TAFSFO-AAA 200 234 True
taf-202312180521-KMTR-FTUS46-TAFOAK 200 271 True
taf-202312180521-KMTR-FTUS46-TAFSFO 200 274 True
taf-202312180521-KMTR-FTUS46-TAFSJC 200 129 True
taf-202312180722-KMTR-FTUS46-TAFOAK-AAA 200 313 True
taf-202312181034-KMTR-FTUS46-TAFSFO-AAA 200 249 True
taf-202312181127-KMTR-FTUS46-TAFOAK 200 224 True
taf-202312181127-KMTR-FTUS46-TAFSFO 200 227 True
taf-202312181127-KMTR-FTUS46-TAFSJC 200 175 True
taf-202312181329-KMTR-FTUS46-TAFSFO-AAA 200 286 True
taf-202312181404-KMTR-FTUS46-TAFSFO-AAB 200 286 True
taf-202312181500-KMTR-FTUS46-TAFSFO-AAC 200 286 True
taf-202312181557-KMTR-FTUS46-TAFSJC-AAA 200 212 True
taf-202312181603-KMTR-FTUS46-TAFSFO-AAD 200 286 True
taf-202312181725-KMTR-FTUS46-TAFOAK 200 245 True
taf-202312181725-KMTR-FTUS46-TAFSFO 200 249 True
taf-202312181725-KMTR-FTUS46-TAFSJC 200 210 True
taf-202312181824-KMTR-FTUS46-TAFSFO-AAA 200 264 True
taf-202312181904-KMTR-FTUS46-TAFSFO-AAB 200 264 True
taf-202312181931-KMTR-FTUS46-TAFSFO-AAC 200 289 True
taf-202312181932-KMTR-FTUS46-TAFSFO-AAD 200 260 True
taf-202312182040-KMTR-FTUS46-TAFSFO-AAE 200 260 True
taf-202312182100-KMTR-FTUS46-TAFSFO-AAF 200 260 True
taf-202312182329-KMTR-FTUS46-TAFOAK 200 204 True
taf-202312182329-KMTR-FTUS46-TAFSFO 200 208 True
taf-202312182329-KMTR-FTUS46-TAFSJC 200 171 True
taf-202312190300-KMTR-FTUS46-TAFSFO-AAA 200 174 True
taf-202312190530-KMTR-FTUS46-TAFOAK 200 205 True
taf-202312190530-KMTR-FTUS46-TAFSFO 200 212 True
taf-202312190530-KMTR-FTUS46-TAFSJC 200 131 True
taf-202312190710-KMTR-FTUS46-TAFSJC-AAA 200 176 True
taf-202312190902-KMTR-FTUS46-TAFSFO-AAA 200 230 True
taf-202312191139-KMTR-FTUS46-TAFOAK 200 266 True
taf-202312191139-KMTR-FTUS46-TAFSFO 200 282 True
taf-202312191139-KMTR-FTUS46-TAFSJC 200 209 True
taf-202312191140-KMTR-FTUS46-TAFOAK-CCA 200 303 True
taf-202312191344-KMTR-FTUS46-TAFSFO-AAA 200 280 True
taf-202312191349-KMTR-FTUS46-TAFSFO-AAB 200 287 True
taf-202312191457-KMTR-FTUS46-TAFSFO-AAC 200 287 True
taf-202312191459-KMTR-FTUS46-TAFSFO-AAD 200 287 True
taf-202312191507-KMTR-FTUS46-TAFSFO-AAE 200 294 True
taf-202312191742-KMTR-FTUS46-TAFOAK 200 289 True
taf-202312191742-KMTR-FTUS46-TAFSFO 200 249 True
taf-202312191742-KMTR-FTUS46-TAFSJC 200 170 True
taf-202312191913-KMTR-FTUS46-TAFSFO-AAA 200 255 True
taf-202312192332-KMTR-FTUS46-TAFOAK 200 192 True
taf-202312192332-KMTR-FTUS46-TAFSFO 200 192 True
taf-202312192332-KMTR-FTUS46-TAFSJC 200 210 True
taf-202312200258-KMTR-FTUS46-TAFSFO-AAA 200 203 True
taf-202312200531-KMTR-FTUS46-TAFOAK 200 237 True
taf-202312200531-KMTR-FTUS46-TAFSFO 200 233 True
taf-202312200531-KMTR-FTUS46-TAFSJC 200 231 True
taf-202312200900-KMTR-FTUS46-TAFSFO-AAA 200 239 True
taf-202312201122-KMTR-FTUS46-TAFOAK 200 225 True
taf-202312201122-KMTR-FTUS46-TAFSFO 200 265 True
taf-202312201122-KMTR-FTUS46-TAFSJC 200 244 True
taf-202312201123-KMTR-FTUS46-TAFSFO-CCA 200 273 True
taf-202312201128-KMTR-FTUS46-TAFSFO-CCB 200 273 True
taf-202312201222-KMTR-FTUS46-TAFSFO-AAA 200 273 True
taf-202312201309-KMTR-FTUS46-TAFSFO-AAB 200 273 True
taf-202312201310-KMTR-FTUS46-TAFOAK-AAA 200 265 True
taf-202312201456-KMTR-FTUS46-TAFSJC-AAA 200 282 True
taf-202312201456-KMTR-FTUS46-TAFSJC-CCA 200 264 True
taf-202312201500-KMTR-FTUS46-TAFSFO-AAC 200 234 True
taf-202312201627-KMTR-FTUS46-TAFSFO-AAD 200 235 True
taf-202312201734-KMTR-FTUS46-TAFOAK 200 227 True
taf-202312201734-KMTR-FTUS46-TAFSFO 200 261 True
taf-202312201734-KMTR-FTUS46-TAFSJC 200 226 True
taf-202312201906-KMTR-FTUS46-TAFSFO-AAA 200 239 True
taf-202312202106-KMTR-FTUS46-TAFSFO-AAB 200 201 True
taf-202312202207-KMTR-FTUS46-TAFSFO-AAC 200 201 True
taf-202312202328-KMTR-FTUS46-TAFOAK 200 181 True
taf-202312202328-KMTR-FTUS46-TAFSFO 200 154 True
taf-202312202328-KMTR-FTUS46-TAFSJC 200 190 True
taf-202312210258-KMTR-FTUS46-TAFSFO-AAA 200 162 True
taf-202312210524-KMTR-FTUS46-TAFOAK 200 147 True
taf-202312210524-KMTR-FTUS46-TAFSFO 200 154 True
taf-202312210524-KMTR-FTUS46-TAFSJC 200 147 True
taf-202312210901-KMTR-FTUS46-TAFSFO-AAA 200 162 True
taf-202312211139-KMTR-FTUS46-TAFOAK 200 156 True
taf-202312211139-KMTR-FTUS46-TAFSFO 200 115 True
taf-202312211139-KMTR-FTUS46-TAFSJC 200 147 True
taf-202312211459-KMTR-FTUS46-TAFSFO-AAA 200 123 True
taf-202312211738-KMTR-FTUS46-TAFOAK 200 190 True
taf-202312211738-KMTR-FTUS46-TAFSFO 200 149 True
taf-202312211738-KMTR-FTUS46-TAFSJC 200 183 True
taf-202312212059-KMTR-FTUS46-TAFSFO-AAA 200 157 True
taf-202312212328-KMTR-FTUS46-TAFOAK 200 149 True
taf-202312212328-KMTR-FTUS46-TAFSFO 200 183 True
taf-202312212328-KMTR-FTUS46-TAFSJC 200 149 True
taf-202312220300-KMTR-FTUS46-TAFSFO-AAA 200 191 True
taf-202312220525-KMTR-FTUS46-TAFOAK 200 183 True
taf-202312220525-KMTR-FTUS46-TAFSFO 200 217 True
taf-202312220525-KMTR-FTUS46-TAFSJC 200 183 True
taf-202312220752-KMTR-FTUS46-TAFOAK-AAA 200 220 True
taf-202312220900-KMTR-FTUS46-TAFSFO-AAA 200 225 True
taf-202312221120-KMTR-FTUS46-TAFOAK 200 217 True
taf-202312221120-KMTR-FTUS46-TAFSFO 200 220 True
taf-202312221120-KMTR-FTUS46-TAFSJC 200 217 True
taf-202312221335-KMTR-FTUS46-TAFOAK-AAA 200 225 True
taf-202312221507-KMTR-FTUS46-TAFSFO-AAA 200 264 True
taf-202312221605-KMTR-FTUS46-TAFOAK-AAB 200 192 True
taf-202312221608-KMTR-FTUS46-TAFSFO-AAB 200 235 True
taf-202312221619-KMTR-FTUS46-TAFSJC-AAA 200 191 True
taf-202312221733-KMTR-FTUS46-TAFOAK 200 222 True
taf-202312221733-KMTR-FTUS46-TAFSFO 200 193 True
taf-202312221733-KMTR-FTUS46-TAFSJC 200 190 True
taf-202312221818-KMTR-FTUS46-TAFSFO-AAA 200 238 True
taf-202312221843-KMTR-FTUS46-TAFSJC-AAA 200 205 True
taf-202312221857-KMTR-FTUS46-TAFOAK-AAA 200 197 True
taf-202312221906-KMTR-FTUS46-TAFSFO-AAB 200 239 True
taf-202312222058-KMTR-FTUS46-TAFSFO-AAC 200 191 True
taf-202312222339-KMTR-FTUS46-TAFOAK 200 183 True
taf-202312222339-KMTR-FTUS46-TAFSFO 200 183 True
taf-202312222339-KMTR-FTUS46-TAFSJC 200 147 True
