{
  "built_at": "2026-09-12T20:52:41.664678+00:00",
  "stage": "real_program_inputs_not_model_results",
  "contract_sha256": "d15ce1a114c8f1366961853f638665c286c454eab9678980098e28bef7b695c9",
  "metar_rows": 1584,
  "decoded_metar_rows": 1584,
  "native_taf_bulletins_decoded": 444,
  "unparsed_native_taf_envelopes_preserved": 0,
  "taf_operators": {
    "BASE": 444,
    "FM": 1470,
    "TEMPO": 66
  },
  "station_report_counts": {
    "KSFO": 528,
    "KOAK": 528,
    "KSJC": 528
  },
  "targets": 2910,
  "opportunities": 8640,
  "query_pool": 1440,
  "by_threshold": {
    "1000": {
      "opportunities": 4320,
      "settlement": {
        "settled_final_archived_report": 4320
      },
      "positive_opportunities": 54,
      "unique_positive_targets": 18,
      "complete_native_taf_opportunities": 4320,
      "unparsed_latest_taf_fallback_opportunities": 0
    },
    "5000": {
      "opportunities": 4320,
      "settlement": {
        "settled_final_archived_report": 4320
      },
      "positive_opportunities": 297,
      "unique_positive_targets": 100,
      "complete_native_taf_opportunities": 4320,
      "unparsed_latest_taf_fallback_opportunities": 0
    }
  },
  "query_statuses": {
    "disclosed_product_fact": 1436,
    "correction_chronology_unproven": 4
  },
  "failures": [],
  "independent_event_count": null,
  "confirmation": false,
  "image_join_verified": false,
  "historical_first_seen_verified": false,
  "probability_baseline_calibrated": false,
  "source_registry_replaced": false,
  "implementation_sha256": {
    "/mnt/afs/260010168/extreme_weather_benchmark/development/disastertrace-next/plans/v7_review_execution_20260912/build_regional.py": "6f314c5a1aa77e0bc66684b3459bdf1ae78623a1ac8c637a9ab40f3d5af93bd5",
    "/mnt/afs/260010168/extreme_weather_benchmark/development/disastertrace-next/disastertrace-starter/src/disastertrace/monitoring_v1/providers/aviation.py": "65e42052a88207f2d4892d9f5b1ffeac5a63a0e28273fe73955934f71e5fb232",
    "/mnt/afs/260010168/extreme_weather_benchmark/development/disastertrace-next/disastertrace-starter/src/disastertrace/monitoring_v1/providers/taf_timeline.py": "8236a2651ca3952309522111acfb05710eb65873353884bc1d2fdbc2ca00c586"
  }
}
