taf-202401040201-KMTR-FTUS46-TAFSFO-AAA 200 152 True
taf-202401040520-KMTR-FTUS46-TAFOAK 200 144 True
taf-202401040520-KMTR-FTUS46-TAFSFO 200 185 True
taf-202401040520-KMTR-FTUS46-TAFSJC 200 192 True
taf-202401040859-KMTR-FTUS46-TAFSFO-AAA 200 159 True
taf-202401041120-KMTR-FTUS46-TAFOAK 200 154 True
taf-202401041120-KMTR-FTUS46-TAFSFO 200 154 True
taf-202401041120-KMTR-FTUS46-TAFSJC 200 161 True
taf-202401041459-KMTR-FTUS46-TAFSFO-AAA 200 169 True
taf-202401041726-KMTR-FTUS46-TAFOAK 200 234 True
taf-202401041726-KMTR-FTUS46-TAFSFO 200 222 True
taf-202401041726-KMTR-FTUS46-TAFSJC 200 204 True
taf-202401042100-KMTR-FTUS46-TAFSFO-AAA 200 230 True
taf-202401042320-KMTR-FTUS46-TAFOAK 200 193 True
taf-202401042320-KMTR-FTUS46-TAFSFO 200 186 True
taf-202401042320-KMTR-FTUS46-TAFSJC 200 194 True
taf-202401042325-KMTR-FTUS46-TAFOAK-CCA 200 196 True
taf-202401050300-KMTR-FTUS46-TAFSFO-AAA 200 194 True
taf-202401050520-KMTR-FTUS46-TAFOAK 200 188 True
taf-202401050520-KMTR-FTUS46-TAFSFO 200 181 True
taf-202401050520-KMTR-FTUS46-TAFSJC 200 119 True
taf-202401050638-KMTR-FTUS46-TAFSFO-AAA 200 184 True
taf-202401050726-KMTR-FTUS46-TAFSFO-AAB 200 184 True
taf-202401050857-KMTR-FTUS46-TAFSFO-AAC 200 191 True
taf-202401051134-KMTR-FTUS46-TAFOAK 200 195 True
taf-202401051134-KMTR-FTUS46-TAFSFO 200 224 True
taf-202401051134-KMTR-FTUS46-TAFSJC 200 156 True
taf-202401051311-KMTR-FTUS46-TAFSFO-AAA 200 261 True
taf-202401051313-KMTR-FTUS46-TAFOAK-AAA 200 232 True
taf-202401051339-KMTR-FTUS46-TAFSJC-AAA 200 184 True
taf-202401051459-KMTR-FTUS46-TAFSFO-AAB 200 261 True
taf-202401051738-KMTR-FTUS46-TAFOAK 200 192 True
taf-202401051738-KMTR-FTUS46-TAFSFO 200 189 True
taf-202401051738-KMTR-FTUS46-TAFSJC 200 183 True
taf-202401052059-KMTR-FTUS46-TAFSFO-AAA 200 204 True
taf-202401052331-KMTR-FTUS46-TAFOAK 200 237 True
taf-202401052331-KMTR-FTUS46-TAFSFO 200 234 True
taf-202401052331-KMTR-FTUS46-TAFSJC 200 190 True
taf-202401060302-KMTR-FTUS46-TAFSFO-AAA 200 208 True
taf-202401060520-KMTR-FTUS46-TAFOAK 200 240 True
taf-202401060520-KMTR-FTUS46-TAFSFO 200 234 True
taf-202401060520-KMTR-FTUS46-TAFSJC 200 190 True
taf-202401060905-KMTR-FTUS46-TAFSFO-AAA 200 242 True
taf-202401061139-KMTR-FTUS46-TAFOAK 200 244 True
taf-202401061139-KMTR-FTUS46-TAFSFO 200 292 True
taf-202401061139-KMTR-FTUS46-TAFSJC 200 235 True
taf-202401061501-KMTR-FTUS46-TAFSFO-AAA 200 307 True
taf-202401061631-KMTR-FTUS46-TAFOAK-AAA 200 281 True
taf-202401061740-KMTR-FTUS46-TAFOAK 200 234 True
taf-202401061740-KMTR-FTUS46-TAFSFO 200 292 True
taf-202401061740-KMTR-FTUS46-TAFSJC 200 236 True
taf-202401062005-KMTR-FTUS46-TAFOAK-AAA 200 242 True
taf-202401062056-KMTR-FTUS46-TAFSFO-AAA 200 222 True
taf-202401062142-KMTR-FTUS46-TAFOAK-AAB 200 198 True
taf-202401062143-KMTR-FTUS46-TAFSFO-AAB 200 222 True
taf-202401062320-KMTR-FTUS46-TAFOAK 200 120 True
taf-202401062320-KMTR-FTUS46-TAFSFO 200 154 True
taf-202401062320-KMTR-FTUS46-TAFSJC 200 185 True
taf-202401070255-KMTR-FTUS46-TAFSFO-AAA 200 118 True
taf-202401070520-KMTR-FTUS46-TAFOAK 200 107 True
taf-202401070520-KMTR-FTUS46-TAFSFO 200 141 True
taf-202401070520-KMTR-FTUS46-TAFSJC 200 172 True
taf-202401070837-KMTR-FTUS46-TAFSFO-AAA 200 146 True
taf-202401071123-KMTR-FTUS46-TAFOAK 200 178 True
taf-202401071123-KMTR-FTUS46-TAFSFO 200 212 True
taf-202401071123-KMTR-FTUS46-TAFSJC 200 144 True
taf-202401071458-KMTR-FTUS46-TAFSFO-AAA 200 220 True
taf-202401071734-KMTR-FTUS46-TAFOAK 200 212 True
taf-202401071734-KMTR-FTUS46-TAFSFO 200 184 True
taf-202401071734-KMTR-FTUS46-TAFSJC 200 178 True
taf-202401072105-KMTR-FTUS46-TAFSFO-AAA 200 192 True
taf-202401072320-KMTR-FTUS46-TAFOAK 200 159 True
taf-202401072320-KMTR-FTUS46-TAFSFO 200 162 True
taf-202401072320-KMTR-FTUS46-TAFSJC 200 138 True
taf-202401080253-KMTR-FTUS46-TAFSFO-AAA 200 167 True
taf-202401080520-KMTR-FTUS46-TAFOAK 200 154 True
taf-202401080520-KMTR-FTUS46-TAFSFO 200 195 True
taf-202401080520-KMTR-FTUS46-TAFSJC 200 158 True
taf-202401080901-KMTR-FTUS46-TAFSFO-AAA 200 169 True
taf-202401081129-KMTR-FTUS46-TAFOAK 200 192 True
taf-202401081129-KMTR-FTUS46-TAFSFO 200 192 True
taf-202401081129-KMTR-FTUS46-TAFSJC 200 151 True
taf-202401081502-KMTR-FTUS46-TAFSFO-AAA 200 200 True
taf-202401081724-KMTR-FTUS46-TAFOAK 200 275 True
taf-202401081724-KMTR-FTUS46-TAFSFO 200 234 True
taf-202401081724-KMTR-FTUS46-TAFSJC 200 214 True
taf-202401082143-KMTR-FTUS46-TAFSFO-AAA 200 235 True
taf-202401082323-KMTR-FTUS46-TAFOAK 200 275 True
taf-202401082323-KMTR-FTUS46-TAFSFO 200 203 True
taf-202401082323-KMTR-FTUS46-TAFSJC 200 260 True
