metar-routine-KDEN 200 173264 True
metar-routine-KPUB 200 156934 True
taf-202401010258-KMTR-FTUS46-TAFSFO-AAA 200 203 True
taf-202401010527-KMTR-FTUS46-TAFOAK 200 187 True
taf-202401010527-KMTR-FTUS46-TAFSFO 200 187 True
taf-202401010527-KMTR-FTUS46-TAFSJC 200 199 True
taf-202401010905-KMTR-FTUS46-TAFSFO-AAA 200 209 True
taf-202401011137-KMTR-FTUS46-TAFOAK 200 147 True
taf-202401011137-KMTR-FTUS46-TAFSFO 200 178 True
taf-202401011137-KMTR-FTUS46-TAFSJC 200 149 True
taf-202401011317-KMTR-FTUS46-TAFSJC-AAA 200 186 True
taf-202401011436-KMTR-FTUS46-TAFSJC-AAB 200 201 True
taf-202401011500-KMTR-FTUS46-TAFSFO-AAA 200 155 True
taf-202401011519-KMTR-FTUS46-TAFSJC-AAC 200 202 True
taf-202401011646-KMTR-FTUS46-TAFSJC-AAD 200 157 True
taf-202401011736-KMTR-FTUS46-TAFOAK 200 149 True
taf-202401011736-KMTR-FTUS46-TAFSFO 200 183 True
taf-202401011736-KMTR-FTUS46-TAFSJC 200 148 True
taf-202401012114-KMTR-FTUS46-TAFSFO-AAA 200 191 True
taf-202401012332-KMTR-FTUS46-TAFOAK 200 156 True
taf-202401012332-KMTR-FTUS46-TAFSFO 200 190 True
taf-202401012332-KMTR-FTUS46-TAFSJC 200 177 True
taf-202401020300-KMTR-FTUS46-TAFSFO-AAA 200 198 True
taf-202401020527-KMTR-FTUS46-TAFOAK 200 203 True
taf-202401020527-KMTR-FTUS46-TAFSFO 200 199 True
taf-202401020527-KMTR-FTUS46-TAFSJC 200 195 True
taf-202401020902-KMTR-FTUS46-TAFSFO-AAA 200 248 True
taf-202401021140-KMTR-FTUS46-TAFOAK 200 205 True
taf-202401021140-KMTR-FTUS46-TAFSFO 200 242 True
taf-202401021140-KMTR-FTUS46-TAFSJC 200 201 True
taf-202401021454-KMTR-FTUS46-TAFSFO-AAA 200 248 True
taf-202401021721-KMTR-FTUS46-TAFOAK 200 200 True
taf-202401021721-KMTR-FTUS46-TAFSFO 200 240 True
taf-202401021721-KMTR-FTUS46-TAFSJC 200 176 True
taf-202401022052-KMTR-FTUS46-TAFSFO-AAA 200 214 True
taf-202401022321-KMTR-FTUS46-TAFOAK 200 229 True
taf-202401022321-KMTR-FTUS46-TAFSFO 200 203 True
taf-202401022321-KMTR-FTUS46-TAFSJC 200 183 True
taf-202401022322-KMTR-FTUS46-TAFOAK-CCA 200 208 True
taf-202401030000-KMTR-FTUS46-TAFSJC-AAA 200 188 True
taf-202401030001-KMTR-FTUS46-TAFSFO-AAA 200 247 True
taf-202401030101-KMTR-FTUS46-TAFSFO-AAB 200 244 True
taf-202401030123-KMTR-FTUS46-TAFOAK-AAA 200 248 True
taf-202401030204-KMTR-FTUS46-TAFSFO-AAC 200 209 True
taf-202401030205-KMTR-FTUS46-TAFSJC-AAB 200 217 True
taf-202401030206-KMTR-FTUS46-TAFOAK-AAB 200 245 True
taf-202401030247-KMTR-FTUS46-TAFSJC-AAC 200 188 True
taf-202401030304-KMTR-FTUS46-TAFSFO-AAD 200 208 True
taf-202401030308-KMTR-FTUS46-TAFSFO-AAE 200 208 True
taf-202401030352-KMTR-FTUS46-TAFSJC-AAD 200 224 True
taf-202401030354-KMTR-FTUS46-TAFOAK-AAC 200 195 True
taf-202401030522-KMTR-FTUS46-TAFOAK 200 189 True
taf-202401030522-KMTR-FTUS46-TAFSFO 200 221 True
taf-202401030522-KMTR-FTUS46-TAFSJC 200 243 True
taf-202401030523-KMTR-FTUS46-TAFOAK-CCA 200 200 True
taf-202401030905-KMTR-FTUS46-TAFSFO-AAA 200 200 True
taf-202401031140-KMTR-FTUS46-TAFOAK 200 152 True
taf-202401031140-KMTR-FTUS46-TAFSFO 200 155 True
taf-202401031140-KMTR-FTUS46-TAFSJC 200 160 True
taf-202401031500-KMTR-FTUS46-TAFSFO-AAA 200 163 True
taf-202401031736-KMTR-FTUS46-TAFOAK 200 186 True
taf-202401031736-KMTR-FTUS46-TAFSFO 200 189 True
taf-202401031736-KMTR-FTUS46-TAFSJC 200 160 True
taf-202401031935-KMTR-FTUS46-TAFSFO-AAA 200 158 True
taf-202401032101-KMTR-FTUS46-TAFSFO-AAB 200 195 True
taf-202401032320-KMTR-FTUS46-TAFOAK 200 178 True
taf-202401032320-KMTR-FTUS46-TAFSFO 200 147 True
taf-202401032320-KMTR-FTUS46-TAFSJC 200 151 True
taf-202401090256-KMTR-FTUS46-TAFSFO-AAA 200 218 True
taf-202401090520-KMTR-FTUS46-TAFOAK 200 234 True
taf-202401090520-KMTR-FTUS46-TAFSFO 200 244 True
taf-202401090520-KMTR-FTUS46-TAFSJC 200 250 True
taf-202401090915-KMTR-FTUS46-TAFSFO-AAA 200 288 True
taf-202401091139-KMTR-FTUS46-TAFOAK 200 232 True
taf-202401091139-KMTR-FTUS46-TAFSFO 200 283 True
taf-202401091139-KMTR-FTUS46-TAFSJC 200 239 True
taf-202401091458-KMTR-FTUS46-TAFSFO-AAA 200 243 True
taf-202401091502-KMTR-FTUS46-TAFSFO-AAB 200 276 True
taf-202401091526-KMTR-FTUS46-TAFOAK-AAA 200 240 True
taf-202401091635-KMTR-FTUS46-TAFOAK-AAB 200 242 True
taf-202401091722-KMTR-FTUS46-TAFOAK 200 269 True
taf-202401091722-KMTR-FTUS46-TAFSFO 200 269 True
taf-202401091722-KMTR-FTUS46-TAFSJC 200 242 True
taf-202401091935-KMTR-FTUS46-TAFSFO-AAA 200 277 True
taf-202401092034-KMTR-FTUS46-TAFSFO-AAB 200 247 True
taf-202401092101-KMTR-FTUS46-TAFSFO-AAC 200 209 True
taf-202401092105-KMTR-FTUS46-TAFOAK-AAA 200 239 True
taf-202401092108-KMTR-FTUS46-TAFSJC-AAA 200 198 True
taf-202401092333-KMTR-FTUS46-TAFOAK 200 273 True
taf-202401092333-KMTR-FTUS46-TAFSFO 200 242 True
taf-202401092333-KMTR-FTUS46-TAFSJC 200 195 True
taf-202401100128-KMTR-FTUS46-TAFOAK-AAA 200 244 True
taf-202401100316-KMTR-FTUS46-TAFSFO-AAA 200 243 True
taf-202401100521-KMTR-FTUS46-TAFOAK 200 275 True
taf-202401100521-KMTR-FTUS46-TAFSFO 200 234 True
taf-202401100521-KMTR-FTUS46-TAFSJC 200 202 True
taf-202401100859-KMTR-FTUS46-TAFSFO-AAA 200 239 True
taf-202401101141-KMTR-FTUS46-TAFOAK 200 247 True
taf-202401101141-KMTR-FTUS46-TAFSFO 200 270 True
taf-202401101141-KMTR-FTUS46-TAFSJC 200 208 True
taf-202401101500-KMTR-FTUS46-TAFSFO-AAA 200 244 True
taf-202401101732-KMTR-FTUS46-TAFOAK 200 213 True
taf-202401101732-KMTR-FTUS46-TAFSFO 200 236 True
taf-202401101732-KMTR-FTUS46-TAFSJC 200 198 True
taf-202401102107-KMTR-FTUS46-TAFSFO-AAA 200 236 True
taf-202401102114-KMTR-FTUS46-TAFSJC-AAA 200 231 True
taf-202401102340-KMTR-FTUS46-TAFOAK 200 368 True
taf-202401102340-KMTR-FTUS46-TAFSFO 200 279 True
taf-202401102340-KMTR-FTUS46-TAFSJC 200 283 True
taf-202401110258-KMTR-FTUS46-TAFSFO-AAA 200 287 True
taf-202401110301-KMTR-FTUS46-TAFSJC-AAA 200 290 True
taf-202401110521-KMTR-FTUS46-TAFOAK 200 255 True
taf-202401110521-KMTR-FTUS46-TAFSFO 200 221 True
taf-202401110521-KMTR-FTUS46-TAFSJC 200 237 True
taf-202401110858-KMTR-FTUS46-TAFSFO-AAA 200 192 True
taf-202401111136-KMTR-FTUS46-TAFOAK 200 181 True
taf-202401111136-KMTR-FTUS46-TAFSFO 200 184 True
taf-202401111136-KMTR-FTUS46-TAFSJC 200 144 True
taf-202401111458-KMTR-FTUS46-TAFSFO-AAA 200 189 True
taf-202401111723-KMTR-FTUS46-TAFOAK 200 175 True
taf-202401111723-KMTR-FTUS46-TAFSFO 200 181 True
taf-202401111723-KMTR-FTUS46-TAFSJC 200 144 True
taf-202401112100-KMTR-FTUS46-TAFSFO-AAA 200 189 True
taf-202401112339-KMTR-FTUS46-TAFOAK 200 181 True
taf-202401112339-KMTR-FTUS46-TAFSFO 200 185 True
taf-202401112339-KMTR-FTUS46-TAFSJC 200 147 True
taf-202401120310-KMTR-FTUS46-TAFSFO-AAA 200 162 True
taf-202401120520-KMTR-FTUS46-TAFOAK 200 159 True
taf-202401120520-KMTR-FTUS46-TAFSFO 200 166 True
taf-202401120520-KMTR-FTUS46-TAFSJC 200 154 True
taf-202401120856-KMTR-FTUS46-TAFSFO-AAA 200 174 True
taf-202401121128-KMTR-FTUS46-TAFOAK 200 159 True
taf-202401121128-KMTR-FTUS46-TAFSFO 200 166 True
taf-202401121128-KMTR-FTUS46-TAFSJC 200 200 True
taf-202401121500-KMTR-FTUS46-TAFSFO-AAA 200 174 True
taf-202401121726-KMTR-FTUS46-TAFOAK 200 201 True
taf-202401121726-KMTR-FTUS46-TAFSFO 200 208 True
taf-202401121726-KMTR-FTUS46-TAFSJC 200 200 True
taf-202401122100-KMTR-FTUS46-TAFSFO-AAA 200 182 True
taf-202401122336-KMTR-FTUS46-TAFOAK 200 216 True
taf-202401122336-KMTR-FTUS46-TAFSFO 200 219 True
taf-202401122336-KMTR-FTUS46-TAFSJC 200 208 True
taf-202401130300-KMTR-FTUS46-TAFSFO-AAA 200 227 True
taf-202401130538-KMTR-FTUS46-TAFOAK 200 261 True
taf-202401130538-KMTR-FTUS46-TAFSFO 200 260 True
taf-202401130538-KMTR-FTUS46-TAFSJC 200 174 True
taf-202401130920-KMTR-FTUS46-TAFSFO-AAA 200 268 True
taf-202401131132-KMTR-FTUS46-TAFOAK 200 209 True
taf-202401131132-KMTR-FTUS46-TAFSFO 200 209 True
taf-202401131132-KMTR-FTUS46-TAFSJC 200 209 True
taf-202401131500-KMTR-FTUS46-TAFSFO-AAA 200 218 True
taf-202401131720-KMTR-FTUS46-TAFOAK 200 161 True
taf-202401131720-KMTR-FTUS46-TAFSFO 200 195 True
taf-202401131720-KMTR-FTUS46-TAFSJC 200 211 True
taf-202401132100-KMTR-FTUS46-TAFSFO-AAA 200 203 True
taf-202401132330-KMTR-FTUS46-TAFOAK 200 197 True
taf-202401132330-KMTR-FTUS46-TAFSFO 200 231 True
taf-202401132330-KMTR-FTUS46-TAFSJC 200 209 True
taf-202401140301-KMTR-FTUS46-TAFSFO-AAA 200 199 True
taf-202401140531-KMTR-FTUS46-TAFOAK 200 191 True
taf-202401140531-KMTR-FTUS46-TAFSFO 200 227 True
taf-202401140531-KMTR-FTUS46-TAFSJC 200 162 True
taf-202401140710-KMTR-FTUS46-TAFOAK-AAA 200 244 True
taf-202401140716-KMTR-FTUS46-TAFSFO-AAA 200 203 True
taf-202401140719-KMTR-FTUS46-TAFSJC-AAA 200 170 True
taf-202401140859-KMTR-FTUS46-TAFSFO-AAB 200 200 True
taf-202401141046-KMTR-FTUS46-TAFOAK-AAB 200 204 True
taf-202401141047-KMTR-FTUS46-TAFSFO-AAC 200 160 True
taf-202401141139-KMTR-FTUS46-TAFOAK 200 156 True
taf-202401141139-KMTR-FTUS46-TAFSFO 200 113 True
taf-202401141139-KMTR-FTUS46-TAFSJC 200 196 True
taf-202401141256-KMTR-FTUS46-TAFOAK-AAA 200 200 True
taf-202401141257-KMTR-FTUS46-TAFSFO-AAA 200 157 True
taf-202401141323-KMTR-FTUS46-TAFSJC-AAA 200 204 True
taf-202401141456-KMTR-FTUS46-TAFSFO-AAB 200 121 True
taf-202401141720-KMTR-FTUS46-TAFOAK 200 147 True
taf-202401141720-KMTR-FTUS46-TAFSFO 200 147 True
taf-202401141720-KMTR-FTUS46-TAFSJC 200 183 True
taf-202401142049-KMTR-FTUS46-TAFSFO-AAA 200 121 True
taf-202401142320-KMTR-FTUS46-TAFOAK 200 149 True
taf-202401142320-KMTR-FTUS46-TAFSFO 200 113 True
taf-202401142320-KMTR-FTUS46-TAFSJC 200 149 True
taf-202401150300-KMTR-FTUS46-TAFSFO-AAA 200 121 True
taf-202401150520-KMTR-FTUS46-TAFOAK 200 115 True
taf-202401150520-KMTR-FTUS46-TAFSFO 200 154 True
taf-202401150520-KMTR-FTUS46-TAFSJC 200 226 True
taf-202401151013-KMTR-FTUS46-TAFSJC-AAA 200 193 True
taf-202401151127-KMTR-FTUS46-TAFOAK 200 120 True
taf-202401151127-KMTR-FTUS46-TAFSFO 200 188 True
taf-202401151127-KMTR-FTUS46-TAFSJC 200 149 True
taf-202401151452-KMTR-FTUS46-TAFSFO-AAA 200 196 True
taf-202401151559-KMTR-FTUS46-TAFOAK-AAA 200 121 True
taf-202401151623-KMTR-FTUS46-TAFSFO-AAB 200 232 True
taf-202401151720-KMTR-FTUS46-TAFOAK 200 147 True
taf-202401151720-KMTR-FTUS46-TAFSFO 200 154 True
taf-202401151720-KMTR-FTUS46-TAFSJC 200 183 True
taf-202401152002-KMTR-FTUS46-TAFSJC-AAA 200 191 True
taf-202401152057-KMTR-FTUS46-TAFSFO-AAA 200 162 True
taf-202401152320-KMTR-FTUS46-TAFOAK 200 186 True
taf-202401152320-KMTR-FTUS46-TAFSFO 200 186 True
taf-202401152320-KMTR-FTUS46-TAFSJC 200 186 True
taf-202401160300-KMTR-FTUS46-TAFSFO-AAA 200 194 True
taf-202401160525-KMTR-FTUS46-TAFOAK 200 202 True
taf-202401160525-KMTR-FTUS46-TAFSFO 200 205 True
taf-202401160525-KMTR-FTUS46-TAFSJC 200 228 True
taf-202401160903-KMTR-FTUS46-TAFSFO-AAA 200 213 True
taf-202401161124-KMTR-FTUS46-TAFOAK 200 205 True
taf-202401161124-KMTR-FTUS46-TAFSFO 200 247 True
taf-202401161124-KMTR-FTUS46-TAFSJC 200 161 True
taf-202401161430-KMTR-FTUS46-TAFSFO-AAA 200 259 True
taf-202401161724-KMTR-FTUS46-TAFOAK 200 261 True
taf-202401161724-KMTR-FTUS46-TAFSFO 200 227 True
taf-202401161724-KMTR-FTUS46-TAFSJC 200 194 True
taf-202401162051-KMTR-FTUS46-TAFSFO-AAA 200 242 True
taf-202401162320-KMTR-FTUS46-TAFOAK 200 193 True
taf-202401162320-KMTR-FTUS46-TAFSFO 200 193 True
taf-202401162320-KMTR-FTUS46-TAFSJC 200 194 True
taf-202401170224-KMTR-FTUS46-TAFOAK-AAA 200 233 True
taf-202401170226-KMTR-FTUS46-TAFSFO-AAA 200 192 True
taf-202401170405-KMTR-FTUS46-TAFOAK-AAB 200 233 True
taf-202401170405-KMTR-FTUS46-TAFSFO-AAB 200 192 True
taf-202401170520-KMTR-FTUS46-TAFOAK 200 259 True
taf-202401170520-KMTR-FTUS46-TAFSFO 200 186 True
taf-202401170520-KMTR-FTUS46-TAFSJC 200 186 True
taf-202401170901-KMTR-FTUS46-TAFSFO-AAA 200 155 True
taf-202401171140-KMTR-FTUS46-TAFOAK 200 192 True
taf-202401171140-KMTR-FTUS46-TAFSFO 200 183 True
taf-202401171140-KMTR-FTUS46-TAFSJC 200 149 True
taf-202401171349-KMTR-FTUS46-TAFSFO-AAA 200 189 True
taf-202401171502-KMTR-FTUS46-TAFSFO-AAB 200 189 True
taf-202401171720-KMTR-FTUS46-TAFOAK 200 147 True
taf-202401171720-KMTR-FTUS46-TAFSFO 200 113 True
taf-202401171720-KMTR-FTUS46-TAFSJC 200 147 True
taf-202401172054-KMTR-FTUS46-TAFSFO-AAA 200 121 True
taf-202401172335-KMTR-FTUS46-TAFOAK 200 147 True
taf-202401172335-KMTR-FTUS46-TAFSFO 200 183 True
taf-202401172335-KMTR-FTUS46-TAFSJC 200 147 True
taf-202401180259-KMTR-FTUS46-TAFSFO-AAA 200 191 True
taf-202401180520-KMTR-FTUS46-TAFOAK 200 147 True
taf-202401180520-KMTR-FTUS46-TAFSFO 200 217 True
taf-202401180520-KMTR-FTUS46-TAFSJC 200 113 True
taf-202401180855-KMTR-FTUS46-TAFSFO-AAA 200 191 True
taf-202401181056-KMTR-FTUS46-TAFSFO-AAB 200 220 True
taf-202401181140-KMTR-FTUS46-TAFOAK 200 147 True
taf-202401181140-KMTR-FTUS46-TAFSFO 200 210 True
taf-202401181140-KMTR-FTUS46-TAFSJC 200 147 True
taf-202401181352-KMTR-FTUS46-TAFSFO-AAA 200 196 True
taf-202401181437-KMTR-FTUS46-TAFSFO-AAB 200 225 True
taf-202401181720-KMTR-FTUS46-TAFOAK 200 221 True
taf-202401181720-KMTR-FTUS46-TAFSFO 200 189 True
taf-202401181720-KMTR-FTUS46-TAFSJC 200 147 True
taf-202401182102-KMTR-FTUS46-TAFSFO-AAA 200 204 True
taf-202401182334-KMTR-FTUS46-TAFOAK 200 194 True
taf-202401182334-KMTR-FTUS46-TAFSFO 200 189 True
taf-202401182334-KMTR-FTUS46-TAFSJC 200 147 True
taf-202401190307-KMTR-FTUS46-TAFSFO-AAA 200 197 True
taf-202401190529-KMTR-FTUS46-TAFOAK 200 190 True
taf-202401190529-KMTR-FTUS46-TAFSFO 200 190 True
taf-202401190529-KMTR-FTUS46-TAFSJC 200 150 True
taf-202401190900-KMTR-FTUS46-TAFSFO-AAA 200 198 True
taf-202401191132-KMTR-FTUS46-TAFOAK 200 276 True
taf-202401191132-KMTR-FTUS46-TAFSFO 200 276 True
taf-202401191132-KMTR-FTUS46-TAFSJC 200 155 True
taf-202401191457-KMTR-FTUS46-TAFSFO-AAA 200 284 True
taf-202401191732-KMTR-FTUS46-TAFSJC 200 211 True
taf-202401191740-KMTR-FTUS46-TAFOAK 200 296 True
taf-202401191740-KMTR-FTUS46-TAFSFO 200 297 True
taf-202401191750-KMTR-FTUS46-TAFSFO-CCA 200 356 True
taf-202401192100-KMTR-FTUS46-TAFSFO-AAA 200 356 True
taf-202401192324-KMTR-FTUS46-TAFOAK 200 298 True
taf-202401192324-KMTR-FTUS46-TAFSFO 200 272 True
taf-202401192324-KMTR-FTUS46-TAFSFO-CCA 200 280 True
taf-202401192324-KMTR-FTUS46-TAFSJC 200 207 True
taf-202401192325-KMTR-FTUS46-TAFSFO-CCB 200 280 True
taf-202401200117-KMTR-FTUS46-TAFOAK-AAA 200 270 True
taf-202401200149-KMTR-FTUS46-TAFSFO-AAA 200 272 True
taf-202401200220-KMTR-FTUS46-TAFSJC-AAA 200 175 True
taf-202401200259-KMTR-FTUS46-TAFSFO-AAB 200 265 True
taf-202401200522-KMTR-FTUS46-TAFOAK 200 257 True
taf-202401200522-KMTR-FTUS46-TAFSFO 200 265 True
taf-202401200522-KMTR-FTUS46-TAFSJC 200 202 True
taf-202401200900-KMTR-FTUS46-TAFOAK-AAA 200 221 True
taf-202401200910-KMTR-FTUS46-TAFSFO-AAA 200 267 True
taf-202401200914-KMTR-FTUS46-TAFSJC-AAA 200 170 True
taf-202401201101-KMTR-FTUS46-TAFSJC-AAB 200 219 True
taf-202401201129-KMTR-FTUS46-TAFOAK 200 252 True
taf-202401201129-KMTR-FTUS46-TAFSFO 200 298 True
taf-202401201129-KMTR-FTUS46-TAFSJC 200 208 True
taf-202401201501-KMTR-FTUS46-TAFSFO-AAA 200 262 True
taf-202401201739-KMTR-FTUS46-TAFOAK 200 314 True
taf-202401201739-KMTR-FTUS46-TAFSFO 200 302 True
taf-202401201739-KMTR-FTUS46-TAFSJC 200 215 True
taf-202401202034-KMTR-FTUS46-TAFSFO-AAA 200 306 True
taf-202401202047-KMTR-FTUS46-TAFOAK-AAA 200 348 True
taf-202401202324-KMTR-FTUS46-TAFOAK 200 258 True
taf-202401202324-KMTR-FTUS46-TAFSFO 200 301 True
taf-202401202324-KMTR-FTUS46-TAFSJC 200 253 True
taf-202401210208-KMTR-FTUS46-TAFOAK-AAA 200 231 True
taf-202401210209-KMTR-FTUS46-TAFSFO-AAA 200 273 True
taf-202401210210-KMTR-FTUS46-TAFSJC-AAA 200 229 True
taf-202401210301-KMTR-FTUS46-TAFSFO-AAB 200 273 True
taf-202401210538-KMTR-FTUS46-TAFOAK 200 382 True
taf-202401210538-KMTR-FTUS46-TAFSFO 200 330 True
taf-202401210538-KMTR-FTUS46-TAFSJC 200 239 True
taf-202401210916-KMTR-FTUS46-TAFSFO-AAA 200 308 True
taf-202401211135-KMTR-FTUS46-TAFOAK 200 266 True
taf-202401211135-KMTR-FTUS46-TAFSFO 200 301 True
taf-202401211135-KMTR-FTUS46-TAFSJC 200 252 True
taf-202401211331-KMTR-FTUS46-TAFOAK-AAA 200 273 True
taf-202401211502-KMTR-FTUS46-TAFSFO-AAA 200 350 True
taf-202401211740-KMTR-FTUS46-TAFOAK 200 342 True
taf-202401211740-KMTR-FTUS46-TAFSFO 200 378 True
taf-202401211740-KMTR-FTUS46-TAFSJC 200 271 True
taf-202401211937-KMTR-FTUS46-TAFSFO-AAA 200 340 True
taf-202401212043-KMTR-FTUS46-TAFSFO-AAB 200 298 True
taf-202401212046-KMTR-FTUS46-TAFOAK-AAA 200 282 True
taf-202401212340-KMTR-FTUS46-TAFOAK 200 307 True
taf-202401212340-KMTR-FTUS46-TAFSFO 200 266 True
taf-202401212340-KMTR-FTUS46-TAFSJC 200 255 True
taf-202401220305-KMTR-FTUS46-TAFSFO-AAA 200 225 True
taf-202401220521-KMTR-FTUS46-TAFOAK 200 268 True
taf-202401220521-KMTR-FTUS46-TAFSFO 200 271 True
taf-202401220521-KMTR-FTUS46-TAFSJC 200 261 True
taf-202401220901-KMTR-FTUS46-TAFSFO-AAA 200 207 True
taf-202401221123-KMTR-FTUS46-TAFOAK 200 244 True
taf-202401221123-KMTR-FTUS46-TAFSFO 200 247 True
taf-202401221123-KMTR-FTUS46-TAFSJC 200 216 True
taf-202401221438-KMTR-FTUS46-TAFSJC-AAA 200 261 True
taf-202401221450-KMTR-FTUS46-TAFSFO-AAA 200 293 True
taf-202401221740-KMTR-FTUS46-TAFOAK 200 287 True
taf-202401221740-KMTR-FTUS46-TAFSFO 200 297 True
taf-202401221740-KMTR-FTUS46-TAFSJC 200 251 True
taf-202401221827-KMTR-FTUS46-TAFSJC-AAA 200 259 True
taf-202401222101-KMTR-FTUS46-TAFSFO-AAA 200 258 True
taf-202401222338-KMTR-FTUS46-TAFOAK 200 250 True
taf-202401222338-KMTR-FTUS46-TAFSFO 200 243 True
taf-202401222338-KMTR-FTUS46-TAFSJC 200 202 True
taf-202401230215-KMTR-FTUS46-TAFSFO-AAA 200 275 True
taf-202401230216-KMTR-FTUS46-TAFSJC-AAA 200 171 True
taf-202401230258-KMTR-FTUS46-TAFSJC-AAB 200 171 True
taf-202401230300-KMTR-FTUS46-TAFSFO-AAB 200 275 True
taf-202401230508-KMTR-FTUS46-TAFSFO-AAC 200 214 True
taf-202401230509-KMTR-FTUS46-TAFOAK-AAA 200 212 True
taf-202401230510-KMTR-FTUS46-TAFOAK-CCA 200 221 True
taf-202401230540-KMTR-FTUS46-TAFOAK 200 312 True
taf-202401230540-KMTR-FTUS46-TAFSFO 200 312 True
taf-202401230540-KMTR-FTUS46-TAFSJC 200 197 True
taf-202401230900-KMTR-FTUS46-TAFOAK-AAA 200 248 True
taf-202401230900-KMTR-FTUS46-TAFSFO-AAA 200 248 True
taf-202401231120-KMTR-FTUS46-TAFOAK 200 279 True
taf-202401231120-KMTR-FTUS46-TAFSFO 200 279 True
taf-202401231120-KMTR-FTUS46-TAFSJC 200 149 True
taf-202401231501-KMTR-FTUS46-TAFSFO-AAA 200 287 True
taf-202401231520-KMTR-FTUS46-TAFOAK-AAA 200 316 True
taf-202401231733-KMTR-FTUS46-TAFOAK 200 288 True
taf-202401231733-KMTR-FTUS46-TAFSFO 200 294 True
taf-202401231733-KMTR-FTUS46-TAFSJC 200 260 True
taf-202401232018-KMTR-FTUS46-TAFSJC-AAA 200 268 True
taf-202401232057-KMTR-FTUS46-TAFSFO-AAA 200 281 True
taf-202401232337-KMTR-FTUS46-TAFOAK 200 203 True
taf-202401232337-KMTR-FTUS46-TAFSFO 200 196 True
taf-202401232337-KMTR-FTUS46-TAFSJC 200 230 True
taf-202401240254-KMTR-FTUS46-TAFSFO-AAA 200 240 True
taf-202401240525-KMTR-FTUS46-TAFOAK 200 236 True
taf-202401240525-KMTR-FTUS46-TAFSFO 200 238 True
taf-202401240525-KMTR-FTUS46-TAFSJC 200 199 True
taf-202401240900-KMTR-FTUS46-TAFSFO-AAA 200 207 True
taf-202401241127-KMTR-FTUS46-TAFOAK 200 231 True
taf-202401241127-KMTR-FTUS46-TAFSFO 200 233 True
taf-202401241127-KMTR-FTUS46-TAFSJC 200 199 True
taf-202401241425-KMTR-FTUS46-TAFSFO-AAA 200 244 True
taf-202401241426-KMTR-FTUS46-TAFOAK-AAA 200 242 True
taf-202401241508-KMTR-FTUS46-TAFSJC-AAA 200 165 True
taf-202401241608-KMTR-FTUS46-TAFOAK-AAB 200 202 True
taf-202401241612-KMTR-FTUS46-TAFSFO-AAB 200 204 True
taf-202401241720-KMTR-FTUS46-TAFOAK 200 194 True
taf-202401241720-KMTR-FTUS46-TAFSFO 200 196 True
taf-202401241720-KMTR-FTUS46-TAFSJC 200 157 True
taf-202401241957-KMTR-FTUS46-TAFOAK-AAA 200 160 True
taf-202401242049-KMTR-FTUS46-TAFSFO-AAA 200 162 True
taf-202401242320-KMTR-FTUS46-TAFOAK 200 181 True
taf-202401242320-KMTR-FTUS46-TAFSFO 200 181 True
taf-202401242320-KMTR-FTUS46-TAFSJC 200 188 True
taf-202401242320-KMTR-FTUS46-TAFSJC-CCA 200 189 True
taf-202401242321-KMTR-FTUS46-TAFSJC-AAA 200 189 True
taf-202401242322-KMTR-FTUS46-TAFSFO-CCA 200 226 True
taf-202401250100-KMTR-FTUS46-TAFSFO-AAA 200 223 True
taf-202401250250-KMTR-FTUS46-TAFSFO-AAB 200 121 True
taf-202401250520-KMTR-FTUS46-TAFOAK 200 147 True
taf-202401250520-KMTR-FTUS46-TAFSFO 200 154 True
taf-202401250520-KMTR-FTUS46-TAFSJC 200 113 True
taf-202401250903-KMTR-FTUS46-TAFSFO-AAA 200 121 True
taf-202401251125-KMTR-FTUS46-TAFOAK 200 113 True
taf-202401251125-KMTR-FTUS46-TAFSFO 200 147 True
taf-202401251125-KMTR-FTUS46-TAFSJC 200 147 True
taf-202401251454-KMTR-FTUS46-TAFSFO-AAA 200 152 True
taf-202401251604-KMTR-FTUS46-TAFSJC-AAA 200 155 True
taf-202401251727-KMTR-FTUS46-TAFOAK 200 110 True
taf-202401251727-KMTR-FTUS46-TAFSFO 200 141 True
taf-202401251727-KMTR-FTUS46-TAFSJC 200 110 True
taf-202401252055-KMTR-FTUS46-TAFSFO-AAA 200 118 True
taf-202401252328-KMTR-FTUS46-TAFOAK 200 147 True
taf-202401252328-KMTR-FTUS46-TAFSFO 200 147 True
taf-202401252328-KMTR-FTUS46-TAFSJC 200 144 True
taf-202401260305-KMTR-FTUS46-TAFSFO-AAA 200 162 True
taf-202401260529-KMTR-FTUS46-TAFOAK 200 113 True
taf-202401260529-KMTR-FTUS46-TAFSFO 200 113 True
taf-202401260529-KMTR-FTUS46-TAFSJC 200 113 True
taf-202401260859-KMTR-FTUS46-TAFSFO-AAA 200 121 True
taf-202401261120-KMTR-FTUS46-TAFOAK 200 113 True
taf-202401261120-KMTR-FTUS46-TAFSFO 200 113 True
taf-202401261120-KMTR-FTUS46-TAFSJC 200 144 True
taf-202401261503-KMTR-FTUS46-TAFSFO-AAA 200 121 True
taf-202401261728-KMTR-FTUS46-TAFOAK 200 186 True
taf-202401261728-KMTR-FTUS46-TAFSFO 200 152 True
taf-202401261728-KMTR-FTUS46-TAFSJC 200 193 True
taf-202401262139-KMTR-FTUS46-TAFSFO-AAA 200 133 True
taf-202401262321-KMTR-FTUS46-TAFOAK 200 193 True
taf-202401262321-KMTR-FTUS46-TAFSFO 200 159 True
taf-202401262321-KMTR-FTUS46-TAFSJC 200 186 True
taf-202401270300-KMTR-FTUS46-TAFSFO-AAA 200 160 True
taf-202401270529-KMTR-FTUS46-TAFOAK 200 195 True
taf-202401270529-KMTR-FTUS46-TAFSFO 200 188 True
taf-202401270529-KMTR-FTUS46-TAFSJC 200 186 True
taf-202401270900-KMTR-FTUS46-TAFSFO-AAA 200 196 True
taf-202401271121-KMTR-FTUS46-TAFOAK 200 154 True
taf-202401271121-KMTR-FTUS46-TAFSFO 200 188 True
taf-202401271121-KMTR-FTUS46-TAFSJC 200 188 True
taf-202401271458-KMTR-FTUS46-TAFSFO-AAA 200 157 True
taf-202401271723-KMTR-FTUS46-TAFOAK 200 183 True
taf-202401271723-KMTR-FTUS46-TAFSFO 200 147 True
taf-202401271723-KMTR-FTUS46-TAFSJC 200 190 True
taf-202401272101-KMTR-FTUS46-TAFSFO-AAA 200 155 True
taf-202401272323-KMTR-FTUS46-TAFOAK 200 183 True
taf-202401272323-KMTR-FTUS46-TAFSFO 200 113 True
taf-202401272323-KMTR-FTUS46-TAFSJC 200 156 True
taf-202401280300-KMTR-FTUS46-TAFSFO-AAA 200 121 True
taf-202401280524-KMTR-FTUS46-TAFOAK 200 185 True
taf-202401280524-KMTR-FTUS46-TAFSFO 200 113 True
taf-202401280524-KMTR-FTUS46-TAFSJC 200 156 True
taf-202401280900-KMTR-FTUS46-TAFSFO-AAA 200 121 True
taf-202401281123-KMTR-FTUS46-TAFOAK 200 151 True
taf-202401281123-KMTR-FTUS46-TAFSFO 200 113 True
taf-202401281123-KMTR-FTUS46-TAFSJC 200 156 True
taf-202401281504-KMTR-FTUS46-TAFSFO-AAA 200 155 True
taf-202401281724-KMTR-FTUS46-TAFOAK 200 147 True
taf-202401281724-KMTR-FTUS46-TAFSFO 200 113 True
taf-202401281724-KMTR-FTUS46-TAFSJC 200 79 True
taf-202401282028-KMTR-FTUS46-TAFSFO-AAA 200 118 True
taf-202401282320-KMTR-FTUS46-TAFOAK 200 147 True
taf-202401282320-KMTR-FTUS46-TAFSFO 200 113 True
taf-202401282320-KMTR-FTUS46-TAFSJC 200 147 True
taf-202401290303-KMTR-FTUS46-TAFSFO-AAA 200 121 True
taf-202401290521-KMTR-FTUS46-TAFOAK 200 113 True
taf-202401290521-KMTR-FTUS46-TAFSFO 200 113 True
taf-202401290521-KMTR-FTUS46-TAFSJC 200 147 True
taf-202401290900-KMTR-FTUS46-TAFSFO-AAA 200 121 True
taf-202401291120-KMTR-FTUS46-TAFOAK 200 156 True
taf-202401291120-KMTR-FTUS46-TAFSFO 200 156 True
taf-202401291120-KMTR-FTUS46-TAFSJC 200 190 True
taf-202401291455-KMTR-FTUS46-TAFSFO-AAA 200 155 True
taf-202401291720-KMTR-FTUS46-TAFOAK 200 113 True
taf-202401291720-KMTR-FTUS46-TAFSFO 200 147 True
taf-202401291720-KMTR-FTUS46-TAFSJC 200 156 True
taf-202401292040-KMTR-FTUS46-TAFSFO-AAA 200 189 True
taf-202401292327-KMTR-FTUS46-TAFOAK 200 147 True
taf-202401292327-KMTR-FTUS46-TAFSFO 200 181 True
taf-202401292327-KMTR-FTUS46-TAFSJC 200 190 True
taf-202401010257-KBOU-FTUS45-TAFDEN-AAA 200 258 True
taf-202401010501-KBOU-FTUS45-TAFDEN-AAB 200 217 True
taf-202401010520-KPUB-FTUS45-TAFCOS 200 192 True
taf-202401010520-KPUB-FTUS45-TAFPUB 200 175 True
taf-202401010528-KBOU-FTUS45-TAFDEN 200 250 True
taf-202401010613-KPUB-FTUS45-TAFPUB-AAA 200 188 True
taf-202401010632-KPUB-FTUS45-TAFPUB-AAB 200 183 True
taf-202401010901-KBOU-FTUS45-TAFDEN-AAA 200 251 True
taf-202401011123-KBOU-FTUS45-TAFDEN 200 243 True
taf-202401011123-KPUB-FTUS45-TAFCOS 200 192 True
taf-202401011123-KPUB-FTUS45-TAFPUB 200 144 True
taf-202401011500-KBOU-FTUS45-TAFDEN-AAA 200 251 True
taf-202401011734-KPUB-FTUS45-TAFCOS 200 243 True
taf-202401011734-KPUB-FTUS45-TAFPUB 200 154 True
taf-202401011740-KBOU-FTUS45-TAFDEN 200 325 True
taf-202401012104-KBOU-FTUS45-TAFDEN-AAA 200 292 True
taf-202401012320-KPUB-FTUS45-TAFCOS 200 243 True
taf-202401012320-KPUB-FTUS45-TAFPUB 200 229 True
taf-202401012322-KBOU-FTUS45-TAFDEN 200 332 True
taf-202401020300-KBOU-FTUS45-TAFDEN-AAA 200 299 True
taf-202401020452-KBOU-FTUS45-TAFDEN-AAB 200 258 True
taf-202401020521-KPUB-FTUS45-TAFCOS 200 223 True
taf-202401020521-KPUB-FTUS45-TAFPUB 200 257 True
taf-202401020528-KBOU-FTUS45-TAFDEN 200 298 True
taf-202401020830-KBOU-FTUS45-TAFDEN-AAA 200 306 True
taf-202401021124-KBOU-FTUS45-TAFDEN 200 209 True
taf-202401021130-KPUB-FTUS45-TAFCOS 200 233 True
taf-202401021130-KPUB-FTUS45-TAFPUB 200 223 True
taf-202401021502-KBOU-FTUS45-TAFDEN-AAA 200 217 True
taf-202401021738-KPUB-FTUS45-TAFCOS 200 178 True
taf-202401021738-KPUB-FTUS45-TAFPUB 200 175 True
taf-202401021740-KBOU-FTUS45-TAFDEN 200 271 True
taf-202401022100-KBOU-FTUS45-TAFDEN-AAA 200 242 True
taf-202401022322-KPUB-FTUS45-TAFCOS 200 141 True
taf-202401022322-KPUB-FTUS45-TAFPUB 200 172 True
taf-202401022329-KBOU-FTUS45-TAFDEN 200 206 True
taf-202401030309-KBOU-FTUS45-TAFDEN-AAA 200 200 True
taf-202401030520-KPUB-FTUS45-TAFCOS 200 141 True
taf-202401030520-KPUB-FTUS45-TAFPUB 200 141 True
taf-202401030525-KBOU-FTUS45-TAFDEN 200 231 True
taf-202401030858-KBOU-FTUS45-TAFDEN-AAA 200 239 True
taf-202401031127-KBOU-FTUS45-TAFDEN 200 315 True
taf-202401031212-KPUB-FTUS45-TAFCOS 200 182 True
taf-202401031212-KPUB-FTUS45-TAFPUB 200 182 True
taf-202401031213-KPUB-FTUS45-TAFCOS-CCA 200 190 True
taf-202401031214-KPUB-FTUS45-TAFPUB-CCB 200 190 True
taf-202401031503-KBOU-FTUS45-TAFDEN-AAA 200 323 True
taf-202401031730-KPUB-FTUS45-TAFCOS 200 202 True
taf-202401031730-KPUB-FTUS45-TAFPUB 200 195 True
taf-202401031738-KBOU-FTUS45-TAFDEN 200 281 True
taf-202401032110-KBOU-FTUS45-TAFDEN-AAA 200 417 True
taf-202401032327-KPUB-FTUS45-TAFCOS 200 248 True
taf-202401032327-KPUB-FTUS45-TAFPUB 200 207 True
taf-202401032338-KBOU-FTUS45-TAFDEN 200 462 True
taf-202401040252-KBOU-FTUS45-TAFDEN-AAA 200 436 True
taf-202401040520-KPUB-FTUS45-TAFCOS 200 253 True
taf-202401040520-KPUB-FTUS45-TAFPUB 200 240 True
taf-202401040533-KBOU-FTUS45-TAFDEN 200 434 True
taf-202401040900-KBOU-FTUS45-TAFDEN-AAA 200 401 True
taf-202401041129-KBOU-FTUS45-TAFDEN 200 406 True
taf-202401041140-KPUB-FTUS45-TAFCOS 200 273 True
taf-202401041140-KPUB-FTUS45-TAFPUB 200 239 True
taf-202401041234-KBOU-FTUS45-TAFDEN-AAA 200 414 True
taf-202401041348-KBOU-FTUS45-TAFDEN-AAB 200 407 True
taf-202401041503-KBOU-FTUS45-TAFDEN-AAC 200 414 True
taf-202401041611-KBOU-FTUS45-TAFDEN-AAD 200 381 True
taf-202401041728-KBOU-FTUS45-TAFDEN 200 442 True
taf-202401041732-KPUB-FTUS45-TAFCOS 200 285 True
taf-202401041732-KPUB-FTUS45-TAFPUB 200 258 True
taf-202401041837-KBOU-FTUS45-TAFDEN-AAA 200 373 True
taf-202401042056-KBOU-FTUS45-TAFDEN-AAB 200 295 True
taf-202401042139-KPUB-FTUS45-TAFPUB-AAA 200 266 True
taf-202401042326-KPUB-FTUS45-TAFCOS 200 237 True
taf-202401042326-KPUB-FTUS45-TAFPUB 200 252 True
taf-202401042328-KBOU-FTUS45-TAFDEN 200 361 True
taf-202401050255-KBOU-FTUS45-TAFDEN-AAA 200 364 True
taf-202401050331-KBOU-FTUS45-TAFDEN-AAB 200 364 True
taf-202401050402-KBOU-FTUS45-TAFDEN-AAC 200 371 True
taf-202401050440-KBOU-FTUS45-TAFDEN-AAD 200 378 True
taf-202401050522-KPUB-FTUS45-TAFCOS 200 259 True
taf-202401050522-KPUB-FTUS45-TAFPUB 200 268 True
taf-202401050538-KBOU-FTUS45-TAFDEN 200 330 True
taf-202401050643-KPUB-FTUS45-TAFPUB-AAA 200 279 True
taf-202401050731-KBOU-FTUS45-TAFDEN-AAA 200 309 True
taf-202401050801-KPUB-FTUS45-TAFPUB-AAC 200 313 True
taf-202401050802-KPUB-FTUS45-TAFCOS-AAA 200 225 True
taf-202401050858-KBOU-FTUS45-TAFDEN-AAB 200 309 True
taf-202401050940-KPUB-FTUS45-TAFCOS-AAB 200 199 True
taf-202401051120-KPUB-FTUS45-TAFCOS 200 230 True
taf-202401051120-KPUB-FTUS45-TAFPUB 200 195 True
taf-202401051131-KBOU-FTUS45-TAFDEN 200 301 True
taf-202401051233-KPUB-FTUS45-TAFPUB-AAB 200 237 True
taf-202401051500-KPUB-FTUS45-TAFPUB-AAC 200 249 True
taf-202401051505-KBOU-FTUS45-TAFDEN-AAA 200 323 True
taf-202401051652-KPUB-FTUS45-TAFPUB-AAE 200 210 True
taf-202401051738-KBOU-FTUS45-TAFDEN 200 367 True
taf-202401051752-KPUB-FTUS45-TAFCOS 200 251 True
taf-202401051752-KPUB-FTUS45-TAFPUB 200 248 True
taf-202401052100-KBOU-FTUS45-TAFDEN-AAA 200 341 True
taf-202401052222-KPUB-FTUS45-TAFCOS-AAA 200 218 True
taf-202401052327-KBOU-FTUS45-TAFDEN 200 319 True
taf-202401052330-KPUB-FTUS45-TAFCOS 200 215 True
taf-202401052330-KPUB-FTUS45-TAFPUB 200 234 True
taf-202401060036-KBOU-FTUS45-TAFDEN-AAA 200 327 True
taf-202401060050-KPUB-FTUS45-TAFCOS-AAA 200 268 True
taf-202401060301-KBOU-FTUS45-TAFDEN-AAB 200 334 True
taf-202401060404-KBOU-FTUS45-TAFDEN-AAC 200 334 True
taf-202401060511-KBOU-FTUS45-TAFDEN-AAD 200 334 True
taf-202401060530-KPUB-FTUS45-TAFCOS 200 207 True
taf-202401060530-KPUB-FTUS45-TAFPUB 200 250 True
taf-202401060535-KBOU-FTUS45-TAFDEN 200 263 True
taf-202401060900-KBOU-FTUS45-TAFDEN-AAA 200 235 True
taf-202401061007-KPUB-FTUS45-TAFPUB-AAA 200 210 True
taf-202401061009-KPUB-FTUS45-TAFCOS-AAA 200 215 True
taf-202401061120-KPUB-FTUS45-TAFCOS 200 214 True
taf-202401061120-KPUB-FTUS45-TAFPUB 200 202 True
taf-202401061125-KBOU-FTUS45-TAFDEN 200 215 True
taf-202401061424-KPUB-FTUS45-TAFCOS-AAA 200 169 True
taf-202401061425-KPUB-FTUS45-TAFPUB-AAB 200 169 True
taf-202401061501-KBOU-FTUS45-TAFDEN-AAA 200 189 True
taf-202401061739-KBOU-FTUS45-TAFDEN 200 220 True
taf-202401061740-KPUB-FTUS45-TAFCOS 200 250 True
taf-202401061740-KPUB-FTUS45-TAFPUB 200 250 True
taf-202401061803-KBOU-FTUS45-TAFDEN-AAA 200 228 True
taf-202401061955-KPUB-FTUS45-TAFPUB-AAA 200 210 True
taf-202401062059-KBOU-FTUS45-TAFDEN-AAB 200 194 True
taf-202401062102-KPUB-FTUS45-TAFPUB-AAB 200 210 True
taf-202401062321-KBOU-FTUS45-TAFDEN 200 281 True
taf-202401062330-KPUB-FTUS45-TAFCOS 200 250 True
taf-202401062330-KPUB-FTUS45-TAFPUB 200 209 True
taf-202401070110-KBOU-FTUS45-TAFDEN-AAA 200 303 True
taf-202401070232-KBOU-FTUS45-TAFDEN-AAB 200 289 True
taf-202401070358-KBOU-FTUS45-TAFDEN-AAC 200 255 True
taf-202401070530-KPUB-FTUS45-TAFCOS 200 225 True
taf-202401070530-KPUB-FTUS45-TAFPUB 200 239 True
taf-202401070536-KBOU-FTUS45-TAFDEN 200 325 True
taf-202401070903-KBOU-FTUS45-TAFDEN-AAA 200 333 True
taf-202401071122-KPUB-FTUS45-TAFCOS 200 279 True
taf-202401071122-KPUB-FTUS45-TAFPUB 200 281 True
taf-202401071133-KBOU-FTUS45-TAFDEN 200 415 True
taf-202401071501-KBOU-FTUS45-TAFDEN-AAA 200 423 True
taf-202401071743-KBOU-FTUS45-TAFDEN 200 378 True
taf-202401071802-KPUB-FTUS45-TAFCOS-CCA 200 272 True
taf-202401071802-KPUB-FTUS45-TAFPUB-CCA 200 262 True
taf-202401071912-KBOU-FTUS45-TAFDEN-AAA 200 345 True
taf-202401072039-KPUB-FTUS45-TAFCOS-AAA 200 238 True
taf-202401072058-KBOU-FTUS45-TAFDEN-AAB 200 357 True
taf-202401072329-KBOU-FTUS45-TAFDEN 200 420 True
taf-202401072342-KPUB-FTUS45-TAFCOS 200 299 True
taf-202401072342-KPUB-FTUS45-TAFPUB 200 257 True
taf-202401080219-KBOU-FTUS45-TAFDEN-AAA 200 423 True
taf-202401080412-KPUB-FTUS45-TAFCOS-AAA 200 269 True
taf-202401080532-KPUB-FTUS45-TAFCOS 200 288 True
taf-202401080532-KPUB-FTUS45-TAFPUB 200 283 True
taf-202401080535-KBOU-FTUS45-TAFDEN 200 389 True
taf-202401080824-KBOU-FTUS45-TAFDEN-AAA 200 361 True
taf-202401081126-KPUB-FTUS45-TAFCOS 200 236 True
taf-202401081126-KPUB-FTUS45-TAFPUB 200 278 True
taf-202401081135-KBOU-FTUS45-TAFDEN 200 347 True
taf-202401081310-KPUB-FTUS45-TAFPUB-AAB 200 244 True
taf-202401081318-KBOU-FTUS45-TAFDEN-AAA 200 324 True
taf-202401081451-KBOU-FTUS45-TAFDEN-AAB 200 325 True
taf-202401081513-KBOU-FTUS45-TAFDEN-AAC 200 314 True
taf-202401081638-KPUB-FTUS45-TAFCOS-AAA 200 219 True
taf-202401081701-KPUB-FTUS45-TAFPUB-AAB 200 209 True
taf-202401081731-KBOU-FTUS45-TAFDEN 200 299 True
taf-202401081752-KPUB-FTUS45-TAFCOS 200 245 True
taf-202401081752-KPUB-FTUS45-TAFPUB 200 235 True
taf-202401082015-KPUB-FTUS45-TAFCOS-AAA 200 206 True
taf-202401082114-KBOU-FTUS45-TAFDEN-AAA 200 263 True
taf-202401082323-KPUB-FTUS45-TAFCOS 200 198 True
taf-202401082323-KPUB-FTUS45-TAFPUB 200 222 True
taf-202401082324-KBOU-FTUS45-TAFDEN 200 333 True
taf-202401090054-KPUB-FTUS45-TAFPUB-AAA 200 223 True
taf-202401090301-KBOU-FTUS45-TAFDEN-AAA 200 267 True
taf-202401090412-KPUB-FTUS45-TAFCOS-AAA 200 118 True
taf-202401090413-KPUB-FTUS45-TAFPUB-AAB 200 180 True
taf-202401090523-KPUB-FTUS45-TAFCOS 200 175 True
taf-202401090523-KPUB-FTUS45-TAFPUB 200 141 True
taf-202401090537-KBOU-FTUS45-TAFDEN 200 252 True
taf-202401090708-KBOU-FTUS45-TAFDEN-AAA 200 260 True
taf-202401090901-KBOU-FTUS45-TAFDEN-AAB 200 260 True
taf-202401091120-KPUB-FTUS45-TAFCOS 200 206 True
taf-202401091120-KPUB-FTUS45-TAFPUB 200 175 True
taf-202401091144-KBOU-FTUS45-TAFDEN 200 289 True
taf-202401091503-KBOU-FTUS45-TAFDEN-AAA 200 259 True
taf-202401091737-KBOU-FTUS45-TAFDEN 200 312 True
taf-202401091741-KPUB-FTUS45-TAFCOS 200 215 True
taf-202401091741-KPUB-FTUS45-TAFPUB 200 208 True
taf-202401092059-KBOU-FTUS45-TAFDEN-AAA 200 308 True
taf-202401092327-KBOU-FTUS45-TAFDEN 200 300 True
taf-202401092336-KPUB-FTUS45-TAFCOS 200 268 True
taf-202401092336-KPUB-FTUS45-TAFPUB 200 256 True
taf-202401092346-KPUB-FTUS45-TAFCOS-AAA 200 324 True
taf-202401100227-KBOU-FTUS45-TAFDEN-AAA 200 260 True
taf-202401100321-KPUB-FTUS45-TAFCOS-AAB 200 316 True
taf-202401100358-KBOU-FTUS45-TAFDEN-AAB 200 263 True
taf-202401100544-KBOU-FTUS45-TAFDEN 200 255 True
taf-202401100545-KPUB-FTUS45-TAFCOS 200 261 True
taf-202401100545-KPUB-FTUS45-TAFPUB 200 295 True
taf-202401100901-KBOU-FTUS45-TAFDEN-AAA 200 226 True
taf-202401101125-KPUB-FTUS45-TAFCOS 200 272 True
taf-202401101125-KPUB-FTUS45-TAFPUB 200 252 True
taf-202401101140-KBOU-FTUS45-TAFDEN 200 341 True
taf-202401101501-KBOU-FTUS45-TAFDEN-AAA 200 415 True
taf-202401101732-KBOU-FTUS45-TAFDEN 200 397 True
taf-202401101742-KPUB-FTUS45-TAFCOS 200 319 True
taf-202401101742-KPUB-FTUS45-TAFPUB 200 269 True
taf-202401102101-KBOU-FTUS45-TAFDEN-AAA 200 379 True
taf-202401102208-KBOU-FTUS45-TAFDEN-AAB 200 379 True
taf-202401102320-KBOU-FTUS45-TAFDEN 200 416 True
taf-202401102345-KPUB-FTUS45-TAFCOS 200 288 True
taf-202401102345-KPUB-FTUS45-TAFPUB 200 256 True
taf-202401110141-KBOU-FTUS45-TAFDEN-AAA 200 359 True
taf-202401110224-KPUB-FTUS45-TAFCOS-AAA 200 289 True
taf-202401110301-KBOU-FTUS45-TAFDEN-AAB 200 325 True
taf-202401110534-KBOU-FTUS45-TAFDEN 200 350 True
taf-202401110535-KPUB-FTUS45-TAFCOS 200 316 True
taf-202401110535-KPUB-FTUS45-TAFPUB 200 277 True
taf-202401110901-KBOU-FTUS45-TAFDEN-AAA 200 365 True
taf-202401111120-KPUB-FTUS45-TAFCOS 200 239 True
taf-202401111120-KPUB-FTUS45-TAFPUB 200 278 True
taf-202401111128-KBOU-FTUS45-TAFDEN 200 389 True
taf-202401111527-KBOU-FTUS45-TAFDEN-AAA 200 404 True
taf-202401111740-KBOU-FTUS45-TAFDEN 200 292 True
taf-202401111740-KPUB-FTUS45-TAFCOS 200 308 True
taf-202401111740-KPUB-FTUS45-TAFPUB 200 305 True
taf-202401112019-KPUB-FTUS45-TAFCOS-AAA 200 316 True
taf-202401112107-KBOU-FTUS45-TAFDEN-AAA 200 300 True
taf-202401112109-KBOU-FTUS45-TAFDEN-AAB 200 300 True
taf-202401112329-KPUB-FTUS45-TAFCOS 200 261 True
taf-202401112329-KPUB-FTUS45-TAFPUB 200 219 True
taf-202401112345-KBOU-FTUS45-TAFDEN 200 375 True
taf-202401120109-KPUB-FTUS45-TAFPUB-AAA 200 224 True
taf-202401120202-KPUB-FTUS45-TAFPUB-AAB 200 213 True
taf-202401120208-KBOU-FTUS45-TAFDEN-AAA 200 335 True
taf-202401120305-KBOU-FTUS45-TAFDEN-AAB 200 321 True
taf-202401120521-KPUB-FTUS45-TAFCOS 200 275 True
taf-202401120521-KPUB-FTUS45-TAFPUB 200 232 True
taf-202401120538-KBOU-FTUS45-TAFDEN 200 357 True
taf-202401120900-KBOU-FTUS45-TAFDEN-AAA 200 365 True
taf-202401121110-KPUB-FTUS45-TAFPUB-AAA 200 276 True
taf-202401121133-KPUB-FTUS45-TAFCOS 200 241 True
taf-202401121133-KPUB-FTUS45-TAFPUB 200 301 True
taf-202401121139-KBOU-FTUS45-TAFDEN 200 406 True
taf-202401121513-KBOU-FTUS45-TAFDEN-AAA 200 387 True
taf-202401121739-KPUB-FTUS45-TAFCOS 200 211 True
taf-202401121739-KPUB-FTUS45-TAFPUB 200 241 True
taf-202401121744-KBOU-FTUS45-TAFDEN 200 433 True
taf-202401122026-KPUB-FTUS45-TAFCOS-AAA 200 240 True
taf-202401122032-KPUB-FTUS45-TAFPUB-AAB 200 240 True
taf-202401122113-KBOU-FTUS45-TAFDEN-AAA 200 390 True
taf-202401122330-KPUB-FTUS45-TAFCOS 200 236 True
taf-202401122330-KPUB-FTUS45-TAFPUB 200 266 True
taf-202401122346-KBOU-FTUS45-TAFDEN 200 382 True
taf-202401130130-KBOU-FTUS45-TAFDEN-AAA 200 387 True
taf-202401130151-KBOU-FTUS45-TAFDEN-AAB 200 387 True
taf-202401130240-KBOU-FTUS45-TAFDEN-AAC 200 346 True
taf-202401130428-KBOU-FTUS45-TAFDEN-AAD 200 342 True
taf-202401130529-KPUB-FTUS45-TAFCOS 200 237 True
taf-202401130529-KPUB-FTUS45-TAFPUB 200 229 True
taf-202401130537-KBOU-FTUS45-TAFDEN 200 377 True
taf-202401130840-KPUB-FTUS45-TAFCOS-AAA 200 238 True
taf-202401130846-KPUB-FTUS45-TAFPUB-AAB 200 271 True
taf-202401130858-KBOU-FTUS45-TAFDEN-AAA 200 338 True
taf-202401131138-KBOU-FTUS45-TAFDEN 200 323 True
taf-202401131140-KPUB-FTUS45-TAFCOS 200 319 True
taf-202401131140-KPUB-FTUS45-TAFPUB 200 279 True
taf-202401131327-KBOU-FTUS45-TAFDEN-AAA 200 334 True
taf-202401131327-KBOU-FTUS45-TAFDEN-CCA 200 336 True
taf-202401131332-KPUB-FTUS45-TAFCOS-AAA 200 243 True
taf-202401131410-KPUB-FTUS45-TAFCOS-AAB 200 249 True
taf-202401131431-KBOU-FTUS45-TAFDEN-AAB 200 296 True
taf-202401131502-KPUB-FTUS45-TAFCOS-AAC 200 242 True
taf-202401131630-KBOU-FTUS45-TAFDEN-AAC 200 238 True
taf-202401131726-KPUB-FTUS45-TAFCOS 200 241 True
taf-202401131726-KPUB-FTUS45-TAFPUB 200 194 True
taf-202401131732-KBOU-FTUS45-TAFDEN 200 300 True
taf-202401131947-KPUB-FTUS45-TAFPUB-AAA 200 168 True
taf-202401132004-KPUB-FTUS45-TAFCOS-AAA 200 246 True
taf-202401132049-KPUB-FTUS45-TAFCOS-AAB 200 202 True
taf-202401132103-KBOU-FTUS45-TAFDEN-AAA 200 267 True
taf-202401132325-KPUB-FTUS45-TAFCOS 200 235 True
taf-202401132325-KPUB-FTUS45-TAFPUB 200 194 True
taf-202401132334-KBOU-FTUS45-TAFDEN 200 327 True
taf-202401140218-KBOU-FTUS45-TAFDEN-AAA 200 335 True
taf-202401140522-KPUB-FTUS45-TAFCOS 200 228 True
taf-202401140522-KPUB-FTUS45-TAFPUB 200 235 True
taf-202401140529-KBOU-FTUS45-TAFDEN 200 360 True
taf-202401140727-KPUB-FTUS45-TAFCOS-AAA 200 238 True
taf-202401140911-KBOU-FTUS45-TAFDEN-AAA 200 327 True
taf-202401140957-KPUB-FTUS45-TAFCOS-AAB 200 239 True
taf-202401141013-KPUB-FTUS45-TAFPUB-AAC 200 208 True
taf-202401141130-KPUB-FTUS45-TAFCOS 200 272 True
taf-202401141130-KPUB-FTUS45-TAFPUB 200 190 True
taf-202401141140-KBOU-FTUS45-TAFDEN 200 312 True
taf-202401141402-KBOU-FTUS45-TAFDEN-AAA 200 313 True
taf-202401141429-KPUB-FTUS45-TAFCOS-AAA 200 287 True
taf-202401141503-KBOU-FTUS45-TAFDEN-AAB 200 267 True
taf-202401141600-KPUB-FTUS45-TAFPUB-AAB 200 169 True
taf-202401141602-KPUB-FTUS45-TAFCOS-AAB 200 239 True
taf-202401141736-KBOU-FTUS45-TAFDEN 200 487 True
taf-202401141737-KPUB-FTUS45-TAFCOS 200 200 True
taf-202401141737-KPUB-FTUS45-TAFPUB 200 195 True
taf-202401141833-KBOU-FTUS45-TAFDEN-AAA 200 495 True
taf-202401141919-KBOU-FTUS45-TAFDEN-AAB 200 495 True
taf-202401141959-KBOU-FTUS45-TAFDEN-AAC 200 419 True
taf-202401142119-KBOU-FTUS45-TAFDEN-AAD 200 433 True
taf-202401142336-KPUB-FTUS45-TAFCOS 200 258 True
taf-202401142336-KPUB-FTUS45-TAFPUB 200 248 True
taf-202401142338-KBOU-FTUS45-TAFDEN 200 406 True
taf-202401150309-KBOU-FTUS45-TAFDEN-AAA 200 373 True
taf-202401150426-KPUB-FTUS45-TAFCOS-AAA 200 266 True
taf-202401150429-KPUB-FTUS45-TAFPUB-AAB 200 215 True
taf-202401150520-KPUB-FTUS45-TAFCOS 200 306 True
taf-202401150520-KPUB-FTUS45-TAFPUB 200 285 True
taf-202401150538-KBOU-FTUS45-TAFDEN 200 365 True
taf-202401150858-KBOU-FTUS45-TAFDEN-AAA 200 332 True
taf-202401150913-KBOU-FTUS45-TAFDEN-AAB 200 332 True
taf-202401150949-KBOU-FTUS45-TAFDEN-AAC 200 336 True
taf-202401151140-KBOU-FTUS45-TAFDEN 200 272 True
taf-202401151140-KPUB-FTUS45-TAFCOS 200 304 True
taf-202401151140-KPUB-FTUS45-TAFPUB 200 290 True
taf-202401151143-KBOU-FTUS45-TAFDEN-AAA 200 280 True
taf-202401151330-KBOU-FTUS45-TAFDEN-AAB 200 283 True
taf-202401151503-KBOU-FTUS45-TAFDEN-AAC 200 285 True
taf-202401151550-KPUB-FTUS45-TAFCOS-AAA 200 241 True
taf-202401151555-KPUB-FTUS45-TAFPUB-AAB 200 279 True
taf-202401151624-KPUB-FTUS45-TAFCOS-AAB 200 229 True
taf-202401151631-KBOU-FTUS45-TAFDEN-AAD 200 287 True
taf-202401151639-KPUB-FTUS45-TAFPUB-AAC 200 330 True
taf-202401151707-KPUB-FTUS45-TAFPUB-AAD 200 333 True
taf-202401151744-KBOU-FTUS45-TAFDEN 200 294 True
taf-202401151748-KPUB-FTUS45-TAFCOS 200 255 True
taf-202401151748-KPUB-FTUS45-TAFPUB 200 275 True
taf-202401151827-KPUB-FTUS45-TAFPUB-AAA 200 251 True
taf-202401151901-KPUB-FTUS45-TAFCOS-AAA 200 263 True
taf-202401151910-KPUB-FTUS45-TAFCOS-AAB 200 266 True
taf-202401151958-KBOU-FTUS45-TAFDEN-AAA 200 299 True
taf-202401152015-KBOU-FTUS45-TAFDEN-AAB 200 299 True
taf-202401152056-KPUB-FTUS45-TAFPUB-AAC 200 257 True
taf-202401152103-KBOU-FTUS45-TAFDEN-AAC 200 212 True
taf-202401152137-KPUB-FTUS45-TAFPUB-AAD 200 258 True
taf-202401152157-KPUB-FTUS45-TAFPUB-AAE 200 254 True
taf-202401152202-KPUB-FTUS45-TAFCOS-AAC 200 201 True
taf-202401152216-KPUB-FTUS45-TAFPUB-AAD 200 264 True
taf-202401152329-KPUB-FTUS45-TAFCOS 200 188 True
taf-202401152329-KPUB-FTUS45-TAFPUB 200 203 True
taf-202401152330-KBOU-FTUS45-TAFDEN 200 236 True
taf-202401160316-KBOU-FTUS45-TAFDEN-AAA 200 210 True
taf-202401160316-KPUB-FTUS45-TAFCOS-AAA 200 191 True
taf-202401160354-KPUB-FTUS45-TAFPUB-AAB 200 128 True
taf-202401160539-KBOU-FTUS45-TAFDEN 200 243 True
taf-202401160539-KPUB-FTUS45-TAFCOS 200 147 True
taf-202401160539-KPUB-FTUS45-TAFPUB 200 147 True
taf-202401160802-KBOU-FTUS45-TAFDEN-AAA 200 251 True
taf-202401160917-KBOU-FTUS45-TAFDEN-AAB 200 251 True
taf-202401161136-KPUB-FTUS45-TAFCOS 200 168 True
taf-202401161136-KPUB-FTUS45-TAFPUB 200 161 True
taf-202401161137-KBOU-FTUS45-TAFDEN 200 243 True
taf-202401161720-KPUB-FTUS45-TAFCOS 200 127 True
taf-202401161720-KPUB-FTUS45-TAFPUB 200 175 True
taf-202401161735-KBOU-FTUS45-TAFDEN 200 250 True
taf-202401162025-KBOU-FTUS45-TAFDEN-AAA 200 250 True
taf-202401162203-KBOU-FTUS45-TAFDEN-AAB 200 250 True
taf-202401162338-KPUB-FTUS45-TAFCOS 200 229 True
taf-202401162338-KPUB-FTUS45-TAFPUB 200 147 True
taf-202401162340-KBOU-FTUS45-TAFDEN 200 301 True
taf-202401170300-KBOU-FTUS45-TAFDEN-AAA 200 224 True
taf-202401170524-KBOU-FTUS45-TAFDEN 200 290 True
taf-202401170540-KPUB-FTUS45-TAFCOS 200 215 True
taf-202401170540-KPUB-FTUS45-TAFPUB 200 184 True
taf-202401170900-KBOU-FTUS45-TAFDEN-AAA 200 298 True
taf-202401171121-KBOU-FTUS45-TAFDEN 200 372 True
taf-202401171159-KPUB-FTUS45-TAFCOS 200 188 True
taf-202401171159-KPUB-FTUS45-TAFPUB 200 238 True
taf-202401171259-KBOU-FTUS45-TAFDEN-AAA 200 380 True
taf-202401171416-KBOU-FTUS45-TAFDEN-AAB 200 387 True
taf-202401171508-KBOU-FTUS45-TAFDEN-AAC 200 387 True
taf-202401171602-KBOU-FTUS45-TAFDEN-AAD 200 387 True
taf-202401171721-KPUB-FTUS45-TAFCOS 200 236 True
taf-202401171721-KPUB-FTUS45-TAFPUB 200 225 True
taf-202401171744-KBOU-FTUS45-TAFDEN 200 389 True
taf-202401172019-KBOU-FTUS45-TAFDEN-AAA 200 316 True
taf-202401172137-KPUB-FTUS45-TAFPUB-AAA 200 202 True
taf-202401172327-KBOU-FTUS45-TAFDEN 200 426 True
taf-202401172338-KPUB-FTUS45-TAFCOS 200 309 True
taf-202401172338-KPUB-FTUS45-TAFPUB 200 265 True
taf-202401180145-KPUB-FTUS45-TAFCOS-AAA 200 273 True
taf-202401180300-KBOU-FTUS45-TAFDEN-AAA 200 386 True
taf-202401180533-KPUB-FTUS45-TAFCOS 200 309 True
taf-202401180533-KPUB-FTUS45-TAFPUB 200 261 True
taf-202401180534-KBOU-FTUS45-TAFDEN 200 405 True
taf-202401180720-KBOU-FTUS45-TAFDEN-AAA 200 379 True
taf-202401180855-KBOU-FTUS45-TAFDEN-AAB 200 338 True
taf-202401181120-KBOU-FTUS45-TAFDEN 200 316 True
taf-202401181124-KPUB-FTUS45-TAFCOS 200 201 True
taf-202401181124-KPUB-FTUS45-TAFPUB 200 201 True
taf-202401181434-KPUB-FTUS45-TAFCOS-AAA 200 246 True
taf-202401181453-KBOU-FTUS45-TAFDEN-AAA 200 330 True
taf-202401181557-KPUB-FTUS45-TAFCOS-AAB 200 175 True
taf-202401181602-KBOU-FTUS45-TAFDEN-AAB 200 320 True
taf-202401181737-KPUB-FTUS45-TAFCOS 200 279 True
taf-202401181737-KPUB-FTUS45-TAFPUB 200 345 True
taf-202401181739-KBOU-FTUS45-TAFDEN 200 312 True
taf-202401181920-KPUB-FTUS45-TAFPUB-AAB 200 316 True
taf-202401181943-KPUB-FTUS45-TAFCOS-AAA 200 287 True
taf-202401181943-KPUB-FTUS45-TAFPUB-AAB 200 316 True
taf-202401182019-KPUB-FTUS45-TAFCOS-AAB 200 250 True
taf-202401182019-KPUB-FTUS45-TAFPUB-AAC 200 316 True
taf-202401182104-KBOU-FTUS45-TAFDEN-AAA 200 247 True
taf-202401182205-KBOU-FTUS45-TAFDEN-AAB 200 203 True
taf-202401182331-KPUB-FTUS45-TAFCOS 200 239 True
taf-202401182331-KPUB-FTUS45-TAFPUB 200 227 True
taf-202401182340-KBOU-FTUS45-TAFDEN 200 291 True
taf-202401190054-KBOU-FTUS45-TAFDEN-AAA 200 292 True
taf-202401190225-KBOU-FTUS45-TAFDEN-AAB 200 295 True
taf-202401190332-KBOU-FTUS45-TAFDEN-AAC 200 295 True
taf-202401190424-KBOU-FTUS45-TAFDEN-AAD 200 302 True
taf-202401190523-KPUB-FTUS45-TAFCOS-AAA 200 131 True
taf-202401190540-KPUB-FTUS45-TAFCOS 200 226 True
taf-202401190540-KPUB-FTUS45-TAFPUB 200 266 True
taf-202401190543-KBOU-FTUS45-TAFDEN 200 302 True
taf-202401190653-KPUB-FTUS45-TAFCOS-AAA 200 270 True
taf-202401190745-KPUB-FTUS45-TAFCOS-AAB 200 308 True
taf-202401190908-KBOU-FTUS45-TAFDEN-AAA 200 303 True
taf-202401191003-KPUB-FTUS45-TAFCOS-AAC 200 308 True
taf-202401191120-KPUB-FTUS45-TAFCOS 200 206 True
taf-202401191120-KPUB-FTUS45-TAFPUB 200 195 True
taf-202401191130-KBOU-FTUS45-TAFDEN 200 257 True
taf-202401191247-KPUB-FTUS45-TAFCOS-AAA 200 214 True
taf-202401191347-KBOU-FTUS45-TAFDEN-AAA 200 258 True
taf-202401191411-KPUB-FTUS45-TAFCOS-AAB 200 202 True
taf-202401191458-KBOU-FTUS45-TAFDEN-AAB 200 258 True
taf-202401191459-KPUB-FTUS45-TAFCOS-AAC 200 202 True
taf-202401191720-KPUB-FTUS45-TAFCOS 200 192 True
taf-202401191720-KPUB-FTUS45-TAFPUB 200 154 True
taf-202401191726-KBOU-FTUS45-TAFDEN 200 284 True
taf-202401192107-KBOU-FTUS45-TAFDEN-AAA 200 272 True
taf-202401192305-KBOU-FTUS45-TAFDEN-AAB 200 272 True
taf-202401192331-KBOU-FTUS45-TAFDEN 200 312 True
taf-202401192335-KPUB-FTUS45-TAFCOS 200 168 True
taf-202401192335-KPUB-FTUS45-TAFPUB 200 195 True
taf-202401200137-KBOU-FTUS45-TAFDEN-AAA 200 272 True
taf-202401200258-KBOU-FTUS45-TAFDEN-AAB 200 231 True
taf-202401200530-KPUB-FTUS45-TAFCOS 200 161 True
taf-202401200530-KPUB-FTUS45-TAFPUB 200 195 True
taf-202401200541-KBOU-FTUS45-TAFDEN 200 223 True
taf-202401200910-KBOU-FTUS45-TAFDEN-AAA 200 176 True
taf-202401201130-KPUB-FTUS45-TAFCOS 200 154 True
taf-202401201130-KPUB-FTUS45-TAFPUB 200 178 True
taf-202401201135-KBOU-FTUS45-TAFDEN 200 168 True
taf-202401201459-KBOU-FTUS45-TAFDEN-AAA 200 176 True
taf-202401201722-KPUB-FTUS45-TAFCOS 200 188 True
taf-202401201722-KPUB-FTUS45-TAFPUB 200 181 True
taf-202401201733-KBOU-FTUS45-TAFDEN 200 250 True
taf-202401202100-KBOU-FTUS45-TAFDEN-AAA 200 217 True
taf-202401202325-KBOU-FTUS45-TAFDEN 200 298 True
taf-202401202334-KPUB-FTUS45-TAFCOS 200 222 True
taf-202401202334-KPUB-FTUS45-TAFPUB 200 188 True
taf-202401210239-KBOU-FTUS45-TAFDEN-AAA 200 258 True
taf-202401210540-KBOU-FTUS45-TAFDEN 200 250 True
taf-202401210544-KPUB-FTUS45-TAFCOS 200 147 True
taf-202401210544-KPUB-FTUS45-TAFPUB 200 147 True
taf-202401210908-KBOU-FTUS45-TAFDEN-AAA 200 217 True
taf-202401211120-KBOU-FTUS45-TAFDEN 200 209 True
taf-202401211125-KPUB-FTUS45-TAFCOS 200 154 True
taf-202401211125-KPUB-FTUS45-TAFPUB 200 147 True
taf-202401211459-KBOU-FTUS45-TAFDEN-AAA 200 217 True
taf-202401211727-KPUB-FTUS45-TAFCOS 200 181 True
taf-202401211727-KPUB-FTUS45-TAFPUB 200 113 True
taf-202401211728-KBOU-FTUS45-TAFDEN 200 243 True
taf-202401212109-KBOU-FTUS45-TAFDEN-AAA 200 169 True
taf-202401212325-KBOU-FTUS45-TAFDEN 200 243 True
taf-202401212332-KPUB-FTUS45-TAFCOS 200 181 True
taf-202401212332-KPUB-FTUS45-TAFPUB 200 181 True
taf-202401212336-KPUB-FTUS45-TAFCOS-CCA 200 196 True
taf-202401212337-KPUB-FTUS45-TAFPUB-CCB 200 196 True
taf-202401220301-KBOU-FTUS45-TAFDEN-AAA 200 176 True
taf-202401220356-KBOU-FTUS45-TAFDEN-AAB 200 217 True
taf-202401220520-KBOU-FTUS45-TAFDEN 200 202 True
taf-202401220546-KPUB-FTUS45-TAFCOS 200 202 True
taf-202401220546-KPUB-FTUS45-TAFPUB 200 202 True
taf-202401220914-KBOU-FTUS45-TAFDEN-AAA 200 210 True
taf-202401221121-KBOU-FTUS45-TAFDEN 200 291 True
taf-202401221131-KPUB-FTUS45-TAFCOS 200 161 True
taf-202401221131-KPUB-FTUS45-TAFPUB 200 202 True
taf-202401221500-KBOU-FTUS45-TAFDEN-AAA 200 299 True
taf-202401221727-KPUB-FTUS45-TAFCOS 200 241 True
taf-202401221727-KPUB-FTUS45-TAFPUB 200 195 True
taf-202401221736-KBOU-FTUS45-TAFDEN 200 325 True
taf-202401222059-KBOU-FTUS45-TAFDEN-AAA 200 333 True
taf-202401222203-KBOU-FTUS45-TAFDEN-AAB 200 292 True
taf-202401222327-KBOU-FTUS45-TAFDEN 200 352 True
taf-202401222327-KPUB-FTUS45-TAFCOS 200 161 True
taf-202401222327-KPUB-FTUS45-TAFPUB 200 154 True
taf-202401230113-KPUB-FTUS45-TAFCOS-AAA 200 169 True
taf-202401230300-KBOU-FTUS45-TAFDEN-AAA 200 290 True
taf-202401230524-KBOU-FTUS45-TAFDEN 200 284 True
taf-202401230526-KPUB-FTUS45-TAFCOS 200 168 True
taf-202401230526-KPUB-FTUS45-TAFPUB 200 161 True
taf-202401230858-KBOU-FTUS45-TAFDEN-AAA 200 292 True
taf-202401231120-KPUB-FTUS45-TAFCOS 200 161 True
taf-202401231120-KPUB-FTUS45-TAFPUB 200 161 True
taf-202401231123-KBOU-FTUS45-TAFDEN 200 236 True
taf-202401231506-KBOU-FTUS45-TAFDEN-AAA 200 210 True
taf-202401231627-KPUB-FTUS45-TAFCOS-AAA 200 128 True
taf-202401231728-KBOU-FTUS45-TAFDEN 200 236 True
taf-202401231735-KPUB-FTUS45-TAFCOS 200 120 True
taf-202401231735-KPUB-FTUS45-TAFPUB 200 168 True
taf-202401232056-KBOU-FTUS45-TAFDEN-AAA 200 210 True
taf-202401232329-KBOU-FTUS45-TAFDEN 200 306 True
taf-202401232330-KPUB-FTUS45-TAFCOS 200 168 True
taf-202401232330-KPUB-FTUS45-TAFPUB 200 254 True
taf-202401232336-KPUB-FTUS45-TAFPUB-CCA 200 259 True
taf-202401232337-KPUB-FTUS45-TAFPUB-CCB 200 259 True
taf-202401240301-KBOU-FTUS45-TAFDEN-AAA 200 285 True
taf-202401240420-KPUB-FTUS45-TAFPUB-AAA 200 259 True
taf-202401240456-KPUB-FTUS45-TAFPUB-AAB 200 259 True
taf-202401240523-KBOU-FTUS45-TAFDEN 200 250 True
taf-202401240524-KPUB-FTUS45-TAFCOS 200 195 True
taf-202401240524-KPUB-FTUS45-TAFPUB 200 285 True
taf-202401240640-KBOU-FTUS45-TAFDEN-AAA 200 258 True
taf-202401240717-KPUB-FTUS45-TAFPUB-AAA 200 245 True
taf-202401240901-KBOU-FTUS45-TAFDEN-AAB 200 258 True
taf-202401240907-KPUB-FTUS45-TAFPUB-AAB 200 246 True
taf-202401240949-KPUB-FTUS45-TAFPUB-AAC 200 246 True
taf-202401241122-KPUB-FTUS45-TAFCOS 200 154 True
taf-202401241122-KPUB-FTUS45-TAFPUB 200 267 True
taf-202401241129-KBOU-FTUS45-TAFDEN 200 291 True
taf-202401241502-KBOU-FTUS45-TAFDEN-AAA 200 292 True
taf-202401241547-KPUB-FTUS45-TAFPUB-AAB 200 275 True
taf-202401241720-KBOU-FTUS45-TAFDEN 200 277 True
taf-202401241739-KPUB-FTUS45-TAFCOS 200 193 True
taf-202401241739-KPUB-FTUS45-TAFPUB 200 183 True
taf-202401242101-KBOU-FTUS45-TAFDEN-AAA 200 251 True
taf-202401242200-KPUB-FTUS45-TAFCOS-AAA 200 167 True
taf-202401242327-KBOU-FTUS45-TAFDEN 200 284 True
taf-202401242334-KPUB-FTUS45-TAFCOS 200 214 True
taf-202401242334-KPUB-FTUS45-TAFPUB 200 207 True
taf-202401250205-KPUB-FTUS45-TAFCOS-AAA 200 213 True
taf-202401250206-KPUB-FTUS45-TAFCOS-CCA 200 220 True
taf-202401250257-KBOU-FTUS45-TAFDEN-AAA 200 244 True
taf-202401250307-KPUB-FTUS45-TAFCOS-AAB 200 231 True
taf-202401250400-KBOU-FTUS45-TAFDEN-AAB 200 239 True
taf-202401250529-KBOU-FTUS45-TAFDEN 200 282 True
taf-202401250540-KPUB-FTUS45-TAFCOS 200 294 True
taf-202401250540-KPUB-FTUS45-TAFPUB 200 212 True
taf-202401250900-KBOU-FTUS45-TAFDEN-AAA 200 290 True
taf-202401251121-KBOU-FTUS45-TAFDEN 200 372 True
taf-202401251123-KPUB-FTUS45-TAFCOS 200 244 True
taf-202401251123-KPUB-FTUS45-TAFPUB 200 240 True
taf-202401251501-KBOU-FTUS45-TAFDEN-AAA 200 380 True
taf-202401251734-KBOU-FTUS45-TAFDEN 200 441 True
taf-202401251737-KPUB-FTUS45-TAFCOS 200 246 True
taf-202401251737-KPUB-FTUS45-TAFPUB 200 285 True
taf-202401252104-KBOU-FTUS45-TAFDEN-AAA 200 360 True
taf-202401252340-KBOU-FTUS45-TAFDEN 200 424 True
taf-202401252344-KPUB-FTUS45-TAFCOS 200 307 True
taf-202401252344-KPUB-FTUS45-TAFPUB 200 319 True
taf-202401260247-KPUB-FTUS45-TAFCOS-AAA 200 308 True
taf-202401260252-KPUB-FTUS45-TAFPUB-AAB 200 325 True
taf-202401260258-KBOU-FTUS45-TAFDEN-AAA 200 396 True
taf-202401260412-KPUB-FTUS45-TAFCOS-AAB 200 267 True
taf-202401260416-KPUB-FTUS45-TAFPUB-CCA 200 284 True
taf-202401260428-KBOU-FTUS45-TAFDEN-AAB 200 374 True
taf-202401260451-KPUB-FTUS45-TAFCOS-AAC 200 270 True
taf-202401260531-KBOU-FTUS45-TAFDEN 200 419 True
taf-202401260534-KPUB-FTUS45-TAFCOS 200 308 True
taf-202401260534-KPUB-FTUS45-TAFPUB 200 361 True
taf-202401260708-KBOU-FTUS45-TAFDEN-AAA 200 429 True
taf-202401260757-KPUB-FTUS45-TAFCOS-AAA 200 319 True
taf-202401260902-KBOU-FTUS45-TAFDEN-AAB 200 429 True
taf-202401261006-KPUB-FTUS45-TAFPUB-AAB 200 270 True
taf-202401261008-KPUB-FTUS45-TAFCOS-AAB 200 279 True
taf-202401261127-KBOU-FTUS45-TAFDEN 200 437 True
taf-202401261136-KPUB-FTUS45-TAFCOS 200 252 True
taf-202401261136-KPUB-FTUS45-TAFPUB 200 219 True
taf-202401261253-KPUB-FTUS45-TAFCOS-AAA 200 183 True
taf-202401261302-KBOU-FTUS45-TAFDEN-AAA 200 353 True
taf-202401261356-KPUB-FTUS45-TAFCOS-AAB 200 181 True
taf-202401261402-KBOU-FTUS45-TAFDEN-AAB 200 342 True
taf-202401261424-KBOU-FTUS45-TAFDEN-AAC 200 346 True
taf-202401261519-KBOU-FTUS45-TAFDEN-AAD 200 306 True
taf-202401261618-KPUB-FTUS45-TAFCOS-AAC 200 184 True
taf-202401261619-KPUB-FTUS45-TAFPUB-AAD 200 174 True
taf-202401261728-KPUB-FTUS45-TAFCOS 200 194 True
taf-202401261728-KPUB-FTUS45-TAFPUB 200 199 True
taf-202401261736-KBOU-FTUS45-TAFDEN 200 274 True
taf-202401262008-KBOU-FTUS45-TAFDEN-AAA 200 241 True
taf-202401262323-KPUB-FTUS45-TAFCOS 200 148 True
taf-202401262323-KPUB-FTUS45-TAFPUB 200 215 True
taf-202401262335-KBOU-FTUS45-TAFDEN 200 291 True
taf-202401270153-KBOU-FTUS45-TAFDEN-AAA 200 292 True
taf-202401270301-KBOU-FTUS45-TAFDEN-AAB 200 292 True
taf-202401270520-KPUB-FTUS45-TAFCOS 200 172 True
taf-202401270520-KPUB-FTUS45-TAFPUB 200 205 True
taf-202401270522-KBOU-FTUS45-TAFDEN 200 144 True
taf-202401270801-KBOU-FTUS45-TAFDEN-AAA 200 152 True
taf-202401270855-KBOU-FTUS45-TAFDEN-AAB 200 152 True
taf-202401271127-KBOU-FTUS45-TAFDEN 200 200 True
taf-202401271127-KPUB-FTUS45-TAFCOS 200 138 True
taf-202401271127-KPUB-FTUS45-TAFPUB 200 172 True
taf-202401271459-KBOU-FTUS45-TAFDEN-AAA 200 208 True
taf-202401271720-KPUB-FTUS45-TAFCOS 200 138 True
taf-202401271720-KPUB-FTUS45-TAFPUB 200 138 True
taf-202401271736-KBOU-FTUS45-TAFDEN 200 246 True
taf-202401272014-KBOU-FTUS45-TAFDEN-AAA 200 186 True
taf-202401272320-KPUB-FTUS45-TAFCOS 200 144 True
taf-202401272320-KPUB-FTUS45-TAFPUB 200 172 True
taf-202401272337-KBOU-FTUS45-TAFDEN 200 215 True
taf-202401280310-KBOU-FTUS45-TAFDEN-AAA 200 189 True
taf-202401280520-KPUB-FTUS45-TAFCOS 200 144 True
taf-202401280520-KPUB-FTUS45-TAFPUB 200 175 True
taf-202401280526-KBOU-FTUS45-TAFDEN 200 144 True
taf-202401280839-KBOU-FTUS45-TAFDEN-AAA 200 152 True
taf-202401281120-KBOU-FTUS45-TAFDEN 200 243 True
taf-202401281126-KPUB-FTUS45-TAFCOS 200 147 True
taf-202401281126-KPUB-FTUS45-TAFPUB 200 175 True
taf-202401281502-KBOU-FTUS45-TAFDEN-AAA 200 258 True
taf-202401281728-KPUB-FTUS45-TAFCOS 200 147 True
taf-202401281728-KPUB-FTUS45-TAFPUB 200 144 True
taf-202401281739-KBOU-FTUS45-TAFDEN 200 311 True
taf-202401282111-KBOU-FTUS45-TAFDEN-AAA 200 271 True
taf-202401282320-KPUB-FTUS45-TAFCOS 200 147 True
taf-202401282320-KPUB-FTUS45-TAFPUB 200 147 True
taf-202401282346-KBOU-FTUS45-TAFDEN 200 229 True
taf-202401290303-KBOU-FTUS45-TAFDEN-AAA 200 200 True
taf-202401290520-KBOU-FTUS45-TAFDEN 200 257 True
taf-202401290520-KPUB-FTUS45-TAFCOS 200 144 True
taf-202401290520-KPUB-FTUS45-TAFPUB 200 144 True
taf-202401290900-KBOU-FTUS45-TAFDEN-AAA 200 234 True
taf-202401291120-KBOU-FTUS45-TAFDEN 200 264 True
taf-202401291131-KPUB-FTUS45-TAFCOS 200 110 True
taf-202401291131-KPUB-FTUS45-TAFPUB 200 144 True
taf-202401291459-KBOU-FTUS45-TAFDEN-AAA 200 306 True
taf-202401291728-KPUB-FTUS45-TAFCOS 200 158 True
taf-202401291728-KPUB-FTUS45-TAFPUB 200 151 True
taf-202401291732-KBOU-FTUS45-TAFDEN 200 288 True
taf-202401292117-KBOU-FTUS45-TAFDEN-AAA 200 255 True
taf-202401292320-KPUB-FTUS45-TAFCOS 200 148 True
taf-202401292320-KPUB-FTUS45-TAFPUB 200 148 True
taf-202401292331-KBOU-FTUS45-TAFDEN 200 206 True
