Looking in indexes: https://pypi.tuna.tsinghua.edu.cn/simple, https://pypi.ngc.nvidia.com
WARNING: Retrying (Retry(total=4, connect=None, read=None, redirect=None, status=None)) after connection broken by 'NameResolutionError("HTTPSConnection(host='pypi.ngc.nvidia.com', port=443): Failed to resolve 'pypi.ngc.nvidia.com' ([Errno -2] Name or service not known)")': /avwx-engine/
WARNING: Retrying (Retry(total=3, connect=None, read=None, redirect=None, status=None)) after connection broken by 'NameResolutionError("HTTPSConnection(host='pypi.ngc.nvidia.com', port=443): Failed to resolve 'pypi.ngc.nvidia.com' ([Errno -2] Name or service not known)")': /avwx-engine/
WARNING: Retrying (Retry(total=2, connect=None, read=None, redirect=None, status=None)) after connection broken by 'NameResolutionError("HTTPSConnection(host='pypi.ngc.nvidia.com', port=443): Failed to resolve 'pypi.ngc.nvidia.com' ([Errno -2] Name or service not known)")': /avwx-engine/
WARNING: Retrying (Retry(total=1, connect=None, read=None, redirect=None, status=None)) after connection broken by 'NameResolutionError("HTTPSConnection(host='pypi.ngc.nvidia.com', port=443): Failed to resolve 'pypi.ngc.nvidia.com' ([Errno -2] Name or service not known)")': /avwx-engine/
WARNING: Retrying (Retry(total=0, connect=None, read=None, redirect=None, status=None)) after connection broken by 'NameResolutionError("HTTPSConnection(host='pypi.ngc.nvidia.com', port=443): Failed to resolve 'pypi.ngc.nvidia.com' ([Errno -2] Name or service not known)")': /avwx-engine/
Collecting avwx-engine==1.9.9
  Downloading avwx_engine-1.9.9-py3-none-any.whl (4.0 MB)
     ━━━━━━━━━━━━━━━━━━━━━━━━━━━━━━━━━━━━━━━━ 4.0/4.0 MB 25.4 MB/s  0:00:00
WARNING: Retrying (Retry(total=4, connect=None, read=None, redirect=None, status=None)) after connection broken by 'NameResolutionError("HTTPSConnection(host='pypi.ngc.nvidia.com', port=443): Failed to resolve 'pypi.ngc.nvidia.com' ([Errno -2] Name or service not known)")': /geopy/
WARNING: Retrying (Retry(total=3, connect=None, read=None, redirect=None, status=None)) after connection broken by 'NameResolutionError("HTTPSConnection(host='pypi.ngc.nvidia.com', port=443): Failed to resolve 'pypi.ngc.nvidia.com' ([Errno -2] Name or service not known)")': /geopy/
WARNING: Retrying (Retry(total=2, connect=None, read=None, redirect=None, status=None)) after connection broken by 'NameResolutionError("HTTPSConnection(host='pypi.ngc.nvidia.com', port=443): Failed to resolve 'pypi.ngc.nvidia.com' ([Errno -2] Name or service not known)")': /geopy/
WARNING: Retrying (Retry(total=1, connect=None, read=None, redirect=None, status=None)) after connection broken by 'NameResolutionError("HTTPSConnection(host='pypi.ngc.nvidia.com', port=443): Failed to resolve 'pypi.ngc.nvidia.com' ([Errno -2] Name or service not known)")': /geopy/
WARNING: Retrying (Retry(total=0, connect=None, read=None, redirect=None, status=None)) after connection broken by 'NameResolutionError("HTTPSConnection(host='pypi.ngc.nvidia.com', port=443): Failed to resolve 'pypi.ngc.nvidia.com' ([Errno -2] Name or service not known)")': /geopy/
Collecting geopy>=2.5 (from avwx-engine==1.9.9)
  Downloading geopy-2.5.0-py3-none-any.whl (114 kB)
WARNING: Retrying (Retry(total=4, connect=None, read=None, redirect=None, status=None)) after connection broken by 'NameResolutionError("HTTPSConnection(host='pypi.ngc.nvidia.com', port=443): Failed to resolve 'pypi.ngc.nvidia.com' ([Errno -2] Name or service not known)")': /httpx/
WARNING: Retrying (Retry(total=3, connect=None, read=None, redirect=None, status=None)) after connection broken by 'NameResolutionError("HTTPSConnection(host='pypi.ngc.nvidia.com', port=443): Failed to resolve 'pypi.ngc.nvidia.com' ([Errno -2] Name or service not known)")': /httpx/
WARNING: Retrying (Retry(total=2, connect=None, read=None, redirect=None, status=None)) after connection broken by 'NameResolutionError("HTTPSConnection(host='pypi.ngc.nvidia.com', port=443): Failed to resolve 'pypi.ngc.nvidia.com' ([Errno -2] Name or service not known)")': /httpx/
WARNING: Retrying (Retry(total=1, connect=None, read=None, redirect=None, status=None)) after connection broken by 'NameResolutionError("HTTPSConnection(host='pypi.ngc.nvidia.com', port=443): Failed to resolve 'pypi.ngc.nvidia.com' ([Errno -2] Name or service not known)")': /httpx/
WARNING: Retrying (Retry(total=0, connect=None, read=None, redirect=None, status=None)) after connection broken by 'NameResolutionError("HTTPSConnection(host='pypi.ngc.nvidia.com', port=443): Failed to resolve 'pypi.ngc.nvidia.com' ([Errno -2] Name or service not known)")': /httpx/
Collecting httpx>=0.28 (from avwx-engine==1.9.9)
  Downloading httpx-0.28.1-py3-none-any.whl (73 kB)
WARNING: Retrying (Retry(total=4, connect=None, read=None, redirect=None, status=None)) after connection broken by 'NameResolutionError("HTTPSConnection(host='pypi.ngc.nvidia.com', port=443): Failed to resolve 'pypi.ngc.nvidia.com' ([Errno -2] Name or service not known)")': /python-dateutil/
WARNING: Retrying (Retry(total=3, connect=None, read=None, redirect=None, status=None)) after connection broken by 'NameResolutionError("HTTPSConnection(host='pypi.ngc.nvidia.com', port=443): Failed to resolve 'pypi.ngc.nvidia.com' ([Errno -2] Name or service not known)")': /python-dateutil/
WARNING: Retrying (Retry(total=2, connect=None, read=None, redirect=None, status=None)) after connection broken by 'NameResolutionError("HTTPSConnection(host='pypi.ngc.nvidia.com', port=443): Failed to resolve 'pypi.ngc.nvidia.com' ([Errno -2] Name or service not known)")': /python-dateutil/
WARNING: Retrying (Retry(total=1, connect=None, read=None, redirect=None, status=None)) after connection broken by 'NameResolutionError("HTTPSConnection(host='pypi.ngc.nvidia.com', port=443): Failed to resolve 'pypi.ngc.nvidia.com' ([Errno -2] Name or service not known)")': /python-dateutil/
WARNING: Retrying (Retry(total=0, connect=None, read=None, redirect=None, status=None)) after connection broken by 'NameResolutionError("HTTPSConnection(host='pypi.ngc.nvidia.com', port=443): Failed to resolve 'pypi.ngc.nvidia.com' ([Errno -2] Name or service not known)")': /python-dateutil/
Collecting python-dateutil>=2.9 (from avwx-engine==1.9.9)
  Downloading python_dateutil-2.9.0.post0-py2.py3-none-any.whl (229 kB)
WARNING: Retrying (Retry(total=4, connect=None, read=None, redirect=None, status=None)) after connection broken by 'NameResolutionError("HTTPSConnection(host='pypi.ngc.nvidia.com', port=443): Failed to resolve 'pypi.ngc.nvidia.com' ([Errno -2] Name or service not known)")': /typing-extensions/
WARNING: Retrying (Retry(total=3, connect=None, read=None, redirect=None, status=None)) after connection broken by 'NameResolutionError("HTTPSConnection(host='pypi.ngc.nvidia.com', port=443): Failed to resolve 'pypi.ngc.nvidia.com' ([Errno -2] Name or service not known)")': /typing-extensions/
WARNING: Retrying (Retry(total=2, connect=None, read=None, redirect=None, status=None)) after connection broken by 'NameResolutionError("HTTPSConnection(host='pypi.ngc.nvidia.com', port=443): Failed to resolve 'pypi.ngc.nvidia.com' ([Errno -2] Name or service not known)")': /typing-extensions/
WARNING: Retrying (Retry(total=1, connect=None, read=None, redirect=None, status=None)) after connection broken by 'NameResolutionError("HTTPSConnection(host='pypi.ngc.nvidia.com', port=443): Failed to resolve 'pypi.ngc.nvidia.com' ([Errno -2] Name or service not known)")': /typing-extensions/
WARNING: Retrying (Retry(total=0, connect=None, read=None, redirect=None, status=None)) after connection broken by 'NameResolutionError("HTTPSConnection(host='pypi.ngc.nvidia.com', port=443): Failed to resolve 'pypi.ngc.nvidia.com' ([Errno -2] Name or service not known)")': /typing-extensions/
Collecting typing-extensions~=4.16 (from avwx-engine==1.9.9)
  Downloading typing_extensions-4.16.0-py3-none-any.whl (45 kB)
WARNING: Retrying (Retry(total=4, connect=None, read=None, redirect=None, status=None)) after connection broken by 'NameResolutionError("HTTPSConnection(host='pypi.ngc.nvidia.com', port=443): Failed to resolve 'pypi.ngc.nvidia.com' ([Errno -2] Name or service not known)")': /xmltodict/
WARNING: Retrying (Retry(total=3, connect=None, read=None, redirect=None, status=None)) after connection broken by 'NameResolutionError("HTTPSConnection(host='pypi.ngc.nvidia.com', port=443): Failed to resolve 'pypi.ngc.nvidia.com' ([Errno -2] Name or service not known)")': /xmltodict/
WARNING: Retrying (Retry(total=2, connect=None, read=None, redirect=None, status=None)) after connection broken by 'NameResolutionError("HTTPSConnection(host='pypi.ngc.nvidia.com', port=443): Failed to resolve 'pypi.ngc.nvidia.com' ([Errno -2] Name or service not known)")': /xmltodict/
WARNING: Retrying (Retry(total=1, connect=None, read=None, redirect=None, status=None)) after connection broken by 'NameResolutionError("HTTPSConnection(host='pypi.ngc.nvidia.com', port=443): Failed to resolve 'pypi.ngc.nvidia.com' ([Errno -2] Name or service not known)")': /xmltodict/
WARNING: Retrying (Retry(total=0, connect=None, read=None, redirect=None, status=None)) after connection broken by 'NameResolutionError("HTTPSConnection(host='pypi.ngc.nvidia.com', port=443): Failed to resolve 'pypi.ngc.nvidia.com' ([Errno -2] Name or service not known)")': /xmltodict/
Collecting xmltodict>=1.0.4 (from avwx-engine==1.9.9)
  Downloading xmltodict-1.0.4-py3-none-any.whl (13 kB)
WARNING: Retrying (Retry(total=4, connect=None, read=None, redirect=None, status=None)) after connection broken by 'NameResolutionError("HTTPSConnection(host='pypi.ngc.nvidia.com', port=443): Failed to resolve 'pypi.ngc.nvidia.com' ([Errno -2] Name or service not known)")': /geographiclib/
WARNING: Retrying (Retry(total=3, connect=None, read=None, redirect=None, status=None)) after connection broken by 'NameResolutionError("HTTPSConnection(host='pypi.ngc.nvidia.com', port=443): Failed to resolve 'pypi.ngc.nvidia.com' ([Errno -2] Name or service not known)")': /geographiclib/
WARNING: Retrying (Retry(total=2, connect=None, read=None, redirect=None, status=None)) after connection broken by 'NameResolutionError("HTTPSConnection(host='pypi.ngc.nvidia.com', port=443): Failed to resolve 'pypi.ngc.nvidia.com' ([Errno -2] Name or service not known)")': /geographiclib/
WARNING: Retrying (Retry(total=1, connect=None, read=None, redirect=None, status=None)) after connection broken by 'NameResolutionError("HTTPSConnection(host='pypi.ngc.nvidia.com', port=443): Failed to resolve 'pypi.ngc.nvidia.com' ([Errno -2] Name or service not known)")': /geographiclib/
WARNING: Retrying (Retry(total=0, connect=None, read=None, redirect=None, status=None)) after connection broken by 'NameResolutionError("HTTPSConnection(host='pypi.ngc.nvidia.com', port=443): Failed to resolve 'pypi.ngc.nvidia.com' ([Errno -2] Name or service not known)")': /geographiclib/
Collecting geographiclib<3,>=1.52 (from geopy>=2.5->avwx-engine==1.9.9)
  Downloading geographiclib-2.1-py3-none-any.whl (40 kB)
WARNING: Retrying (Retry(total=4, connect=None, read=None, redirect=None, status=None)) after connection broken by 'NameResolutionError("HTTPSConnection(host='pypi.ngc.nvidia.com', port=443): Failed to resolve 'pypi.ngc.nvidia.com' ([Errno -2] Name or service not known)")': /anyio/
WARNING: Retrying (Retry(total=3, connect=None, read=None, redirect=None, status=None)) after connection broken by 'NameResolutionError("HTTPSConnection(host='pypi.ngc.nvidia.com', port=443): Failed to resolve 'pypi.ngc.nvidia.com' ([Errno -2] Name or service not known)")': /anyio/
WARNING: Retrying (Retry(total=2, connect=None, read=None, redirect=None, status=None)) after connection broken by 'NameResolutionError("HTTPSConnection(host='pypi.ngc.nvidia.com', port=443): Failed to resolve 'pypi.ngc.nvidia.com' ([Errno -2] Name or service not known)")': /anyio/
WARNING: Retrying (Retry(total=1, connect=None, read=None, redirect=None, status=None)) after connection broken by 'NameResolutionError("HTTPSConnection(host='pypi.ngc.nvidia.com', port=443): Failed to resolve 'pypi.ngc.nvidia.com' ([Errno -2] Name or service not known)")': /anyio/
WARNING: Retrying (Retry(total=0, connect=None, read=None, redirect=None, status=None)) after connection broken by 'NameResolutionError("HTTPSConnection(host='pypi.ngc.nvidia.com', port=443): Failed to resolve 'pypi.ngc.nvidia.com' ([Errno -2] Name or service not known)")': /anyio/
Collecting anyio (from httpx>=0.28->avwx-engine==1.9.9)
  Downloading anyio-4.15.1-py3-none-any.whl (132 kB)
WARNING: Retrying (Retry(total=4, connect=None, read=None, redirect=None, status=None)) after connection broken by 'NameResolutionError("HTTPSConnection(host='pypi.ngc.nvidia.com', port=443): Failed to resolve 'pypi.ngc.nvidia.com' ([Errno -2] Name or service not known)")': /certifi/
WARNING: Retrying (Retry(total=3, connect=None, read=None, redirect=None, status=None)) after connection broken by 'NameResolutionError("HTTPSConnection(host='pypi.ngc.nvidia.com', port=443): Failed to resolve 'pypi.ngc.nvidia.com' ([Errno -2] Name or service not known)")': /certifi/
WARNING: Retrying (Retry(total=2, connect=None, read=None, redirect=None, status=None)) after connection broken by 'NameResolutionError("HTTPSConnection(host='pypi.ngc.nvidia.com', port=443): Failed to resolve 'pypi.ngc.nvidia.com' ([Errno -2] Name or service not known)")': /certifi/
WARNING: Retrying (Retry(total=1, connect=None, read=None, redirect=None, status=None)) after connection broken by 'NameResolutionError("HTTPSConnection(host='pypi.ngc.nvidia.com', port=443): Failed to resolve 'pypi.ngc.nvidia.com' ([Errno -2] Name or service not known)")': /certifi/
WARNING: Retrying (Retry(total=0, connect=None, read=None, redirect=None, status=None)) after connection broken by 'NameResolutionError("HTTPSConnection(host='pypi.ngc.nvidia.com', port=443): Failed to resolve 'pypi.ngc.nvidia.com' ([Errno -2] Name or service not known)")': /certifi/
Collecting certifi (from httpx>=0.28->avwx-engine==1.9.9)
  Downloading certifi-2026.7.22-py3-none-any.whl (136 kB)
WARNING: Retrying (Retry(total=4, connect=None, read=None, redirect=None, status=None)) after connection broken by 'NameResolutionError("HTTPSConnection(host='pypi.ngc.nvidia.com', port=443): Failed to resolve 'pypi.ngc.nvidia.com' ([Errno -2] Name or service not known)")': /httpcore/
WARNING: Retrying (Retry(total=3, connect=None, read=None, redirect=None, status=None)) after connection broken by 'NameResolutionError("HTTPSConnection(host='pypi.ngc.nvidia.com', port=443): Failed to resolve 'pypi.ngc.nvidia.com' ([Errno -2] Name or service not known)")': /httpcore/
WARNING: Retrying (Retry(total=2, connect=None, read=None, redirect=None, status=None)) after connection broken by 'NameResolutionError("HTTPSConnection(host='pypi.ngc.nvidia.com', port=443): Failed to resolve 'pypi.ngc.nvidia.com' ([Errno -2] Name or service not known)")': /httpcore/
WARNING: Retrying (Retry(total=1, connect=None, read=None, redirect=None, status=None)) after connection broken by 'NameResolutionError("HTTPSConnection(host='pypi.ngc.nvidia.com', port=443): Failed to resolve 'pypi.ngc.nvidia.com' ([Errno -2] Name or service not known)")': /httpcore/
WARNING: Retrying (Retry(total=0, connect=None, read=None, redirect=None, status=None)) after connection broken by 'NameResolutionError("HTTPSConnection(host='pypi.ngc.nvidia.com', port=443): Failed to resolve 'pypi.ngc.nvidia.com' ([Errno -2] Name or service not known)")': /httpcore/
Collecting httpcore==1.* (from httpx>=0.28->avwx-engine==1.9.9)
  Downloading httpcore-1.0.9-py3-none-any.whl (78 kB)
WARNING: Retrying (Retry(total=4, connect=None, read=None, redirect=None, status=None)) after connection broken by 'NameResolutionError("HTTPSConnection(host='pypi.ngc.nvidia.com', port=443): Failed to resolve 'pypi.ngc.nvidia.com' ([Errno -2] Name or service not known)")': /idna/
WARNING: Retrying (Retry(total=3, connect=None, read=None, redirect=None, status=None)) after connection broken by 'NameResolutionError("HTTPSConnection(host='pypi.ngc.nvidia.com', port=443): Failed to resolve 'pypi.ngc.nvidia.com' ([Errno -2] Name or service not known)")': /idna/
WARNING: Retrying (Retry(total=2, connect=None, read=None, redirect=None, status=None)) after connection broken by 'NameResolutionError("HTTPSConnection(host='pypi.ngc.nvidia.com', port=443): Failed to resolve 'pypi.ngc.nvidia.com' ([Errno -2] Name or service not known)")': /idna/
WARNING: Retrying (Retry(total=1, connect=None, read=None, redirect=None, status=None)) after connection broken by 'NameResolutionError("HTTPSConnection(host='pypi.ngc.nvidia.com', port=443): Failed to resolve 'pypi.ngc.nvidia.com' ([Errno -2] Name or service not known)")': /idna/
WARNING: Retrying (Retry(total=0, connect=None, read=None, redirect=None, status=None)) after connection broken by 'NameResolutionError("HTTPSConnection(host='pypi.ngc.nvidia.com', port=443): Failed to resolve 'pypi.ngc.nvidia.com' ([Errno -2] Name or service not known)")': /idna/
Collecting idna (from httpx>=0.28->avwx-engine==1.9.9)
  Downloading idna-3.19-py3-none-any.whl (68 kB)
WARNING: Retrying (Retry(total=4, connect=None, read=None, redirect=None, status=None)) after connection broken by 'NameResolutionError("HTTPSConnection(host='pypi.ngc.nvidia.com', port=443): Failed to resolve 'pypi.ngc.nvidia.com' ([Errno -2] Name or service not known)")': /h11/
WARNING: Retrying (Retry(total=3, connect=None, read=None, redirect=None, status=None)) after connection broken by 'NameResolutionError("HTTPSConnection(host='pypi.ngc.nvidia.com', port=443): Failed to resolve 'pypi.ngc.nvidia.com' ([Errno -2] Name or service not known)")': /h11/
WARNING: Retrying (Retry(total=2, connect=None, read=None, redirect=None, status=None)) after connection broken by 'NameResolutionError("HTTPSConnection(host='pypi.ngc.nvidia.com', port=443): Failed to resolve 'pypi.ngc.nvidia.com' ([Errno -2] Name or service not known)")': /h11/
WARNING: Retrying (Retry(total=1, connect=None, read=None, redirect=None, status=None)) after connection broken by 'NameResolutionError("HTTPSConnection(host='pypi.ngc.nvidia.com', port=443): Failed to resolve 'pypi.ngc.nvidia.com' ([Errno -2] Name or service not known)")': /h11/
WARNING: Retrying (Retry(total=0, connect=None, read=None, redirect=None, status=None)) after connection broken by 'NameResolutionError("HTTPSConnection(host='pypi.ngc.nvidia.com', port=443): Failed to resolve 'pypi.ngc.nvidia.com' ([Errno -2] Name or service not known)")': /h11/
Collecting h11>=0.16 (from httpcore==1.*->httpx>=0.28->avwx-engine==1.9.9)
  Downloading h11-0.16.0-py3-none-any.whl (37 kB)
WARNING: Retrying (Retry(total=4, connect=None, read=None, redirect=None, status=None)) after connection broken by 'NameResolutionError("HTTPSConnection(host='pypi.ngc.nvidia.com', port=443): Failed to resolve 'pypi.ngc.nvidia.com' ([Errno -2] Name or service not known)")': /six/
WARNING: Retrying (Retry(total=3, connect=None, read=None, redirect=None, status=None)) after connection broken by 'NameResolutionError("HTTPSConnection(host='pypi.ngc.nvidia.com', port=443): Failed to resolve 'pypi.ngc.nvidia.com' ([Errno -2] Name or service not known)")': /six/
WARNING: Retrying (Retry(total=2, connect=None, read=None, redirect=None, status=None)) after connection broken by 'NameResolutionError("HTTPSConnection(host='pypi.ngc.nvidia.com', port=443): Failed to resolve 'pypi.ngc.nvidia.com' ([Errno -2] Name or service not known)")': /six/
WARNING: Retrying (Retry(total=1, connect=None, read=None, redirect=None, status=None)) after connection broken by 'NameResolutionError("HTTPSConnection(host='pypi.ngc.nvidia.com', port=443): Failed to resolve 'pypi.ngc.nvidia.com' ([Errno -2] Name or service not known)")': /six/
WARNING: Retrying (Retry(total=0, connect=None, read=None, redirect=None, status=None)) after connection broken by 'NameResolutionError("HTTPSConnection(host='pypi.ngc.nvidia.com', port=443): Failed to resolve 'pypi.ngc.nvidia.com' ([Errno -2] Name or service not known)")': /six/
Collecting six>=1.5 (from python-dateutil>=2.9->avwx-engine==1.9.9)
  Downloading six-1.17.0-py2.py3-none-any.whl (11 kB)
WARNING: Retrying (Retry(total=4, connect=None, read=None, redirect=None, status=None)) after connection broken by 'NameResolutionError("HTTPSConnection(host='pypi.ngc.nvidia.com', port=443): Failed to resolve 'pypi.ngc.nvidia.com' ([Errno -2] Name or service not known)")': /exceptiongroup/
WARNING: Retrying (Retry(total=3, connect=None, read=None, redirect=None, status=None)) after connection broken by 'NameResolutionError("HTTPSConnection(host='pypi.ngc.nvidia.com', port=443): Failed to resolve 'pypi.ngc.nvidia.com' ([Errno -2] Name or service not known)")': /exceptiongroup/
WARNING: Retrying (Retry(total=2, connect=None, read=None, redirect=None, status=None)) after connection broken by 'NameResolutionError("HTTPSConnection(host='pypi.ngc.nvidia.com', port=443): Failed to resolve 'pypi.ngc.nvidia.com' ([Errno -2] Name or service not known)")': /exceptiongroup/
WARNING: Retrying (Retry(total=1, connect=None, read=None, redirect=None, status=None)) after connection broken by 'NameResolutionError("HTTPSConnection(host='pypi.ngc.nvidia.com', port=443): Failed to resolve 'pypi.ngc.nvidia.com' ([Errno -2] Name or service not known)")': /exceptiongroup/
WARNING: Retrying (Retry(total=0, connect=None, read=None, redirect=None, status=None)) after connection broken by 'NameResolutionError("HTTPSConnection(host='pypi.ngc.nvidia.com', port=443): Failed to resolve 'pypi.ngc.nvidia.com' ([Errno -2] Name or service not known)")': /exceptiongroup/
Collecting exceptiongroup>=1.0.2 (from anyio->httpx>=0.28->avwx-engine==1.9.9)
  Downloading exceptiongroup-1.3.1-py3-none-any.whl (16 kB)
Saved ./plans/v7_review_execution_20260912/independent_taf_downloads/avwx_engine-1.9.9-py3-none-any.whl
Saved ./plans/v7_review_execution_20260912/independent_taf_downloads/typing_extensions-4.16.0-py3-none-any.whl
Saved ./plans/v7_review_execution_20260912/independent_taf_downloads/geopy-2.5.0-py3-none-any.whl
Saved ./plans/v7_review_execution_20260912/independent_taf_downloads/geographiclib-2.1-py3-none-any.whl
Saved ./plans/v7_review_execution_20260912/independent_taf_downloads/httpx-0.28.1-py3-none-any.whl
Saved ./plans/v7_review_execution_20260912/independent_taf_downloads/httpcore-1.0.9-py3-none-any.whl
Saved ./plans/v7_review_execution_20260912/independent_taf_downloads/h11-0.16.0-py3-none-any.whl
Saved ./plans/v7_review_execution_20260912/independent_taf_downloads/python_dateutil-2.9.0.post0-py2.py3-none-any.whl
Saved ./plans/v7_review_execution_20260912/independent_taf_downloads/six-1.17.0-py2.py3-none-any.whl
Saved ./plans/v7_review_execution_20260912/independent_taf_downloads/xmltodict-1.0.4-py3-none-any.whl
Saved ./plans/v7_review_execution_20260912/independent_taf_downloads/anyio-4.15.1-py3-none-any.whl
Saved ./plans/v7_review_execution_20260912/independent_taf_downloads/exceptiongroup-1.3.1-py3-none-any.whl
Saved ./plans/v7_review_execution_20260912/independent_taf_downloads/idna-3.19-py3-none-any.whl
Saved ./plans/v7_review_execution_20260912/independent_taf_downloads/certifi-2026.7.22-py3-none-any.whl
Successfully downloaded avwx-engine typing-extensions geopy geographiclib httpx httpcore h11 python-dateutil six xmltodict anyio exceptiongroup idna certifi
