taf-catalog-KDEN 200 13416 True
taf-catalog-KCOS 200 3287 True
taf-catalog-KPUB 200 3595 True
taf-202609122056-KBOU-FTUS45-TAFDEN-AAB 200 375 True
taf-202609121740-KPUB-FTUS45-TAFCOS 200 195 True
taf-202609121740-KPUB-FTUS45-TAFPUB 200 178 True
{"poll": 0, "unique_versions_observed": 18, "native_bodies_attempted": 3}
taf-catalog-KDEN 200 13416 True
taf-catalog-KCOS 200 3287 True
taf-catalog-KPUB 200 3595 True
{"poll": 1, "unique_versions_observed": 18, "native_bodies_attempted": 3}
taf-catalog-KDEN 200 13416 True
taf-catalog-KCOS 200 3287 True
taf-catalog-KPUB 200 3595 True
{"poll": 2, "unique_versions_observed": 18, "native_bodies_attempted": 3}
taf-catalog-KDEN 200 13416 True
taf-catalog-KCOS 200 3287 True
taf-catalog-KPUB 200 3595 True
{"poll": 3, "unique_versions_observed": 18, "native_bodies_attempted": 3}
taf-catalog-KDEN 200 14876 True
taf-catalog-KCOS 200 3287 True
taf-catalog-KPUB 200 3595 True
taf-202609122200-KBOU-FTUS45-TAFDEN-AAC 200 375 True
{"poll": 4, "unique_versions_observed": 19, "native_bodies_attempted": 4}
taf-catalog-KDEN 200 14876 True
taf-catalog-KCOS 200 3287 True
taf-catalog-KPUB 200 3595 True
{"poll": 5, "unique_versions_observed": 19, "native_bodies_attempted": 4}
taf-catalog-KDEN 200 14876 True
taf-catalog-KCOS 200 3287 True
taf-catalog-KPUB 200 3595 True
{"poll": 6, "unique_versions_observed": 19, "native_bodies_attempted": 4}
taf-catalog-KDEN 200 14876 True
taf-catalog-KCOS 200 3287 True
taf-catalog-KPUB 200 3595 True
{"poll": 7, "unique_versions_observed": 19, "native_bodies_attempted": 4}
taf-catalog-KDEN 200 14876 True
taf-catalog-KCOS 200 3287 True
taf-catalog-KPUB 200 3595 True
{"poll": 8, "unique_versions_observed": 19, "native_bodies_attempted": 4}
taf-catalog-KDEN 200 14876 True
taf-catalog-KCOS 200 3287 True
taf-catalog-KPUB 200 3595 True
{"poll": 9, "unique_versions_observed": 19, "native_bodies_attempted": 4}
taf-catalog-KDEN 200 14876 True
taf-catalog-KCOS 200 3287 True
taf-catalog-KPUB 200 3595 True
{"poll": 10, "unique_versions_observed": 19, "native_bodies_attempted": 4}
taf-catalog-KDEN 200 14876 True
taf-catalog-KCOS 200 3287 True
taf-catalog-KPUB 200 3595 True
{"poll": 11, "unique_versions_observed": 19, "native_bodies_attempted": 4}
