chat_template.json True
config.json True
generation_config.json True
merges.txt True
model-00001-of-00014.safetensors True
model-00002-of-00014.safetensors True
model-00003-of-00014.safetensors True
model-00004-of-00014.safetensors True
model-00005-of-00014.safetensors True
model-00006-of-00014.safetensors True
model-00007-of-00014.safetensors True
model-00008-of-00014.safetensors True
model-00009-of-00014.safetensors True
model-00010-of-00014.safetensors True
model-00011-of-00014.safetensors True
model-00012-of-00014.safetensors True
model-00013-of-00014.safetensors True
model-00014-of-00014.safetensors True
model.safetensors.index.json True
preprocessor_config.json True
README.md True
tokenizer.json True
tokenizer_config.json True
video_preprocessor_config.json True
vocab.json True
