{"archive_checked": "part-0000.zip", "objects_checked": 201}
{"restored": "data_regional_01"}
{"archive_checked": "part-0000.zip", "objects_checked": 208}
{"restored": "data_regional_02"}
{"archive_checked": "part-0000.zip", "objects_checked": 1297}
{"restored": "data_replication_2026"}
{"archive_checked": "part-0000.zip", "objects_checked": 1140}
{"restored": "data_extension_bay_area_01"}
{"archive_checked": "part-0000.zip", "objects_checked": 23}
{"restored": "tokenizers"}
{"archive_checked": "part-0000.zip", "objects_checked": 117}
{"restored": "pilot_02"}
{"archive_checked": "part-0000.zip", "objects_checked": 255}
{"restored": "mm_01"}
{"archive_checked": "part-0000.zip", "objects_checked": 911}
{"restored": "model_e32"}
{"archive_checked": "part-0000.zip", "objects_checked": 13187}
{"restored": "model_bay_base"}
{"completed": "core_tests", "returncode": 0}
{"completed": "data_rebuild", "returncode": 0}
{"completed": "pilot", "returncode": 0}
{"completed": "multimodal", "returncode": 0}
{"completed": "E32", "returncode": 0}
{"completed": "Bay_full", "returncode": 0}
