Looking in indexes: https://pypi.tuna.tsinghua.edu.cn/simple
Collecting matplotlib==3.10.6
  Downloading matplotlib-3.10.6-cp310-cp310-manylinux2014_x86_64.manylinux_2_17_x86_64.whl (8.7 MB)
     ━━━━━━━━━━━━━━━━━━━━━━━━━━━━━━━━━━━━━━━━ 8.7/8.7 MB 47.7 MB/s  0:00:00
Collecting numpy==1.26.4
  Downloading numpy-1.26.4-cp310-cp310-manylinux_2_17_x86_64.manylinux2014_x86_64.whl (18.2 MB)
     ━━━━━━━━━━━━━━━━━━━━━━━━━━━━━━━━━━━━━━━━ 18.2/18.2 MB 75.9 MB/s  0:00:00
Collecting contourpy>=1.0.1 (from matplotlib==3.10.6)
  Downloading contourpy-1.3.2-cp310-cp310-manylinux_2_17_x86_64.manylinux2014_x86_64.whl (325 kB)
Collecting cycler>=0.10 (from matplotlib==3.10.6)
  Downloading cycler-0.12.1-py3-none-any.whl (8.3 kB)
Collecting fonttools>=4.22.0 (from matplotlib==3.10.6)
  Downloading fonttools-4.65.0-cp310-cp310-manylinux2014_x86_64.manylinux_2_17_x86_64.whl (5.3 MB)
     ━━━━━━━━━━━━━━━━━━━━━━━━━━━━━━━━━━━━━━━━ 5.3/5.3 MB 82.5 MB/s  0:00:00
Collecting kiwisolver>=1.3.1 (from matplotlib==3.10.6)
  Downloading kiwisolver-1.5.1-cp310-cp310-manylinux_2_12_x86_64.manylinux2010_x86_64.whl (1.6 MB)
     ━━━━━━━━━━━━━━━━━━━━━━━━━━━━━━━━━━━━━━━━ 1.6/1.6 MB 251.0 MB/s  0:00:00
Collecting packaging>=20.0 (from matplotlib==3.10.6)
  Downloading packaging-26.3-py3-none-any.whl (129 kB)
Collecting pillow>=8 (from matplotlib==3.10.6)
  Downloading pillow-12.3.0-cp310-cp310-manylinux_2_27_x86_64.manylinux_2_28_x86_64.whl (6.9 MB)
     ━━━━━━━━━━━━━━━━━━━━━━━━━━━━━━━━━━━━━━━━ 6.9/6.9 MB 58.9 MB/s  0:00:00
Collecting pyparsing>=2.3.1 (from matplotlib==3.10.6)
  Downloading pyparsing-3.3.2-py3-none-any.whl (122 kB)
Collecting python-dateutil>=2.7 (from matplotlib==3.10.6)
  Downloading python_dateutil-2.9.0.post0-py2.py3-none-any.whl (229 kB)
Collecting six>=1.5 (from python-dateutil>=2.7->matplotlib==3.10.6)
  Downloading six-1.17.0-py2.py3-none-any.whl (11 kB)
Installing collected packages: six, pyparsing, pillow, packaging, numpy, kiwisolver, fonttools, cycler, python-dateutil, contourpy, matplotlib

ERROR: pip's dependency resolver does not currently take into account all the packages that are installed. This behaviour is the source of the following dependency conflicts.
cupy-cuda12x 14.2.0 requires numpy<2.6,>=2.0, but you have numpy 1.26.4 which is incompatible.
opencv-python-headless 5.0.0.93 requires numpy>=2; python_version >= "3.9", but you have numpy 1.26.4 which is incompatible.
Successfully installed contourpy-1.3.2 cycler-0.12.1 fonttools-4.65.0 kiwisolver-1.5.1 matplotlib-3.10.6 numpy-1.26.4 packaging-26.3 pillow-12.3.0 pyparsing-3.3.2 python-dateutil-2.9.0.post0 six-1.17.0
