taf-202601010252-KBOU-FTUS45-TAFDEN-AAA 200 318 True
taf-202601010530-KPUB-FTUS45-TAFCOS 200 202 True
taf-202601010530-KPUB-FTUS45-TAFPUB 200 154 True
taf-202601010538-KBOU-FTUS45-TAFDEN 200 298 True
taf-202601010920-KBOU-FTUS45-TAFDEN-AAA 200 306 True
taf-202601011130-KBOU-FTUS45-TAFDEN 200 339 True
taf-202601011139-KPUB-FTUS45-TAFCOS 200 161 True
taf-202601011139-KPUB-FTUS45-TAFPUB 200 161 True
taf-202601011457-KBOU-FTUS45-TAFDEN-AAA 200 361 True
taf-202601011732-KPUB-FTUS45-TAFCOS 200 243 True
taf-202601011732-KPUB-FTUS45-TAFPUB 200 239 True
taf-202601011739-KBOU-FTUS45-TAFDEN 200 407 True
taf-202601011933-KPUB-FTUS45-TAFPUB-AAA 200 202 True
taf-202601012048-KBOU-FTUS45-TAFDEN-AAA 200 326 True
taf-202601012154-KPUB-FTUS45-TAFPUB-AAB 200 202 True
taf-202601012321-KPUB-FTUS45-TAFCOS 200 270 True
taf-202601012321-KPUB-FTUS45-TAFPUB 200 222 True
taf-202601012340-KBOU-FTUS45-TAFDEN 200 311 True
taf-202601020232-KPUB-FTUS45-TAFPUB-AAA 200 220 True
taf-202601020248-KBOU-FTUS45-TAFDEN-AAA 200 231 True
taf-202601020520-KPUB-FTUS45-TAFCOS 200 263 True
taf-202601020520-KPUB-FTUS45-TAFPUB 200 205 True
taf-202601020521-KBOU-FTUS45-TAFDEN 200 305 True
taf-202601020906-KBOU-FTUS45-TAFDEN-AAA 200 265 True
taf-202601021126-KBOU-FTUS45-TAFDEN 200 257 True
taf-202601021139-KPUB-FTUS45-TAFCOS 200 273 True
taf-202601021139-KPUB-FTUS45-TAFPUB 200 249 True
taf-202601021501-KBOU-FTUS45-TAFDEN-AAA 200 231 True
taf-202601021639-KPUB-FTUS45-TAFCOS-AAA 200 216 True
taf-202601021730-KBOU-FTUS45-TAFDEN 200 223 True
taf-202601021735-KPUB-FTUS45-TAFCOS 200 198 True
taf-202601021735-KPUB-FTUS45-TAFPUB 200 198 True
taf-202601021820-KPUB-FTUS45-TAFPUB-AAA 200 209 True
taf-202601021954-KBOU-FTUS45-TAFDEN-AAA 200 231 True
taf-202601022039-KBOU-FTUS45-TAFDEN-AAB 200 183 True
taf-202601022233-KBOU-FTUS45-TAFDEN-AAC 200 216 True
taf-202601022320-KPUB-FTUS45-TAFCOS 200 154 True
taf-202601022320-KPUB-FTUS45-TAFPUB 200 147 True
taf-202601022336-KBOU-FTUS45-TAFDEN 200 257 True
taf-202601030058-KBOU-FTUS45-TAFDEN-AAA 200 224 True
taf-202601030149-KPUB-FTUS45-TAFPUB-AAA 200 155 True
taf-202601030242-KBOU-FTUS45-TAFDEN-AAB 200 176 True
taf-202601030305-KPUB-FTUS45-TAFCOS-AAA 200 155 True
taf-202601030523-KPUB-FTUS45-TAFCOS 200 154 True
taf-202601030523-KPUB-FTUS45-TAFPUB 200 147 True
taf-202601030532-KBOU-FTUS45-TAFDEN 200 202 True
taf-202601030912-KBOU-FTUS45-TAFDEN-AAA 200 169 True
taf-202601031120-KPUB-FTUS45-TAFCOS 200 185 True
taf-202601031120-KPUB-FTUS45-TAFPUB 200 144 True
taf-202601031138-KBOU-FTUS45-TAFDEN 200 161 True
taf-202601031454-KBOU-FTUS45-TAFDEN-AAA 200 169 True
taf-202601031725-KBOU-FTUS45-TAFDEN 200 242 True
taf-202601031725-KPUB-FTUS45-TAFCOS 200 147 True
taf-202601031725-KPUB-FTUS45-TAFPUB 200 181 True
taf-202601032053-KBOU-FTUS45-TAFDEN-AAA 200 250 True
taf-202601032336-KPUB-FTUS45-TAFCOS 200 236 True
taf-202601032336-KPUB-FTUS45-TAFPUB 200 188 True
taf-202601032338-KBOU-FTUS45-TAFDEN 200 317 True
taf-202601040250-KBOU-FTUS45-TAFDEN-AAA 200 284 True
taf-202601040521-KBOU-FTUS45-TAFDEN 200 276 True
taf-202601040534-KPUB-FTUS45-TAFCOS 200 195 True
taf-202601040534-KPUB-FTUS45-TAFPUB 200 188 True
taf-202601040850-KBOU-FTUS45-TAFDEN-AAA 200 284 True
taf-202601041120-KPUB-FTUS45-TAFCOS 200 147 True
taf-202601041120-KPUB-FTUS45-TAFPUB 200 181 True
taf-202601041132-KBOU-FTUS45-TAFDEN 200 310 True
taf-202601041259-KPUB-FTUS45-TAFCOS-AAA 200 158 True
taf-202601041316-KBOU-FTUS45-TAFDEN-AAA 200 321 True
taf-202601041456-KBOU-FTUS45-TAFDEN-AAB 200 321 True
taf-202601041606-KBOU-FTUS45-TAFDEN-AAC 200 318 True
taf-202601041635-KBOU-FTUS45-TAFDEN-AAD 200 285 True
taf-202601041722-KBOU-FTUS45-TAFDEN 200 286 True
taf-202601041741-KPUB-FTUS45-TAFCOS 200 113 True
taf-202601041741-KPUB-FTUS45-TAFPUB 200 217 True
taf-202601042057-KBOU-FTUS45-TAFDEN-AAA 200 261 True
taf-202601042243-KPUB-FTUS45-TAFCOS-AAA 200 244 True
taf-202601042332-KPUB-FTUS45-TAFCOS 200 272 True
taf-202601042332-KPUB-FTUS45-TAFPUB 200 242 True
taf-202601042333-KBOU-FTUS45-TAFDEN 200 348 True
taf-202601050138-KPUB-FTUS45-TAFCOS-AAA 200 246 True
taf-202601050219-KPUB-FTUS45-TAFPUB-AAB 200 209 True
taf-202601050250-KBOU-FTUS45-TAFDEN-AAA 200 281 True
taf-202601050450-KPUB-FTUS45-TAFCOS-AAB 200 213 True
taf-202601050522-KPUB-FTUS45-TAFCOS 200 198 True
taf-202601050522-KPUB-FTUS45-TAFPUB 200 201 True
taf-202601050534-KBOU-FTUS45-TAFDEN 200 273 True
taf-202601050734-KPUB-FTUS45-TAFCOS-AAA 200 209 True
taf-202601050853-KBOU-FTUS45-TAFDEN-AAA 200 281 True
taf-202601051132-KPUB-FTUS45-TAFCOS 200 228 True
taf-202601051132-KPUB-FTUS45-TAFPUB 200 150 True
taf-202601051136-KBOU-FTUS45-TAFDEN 200 300 True
taf-202601051358-KBOU-FTUS45-TAFDEN-AAA 200 355 True
taf-202601051446-KPUB-FTUS45-TAFCOS-AAA 200 202 True
taf-202601051456-KBOU-FTUS45-TAFDEN-AAB 200 355 True
taf-202601051522-KBOU-FTUS45-TAFDEN-AAC 200 355 True
taf-202601051708-KPUB-FTUS45-TAFCOS-AAB 200 202 True
taf-202601051733-KBOU-FTUS45-TAFDEN 200 354 True
taf-202601051743-KPUB-FTUS45-TAFCOS 200 187 True
taf-202601051743-KPUB-FTUS45-TAFPUB 200 116 True
taf-202601052049-KBOU-FTUS45-TAFDEN-AAA 200 281 True
taf-202601052321-KPUB-FTUS45-TAFCOS 200 150 True
taf-202601052321-KPUB-FTUS45-TAFPUB 200 147 True
taf-202601052337-KBOU-FTUS45-TAFDEN 200 270 True
taf-202601060200-KPUB-FTUS45-TAFCOS-AAA 200 155 True
taf-202601060200-KPUB-FTUS45-TAFPUB-AAB 200 121 True
taf-202601060225-KBOU-FTUS45-TAFDEN-AAA 200 311 True
taf-202601060259-KBOU-FTUS45-TAFDEN-AAB 200 244 True
taf-202601060435-KPUB-FTUS45-TAFPUB-AAC 200 158 True
taf-202601060536-KBOU-FTUS45-TAFDEN 200 270 True
taf-202601060540-KPUB-FTUS45-TAFCOS 200 146 True
taf-202601060540-KPUB-FTUS45-TAFPUB 200 214 True
taf-202601060855-KBOU-FTUS45-TAFDEN-AAA 200 244 True
taf-202601061120-KPUB-FTUS45-TAFCOS 200 147 True
taf-202601061120-KPUB-FTUS45-TAFPUB 200 178 True
taf-202601061128-KBOU-FTUS45-TAFDEN 200 226 True
taf-202601061219-KPUB-FTUS45-TAFCOS-AAA 200 185 True
taf-202601061219-KPUB-FTUS45-TAFPUB-AAB 200 219 True
taf-202601061334-KBOU-FTUS45-TAFDEN-AAA 200 267 True
taf-202601061456-KBOU-FTUS45-TAFDEN-AAB 200 267 True
taf-202601061720-KPUB-FTUS45-TAFCOS 200 150 True
taf-202601061720-KPUB-FTUS45-TAFPUB 200 180 True
taf-202601061733-KBOU-FTUS45-TAFDEN 200 287 True
taf-202601062059-KBOU-FTUS45-TAFDEN-AAA 200 254 True
taf-202601062201-KPUB-FTUS45-TAFPUB-AAA 200 188 True
taf-202601062255-KPUB-FTUS45-TAFCOS-AAA 200 162 True
taf-202601062320-KPUB-FTUS45-TAFCOS 200 147 True
taf-202601062320-KPUB-FTUS45-TAFPUB 200 180 True
taf-202601062321-KBOU-FTUS45-TAFDEN 200 209 True
taf-202601070124-KPUB-FTUS45-TAFPUB-AAA 200 192 True
taf-202601070254-KBOU-FTUS45-TAFDEN-AAA 200 244 True
taf-202601070408-KPUB-FTUS45-TAFPUB-AAB 200 121 True
taf-202601070501-KBOU-FTUS45-TAFDEN-AAB 200 210 True
taf-202601070530-KPUB-FTUS45-TAFCOS 200 154 True
taf-202601070530-KPUB-FTUS45-TAFPUB 200 154 True
taf-202601070534-KBOU-FTUS45-TAFDEN 200 330 True
taf-202601070900-KBOU-FTUS45-TAFDEN-AAA 200 337 True
taf-202601071120-KBOU-FTUS45-TAFDEN 200 336 True
taf-202601071120-KPUB-FTUS45-TAFCOS 200 181 True
taf-202601071120-KPUB-FTUS45-TAFPUB 200 181 True
taf-202601071430-KBOU-FTUS45-TAFDEN-AAA 200 303 True
taf-202601071731-KPUB-FTUS45-TAFCOS 200 147 True
taf-202601071731-KPUB-FTUS45-TAFPUB 200 147 True
taf-202601071740-KBOU-FTUS45-TAFDEN 200 457 True
taf-202601072105-KBOU-FTUS45-TAFDEN-AAA 200 424 True
taf-202601072130-KPUB-FTUS45-TAFCOS-AAA 200 195 True
taf-202601072131-KPUB-FTUS45-TAFCOS-CCA 200 165 True
taf-202601072321-KBOU-FTUS45-TAFDEN 200 440 True
taf-202601072342-KPUB-FTUS45-TAFCOS 200 321 True
taf-202601072342-KPUB-FTUS45-TAFPUB 200 272 True
taf-202601080253-KBOU-FTUS45-TAFDEN-AAA 200 448 True
taf-202601080529-KPUB-FTUS45-TAFCOS 200 316 True
taf-202601080529-KPUB-FTUS45-TAFPUB 200 232 True
taf-202601080540-KBOU-FTUS45-TAFDEN 200 435 True
taf-202601080902-KBOU-FTUS45-TAFDEN-AAA 200 443 True
taf-202601081129-KPUB-FTUS45-TAFCOS 200 287 True
taf-202601081129-KPUB-FTUS45-TAFPUB 200 201 True
taf-202601081135-KBOU-FTUS45-TAFDEN 200 481 True
taf-202601081206-KPUB-FTUS45-TAFCOS-AAA 200 295 True
taf-202601081454-KBOU-FTUS45-TAFDEN-AAA 200 465 True
taf-202601081553-KPUB-FTUS45-TAFCOS-AAB 200 254 True
taf-202601081618-KBOU-FTUS45-TAFDEN-AAB 200 495 True
taf-202601081654-KPUB-FTUS45-TAFPUB-AAC 200 132 True
taf-202601081729-KPUB-FTUS45-TAFCOS 200 268 True
taf-202601081729-KPUB-FTUS45-TAFPUB 200 258 True
taf-202601081731-KPUB-FTUS45-TAFPUB-CCA 200 273 True
taf-202601081739-KBOU-FTUS45-TAFDEN 200 576 True
taf-202601081916-KBOU-FTUS45-TAFDEN-AAA 200 586 True
taf-202601082030-KPUB-FTUS45-TAFCOS-AAA 200 276 True
taf-202601082100-KBOU-FTUS45-TAFDEN-AAB 200 500 True
taf-202601082111-KPUB-FTUS45-TAFCOS-AAB 200 315 True
taf-202601082219-KPUB-FTUS45-TAFCOS-AAC 200 315 True
taf-202601082220-KPUB-FTUS45-TAFPUB-AAD 200 273 True
taf-202601082332-KBOU-FTUS45-TAFDEN 200 478 True
taf-202601082341-KPUB-FTUS45-TAFCOS 200 309 True
taf-202601082341-KPUB-FTUS45-TAFPUB 200 344 True
taf-202601090302-KBOU-FTUS45-TAFDEN-AAA 200 441 True
taf-202601090439-KPUB-FTUS45-TAFCOS-AAA 200 274 True
taf-202601090530-KPUB-FTUS45-TAFCOS 200 299 True
taf-202601090530-KPUB-FTUS45-TAFPUB 200 289 True
taf-202601090540-KBOU-FTUS45-TAFDEN 200 416 True
taf-202601090843-KBOU-FTUS45-TAFDEN-AAA 200 424 True
taf-202601091032-KBOU-FTUS45-TAFDEN-AAB 200 385 True
taf-202601091053-KPUB-FTUS45-TAFCOS-AAA 200 295 True
taf-202601091137-KBOU-FTUS45-TAFDEN 200 361 True
taf-202601091145-KPUB-FTUS45-TAFCOS 200 256 True
taf-202601091145-KPUB-FTUS45-TAFPUB 200 259 True
taf-202601091232-KBOU-FTUS45-TAFDEN-AAA 200 369 True
taf-202601091408-KPUB-FTUS45-TAFPUB-AAA 200 268 True
taf-202601091452-KBOU-FTUS45-TAFDEN-AAB 200 280 True
taf-202601091513-KPUB-FTUS45-TAFPUB-AAB 200 268 True
taf-202601091515-KPUB-FTUS45-TAFCOS-AAA 200 273 True
taf-202601091605-KPUB-FTUS45-TAFCOS-AAB 200 263 True
taf-202601091607-KPUB-FTUS45-TAFPUB-AAC 200 250 True
taf-202601091736-KBOU-FTUS45-TAFDEN 200 262 True
taf-202601091741-KPUB-FTUS45-TAFCOS 200 243 True
taf-202601091741-KPUB-FTUS45-TAFPUB 200 236 True
taf-202601092057-KBOU-FTUS45-TAFDEN-AAA 200 240 True
taf-202601092333-KBOU-FTUS45-TAFDEN 200 232 True
taf-202601092342-KPUB-FTUS45-TAFCOS 200 197 True
taf-202601092342-KPUB-FTUS45-TAFPUB 200 192 True
taf-202601100138-KBOU-FTUS45-TAFDEN-AAA 200 230 True
taf-202601100256-KBOU-FTUS45-TAFDEN-AAB 200 196 True
taf-202601100525-KPUB-FTUS45-TAFCOS 200 147 True
taf-202601100525-KPUB-FTUS45-TAFPUB 200 154 True
taf-202601100541-KBOU-FTUS45-TAFDEN 200 252 True
taf-202601100645-KBOU-FTUS45-TAFDEN-AAA 200 260 True
taf-202601100839-KBOU-FTUS45-TAFDEN-AAB 200 223 True
taf-202601101120-KPUB-FTUS45-TAFCOS 200 147 True
taf-202601101120-KPUB-FTUS45-TAFPUB 200 154 True
taf-202601101135-KBOU-FTUS45-TAFDEN 200 283 True
taf-202601101440-KBOU-FTUS45-TAFDEN-AAA 200 229 True
taf-202601101637-KBOU-FTUS45-TAFDEN-AAB 200 226 True
taf-202601101724-KBOU-FTUS45-TAFDEN 200 287 True
taf-202601101726-KPUB-FTUS45-TAFCOS 200 147 True
taf-202601101726-KPUB-FTUS45-TAFPUB 200 113 True
taf-202601102049-KBOU-FTUS45-TAFDEN-AAA 200 224 True
taf-202601102325-KPUB-FTUS45-TAFCOS 200 147 True
taf-202601102325-KPUB-FTUS45-TAFPUB 200 147 True
taf-202601102342-KBOU-FTUS45-TAFDEN 200 209 True
taf-202601110253-KBOU-FTUS45-TAFDEN-AAA 200 176 True
taf-202601110532-KBOU-FTUS45-TAFDEN 200 161 True
taf-202601110532-KPUB-FTUS45-TAFCOS 200 147 True
taf-202601110532-KPUB-FTUS45-TAFPUB 200 147 True
taf-202601110851-KBOU-FTUS45-TAFDEN-AAA 200 162 True
taf-202601111122-KPUB-FTUS45-TAFCOS 200 181 True
taf-202601111122-KPUB-FTUS45-TAFPUB 200 181 True
taf-202601111134-KBOU-FTUS45-TAFDEN 200 229 True
taf-202601111444-KBOU-FTUS45-TAFDEN-AAA 200 237 True
taf-202601111720-KBOU-FTUS45-TAFDEN 200 233 True
taf-202601111724-KPUB-FTUS45-TAFCOS 200 147 True
taf-202601111724-KPUB-FTUS45-TAFPUB 200 113 True
taf-202601111941-KBOU-FTUS45-TAFDEN-AAA 200 200 True
taf-202601112046-KBOU-FTUS45-TAFDEN-AAB 200 200 True
taf-202601112320-KPUB-FTUS45-TAFCOS 200 154 True
taf-202601112320-KPUB-FTUS45-TAFPUB 200 144 True
taf-202601112333-KBOU-FTUS45-TAFDEN 200 222 True
taf-202601120245-KBOU-FTUS45-TAFDEN-AAA 200 189 True
taf-202601120528-KPUB-FTUS45-TAFCOS 200 147 True
taf-202601120528-KPUB-FTUS45-TAFPUB 200 138 True
taf-202601120530-KBOU-FTUS45-TAFDEN 200 181 True
taf-202601120854-KBOU-FTUS45-TAFDEN-AAA 200 189 True
taf-202601121131-KBOU-FTUS45-TAFDEN 200 181 True
taf-202601121134-KPUB-FTUS45-TAFCOS 200 147 True
taf-202601121134-KPUB-FTUS45-TAFPUB 200 147 True
taf-202601121451-KBOU-FTUS45-TAFDEN-AAA 200 189 True
taf-202601121725-KPUB-FTUS45-TAFCOS 200 147 True
taf-202601121725-KPUB-FTUS45-TAFPUB 200 113 True
taf-202601121726-KBOU-FTUS45-TAFDEN 200 253 True
taf-202601122053-KBOU-FTUS45-TAFDEN-AAA 200 220 True
taf-202601122330-KBOU-FTUS45-TAFDEN 200 263 True
taf-202601122333-KPUB-FTUS45-TAFCOS 200 181 True
taf-202601122333-KPUB-FTUS45-TAFPUB 200 113 True
taf-202601130257-KBOU-FTUS45-TAFDEN-AAA 200 230 True
taf-202601130520-KPUB-FTUS45-TAFCOS 200 147 True
taf-202601130520-KPUB-FTUS45-TAFPUB 200 113 True
taf-202601130537-KBOU-FTUS45-TAFDEN 200 342 True
taf-202601130847-KBOU-FTUS45-TAFDEN-AAA 200 339 True
taf-202601131127-KPUB-FTUS45-TAFCOS 200 255 True
taf-202601131127-KPUB-FTUS45-TAFPUB 200 188 True
taf-202601131138-KBOU-FTUS45-TAFDEN 200 413 True
taf-202601131456-KBOU-FTUS45-TAFDEN-AAA 200 421 True
taf-202601131720-KPUB-FTUS45-TAFCOS 200 225 True
taf-202601131720-KPUB-FTUS45-TAFPUB 200 195 True
taf-202601131733-KBOU-FTUS45-TAFDEN 200 458 True
taf-202601131938-KBOU-FTUS45-TAFDEN-AAA 200 425 True
taf-202601132054-KBOU-FTUS45-TAFDEN-AAB 200 388 True
taf-202601132320-KPUB-FTUS45-TAFCOS 200 205 True
taf-202601132320-KPUB-FTUS45-TAFPUB 200 195 True
taf-202601132336-KBOU-FTUS45-TAFDEN 200 407 True
taf-202601140213-KBOU-FTUS45-TAFDEN-AAA 200 415 True
taf-202601140257-KBOU-FTUS45-TAFDEN-AAB 200 408 True
taf-202601140522-KBOU-FTUS45-TAFDEN 200 349 True
taf-202601140530-KBOU-FTUS45-TAFDEN-AAA 200 397 True
taf-202601140536-KPUB-FTUS45-TAFCOS 200 192 True
taf-202601140536-KPUB-FTUS45-TAFPUB 200 223 True
taf-202601140601-KPUB-FTUS45-TAFCOS-AAA 200 203 True
taf-202601140723-KBOU-FTUS45-TAFDEN-AAB 200 397 True
taf-202601140804-KBOU-FTUS45-TAFDEN-AAC 200 316 True
taf-202601140848-KBOU-FTUS45-TAFDEN-AAD 200 316 True
taf-202601140954-KPUB-FTUS45-TAFPUB-AAA 200 197 True
taf-202601141124-KPUB-FTUS45-TAFCOS 200 187 True
taf-202601141124-KPUB-FTUS45-TAFPUB 200 189 True
taf-202601141135-KBOU-FTUS45-TAFDEN 200 355 True
taf-202601141432-KBOU-FTUS45-TAFDEN-AAA 200 251 True
taf-202601141730-KPUB-FTUS45-TAFCOS 200 189 True
taf-202601141730-KPUB-FTUS45-TAFPUB 200 144 True
taf-202601141736-KBOU-FTUS45-TAFDEN 200 239 True
taf-202601142054-KBOU-FTUS45-TAFDEN-AAA 200 206 True
taf-202601142336-KPUB-FTUS45-TAFCOS 200 148 True
taf-202601142336-KPUB-FTUS45-TAFPUB 200 141 True
taf-202601142337-KBOU-FTUS45-TAFDEN 200 253 True
taf-202601150251-KBOU-FTUS45-TAFDEN-AAA 200 220 True
taf-202601150527-KPUB-FTUS45-TAFCOS 200 141 True
taf-202601150527-KPUB-FTUS45-TAFPUB 200 141 True
taf-202601150538-KBOU-FTUS45-TAFDEN 200 333 True
taf-202601150739-KBOU-FTUS45-TAFDEN-AAA 200 341 True
taf-202601150844-KBOU-FTUS45-TAFDEN-AAB 200 310 True
taf-202601151130-KPUB-FTUS45-TAFCOS 200 174 True
taf-202601151130-KPUB-FTUS45-TAFPUB 200 237 True
taf-202601151137-KBOU-FTUS45-TAFDEN 200 370 True
taf-202601151457-KBOU-FTUS45-TAFDEN-AAA 200 381 True
taf-202601151720-KPUB-FTUS45-TAFCOS 200 143 True
taf-202601151720-KPUB-FTUS45-TAFPUB 200 209 True
taf-202601151737-KBOU-FTUS45-TAFDEN 200 430 True
taf-202601151950-KPUB-FTUS45-TAFPUB-AAA 200 185 True
taf-202601152055-KBOU-FTUS45-TAFDEN-AAA 200 404 True
taf-202601152323-KPUB-FTUS45-TAFCOS 200 82 True
taf-202601152323-KPUB-FTUS45-TAFPUB 200 236 True
taf-202601152338-KBOU-FTUS45-TAFDEN 200 369 True
taf-202601160115-KPUB-FTUS45-TAFPUB-AAA 200 213 True
taf-202601160158-KBOU-FTUS45-TAFDEN-AAA 200 411 True
taf-202601160452-KBOU-FTUS45-TAFDEN-AAB 200 375 True
taf-202601160459-KPUB-FTUS45-TAFCOS-AAA 200 123 True
taf-202601160522-KPUB-FTUS45-TAFCOS 200 183 True
taf-202601160522-KPUB-FTUS45-TAFPUB 200 245 True
taf-202601160540-KBOU-FTUS45-TAFDEN 200 440 True
taf-202601160613-KBOU-FTUS45-TAFDEN-AAA 200 455 True
taf-202601160802-KPUB-FTUS45-TAFCOS-AAA 200 158 True
taf-202601160803-KPUB-FTUS45-TAFPUB-AAB 200 186 True
taf-202601160854-KBOU-FTUS45-TAFDEN-AAB 200 385 True
taf-202601161124-KPUB-FTUS45-TAFCOS 200 224 True
taf-202601161124-KPUB-FTUS45-TAFPUB 200 215 True
taf-202601161133-KBOU-FTUS45-TAFDEN 200 388 True
taf-202601161432-KBOU-FTUS45-TAFDEN-AAA 200 372 True
taf-202601161631-KPUB-FTUS45-TAFCOS-AAA 200 239 True
taf-202601161733-KBOU-FTUS45-TAFDEN 200 391 True
taf-202601161741-KPUB-FTUS45-TAFCOS 200 264 True
taf-202601161741-KPUB-FTUS45-TAFPUB 200 227 True
taf-202601161920-KBOU-FTUS45-TAFDEN-AAA 200 355 True
taf-202601161924-KPUB-FTUS45-TAFCOS-AAA 200 272 True
taf-202601162058-KBOU-FTUS45-TAFDEN-AAB 200 355 True
taf-202601162116-KPUB-FTUS45-TAFCOS-AAB 200 272 True
taf-202601162117-KPUB-FTUS45-TAFPUB-AAC 200 235 True
taf-202601162330-KPUB-FTUS45-TAFCOS 200 215 True
taf-202601162330-KPUB-FTUS45-TAFPUB 200 192 True
taf-202601162339-KBOU-FTUS45-TAFDEN 200 381 True
taf-202601170127-KBOU-FTUS45-TAFDEN-AAA 200 338 True
taf-202601170254-KBOU-FTUS45-TAFDEN-AAB 200 338 True
taf-202601170359-KBOU-FTUS45-TAFDEN-AAC 200 335 True
taf-202601170524-KBOU-FTUS45-TAFDEN 200 361 True
taf-202601170536-KPUB-FTUS45-TAFCOS 200 221 True
taf-202601170536-KPUB-FTUS45-TAFPUB 200 243 True
taf-202601170631-KBOU-FTUS45-TAFDEN-AAA 200 369 True
taf-202601170852-KBOU-FTUS45-TAFDEN-AAB 200 340 True
taf-202601170922-KBOU-FTUS45-TAFDEN-AAC 200 377 True
taf-202601171124-KPUB-FTUS45-TAFCOS 200 261 True
taf-202601171124-KPUB-FTUS45-TAFPUB 200 141 True
taf-202601171127-KBOU-FTUS45-TAFDEN 200 354 True
taf-202601171235-KPUB-FTUS45-TAFPUB-AAA 200 149 True
taf-202601171319-KBOU-FTUS45-TAFDEN-AAA 200 362 True
taf-202601171455-KBOU-FTUS45-TAFDEN-AAB 200 328 True
taf-202601171514-KPUB-FTUS45-TAFCOS-AAA 200 247 True
taf-202601171704-KPUB-FTUS45-TAFCOS-AAB 200 247 True
taf-202601171724-KBOU-FTUS45-TAFDEN 200 307 True
taf-202601171725-KPUB-FTUS45-TAFCOS 200 273 True
taf-202601171725-KPUB-FTUS45-TAFPUB 200 172 True
taf-202601171931-KPUB-FTUS45-TAFCOS-AAA 200 244 True
taf-202601171938-KBOU-FTUS45-TAFDEN-AAA 200 345 True
taf-202601172055-KBOU-FTUS45-TAFDEN-AAB 200 271 True
taf-202601172146-KPUB-FTUS45-TAFCOS-AAB 200 180 True
taf-202601172320-KPUB-FTUS45-TAFCOS 200 223 True
taf-202601172320-KPUB-FTUS45-TAFPUB 200 220 True
taf-202601172330-KBOU-FTUS45-TAFDEN 200 311 True
taf-202601180204-KBOU-FTUS45-TAFDEN-AAA 200 305 True
taf-202601180521-KPUB-FTUS45-TAFCOS 200 230 True
taf-202601180521-KPUB-FTUS45-TAFPUB 200 230 True
taf-202601180538-KBOU-FTUS45-TAFDEN 200 370 True
taf-202601180855-KBOU-FTUS45-TAFDEN-AAA 200 378 True
taf-202601181138-KBOU-FTUS45-TAFDEN 200 461 True
taf-202601181150-KPUB-FTUS45-TAFCOS 200 287 True
taf-202601181150-KPUB-FTUS45-TAFPUB 200 219 True
taf-202601181454-KBOU-FTUS45-TAFDEN-AAA 200 469 True
taf-202601181732-KBOU-FTUS45-TAFDEN 200 393 True
taf-202601181740-KPUB-FTUS45-TAFCOS 200 251 True
taf-202601181740-KPUB-FTUS45-TAFPUB 200 207 True
taf-202601181856-KBOU-FTUS45-TAFDEN-AAA 200 367 True
taf-202601181957-KPUB-FTUS45-TAFCOS-AAA 200 259 True
taf-202601181957-KPUB-FTUS45-TAFPUB-AAB 200 215 True
taf-202601182053-KBOU-FTUS45-TAFDEN-AAB 200 374 True
taf-202601182141-KPUB-FTUS45-TAFCOS-AAB 200 225 True
taf-202601182209-KBOU-FTUS45-TAFDEN-AAC 200 374 True
taf-202601182321-KPUB-FTUS45-TAFCOS 200 339 True
taf-202601182321-KPUB-FTUS45-TAFPUB 200 329 True
taf-202601182337-KBOU-FTUS45-TAFDEN 200 394 True
taf-202601190301-KBOU-FTUS45-TAFDEN-AAA 200 347 True
taf-202601190414-KBOU-FTUS45-TAFDEN-AAB 200 423 True
taf-202601190520-KPUB-FTUS45-TAFCOS 200 322 True
taf-202601190520-KPUB-FTUS45-TAFPUB 200 333 True
taf-202601190532-KBOU-FTUS45-TAFDEN 200 342 True
taf-202601190640-KBOU-FTUS45-TAFDEN-AAA 200 357 True
taf-202601190702-KBOU-FTUS45-TAFDEN-AAB 200 276 True
taf-202601190826-KPUB-FTUS45-TAFCOS-AAA 200 358 True
taf-202601190838-KBOU-FTUS45-TAFDEN-AAC 200 277 True
taf-202601191124-KPUB-FTUS45-TAFCOS 200 271 True
taf-202601191124-KPUB-FTUS45-TAFPUB 200 196 True
taf-202601191135-KBOU-FTUS45-TAFDEN 200 275 True
taf-202601191239-KBOU-FTUS45-TAFDEN-AAA 200 234 True
taf-202601191334-KPUB-FTUS45-TAFPUB-AAA 200 217 True
taf-202601191457-KBOU-FTUS45-TAFDEN-AAB 200 193 True
taf-202601191523-KPUB-FTUS45-TAFCOS-AAA 200 241 True
taf-202601191530-KPUB-FTUS45-TAFPUB-AAB 200 207 True
taf-202601191601-KPUB-FTUS45-TAFPUB-AAC 200 207 True
taf-202601191651-KPUB-FTUS45-TAFCOS-AAB 200 190 True
taf-202601191733-KPUB-FTUS45-TAFCOS 200 203 True
taf-202601191733-KPUB-FTUS45-TAFPUB 200 201 True
taf-202601191737-KBOU-FTUS45-TAFDEN 200 260 True
taf-202601192058-KBOU-FTUS45-TAFDEN-AAA 200 241 True
taf-202601192329-KPUB-FTUS45-TAFCOS 200 206 True
taf-202601192329-KPUB-FTUS45-TAFPUB 200 175 True
taf-202601192335-KBOU-FTUS45-TAFDEN 200 267 True
taf-202601200301-KBOU-FTUS45-TAFDEN-AAA 200 210 True
taf-202601200521-KPUB-FTUS45-TAFCOS 200 216 True
taf-202601200521-KPUB-FTUS45-TAFPUB 200 185 True
taf-202601200532-KBOU-FTUS45-TAFDEN 200 328 True
taf-202601200853-KBOU-FTUS45-TAFDEN-AAA 200 336 True
taf-202601201131-KBOU-FTUS45-TAFDEN 200 321 True
taf-202601201145-KPUB-FTUS45-TAFCOS 200 185 True
taf-202601201145-KPUB-FTUS45-TAFPUB 200 185 True
taf-202601201449-KBOU-FTUS45-TAFDEN-AAA 200 329 True
taf-202601201732-KPUB-FTUS45-TAFCOS 200 255 True
taf-202601201732-KPUB-FTUS45-TAFPUB 200 225 True
taf-202601201736-KBOU-FTUS45-TAFDEN 200 404 True
taf-202601201842-KBOU-FTUS45-TAFDEN-AAA 200 403 True
taf-202601202059-KBOU-FTUS45-TAFDEN-AAB 200 329 True
taf-202601202332-KPUB-FTUS45-TAFCOS 200 229 True
taf-202601202332-KPUB-FTUS45-TAFPUB 200 266 True
taf-202601202340-KBOU-FTUS45-TAFDEN 200 321 True
taf-202601210131-KBOU-FTUS45-TAFDEN-AAA 200 362 True
taf-202601210229-KPUB-FTUS45-TAFPUB-AAA 200 189 True
taf-202601210256-KBOU-FTUS45-TAFDEN-AAB 200 288 True
taf-202601210433-KPUB-FTUS45-TAFCOS-AAA 200 152 True
taf-202601210433-KPUB-FTUS45-TAFPUB-AAB 200 189 True
taf-202601210520-KPUB-FTUS45-TAFCOS 200 175 True
taf-202601210520-KPUB-FTUS45-TAFPUB 200 181 True
taf-202601210532-KBOU-FTUS45-TAFDEN 200 304 True
taf-202601210853-KBOU-FTUS45-TAFDEN-AAA 200 312 True
taf-202601211124-KPUB-FTUS45-TAFCOS 200 172 True
taf-202601211124-KPUB-FTUS45-TAFPUB 200 144 True
taf-202601211133-KBOU-FTUS45-TAFDEN 200 304 True
taf-202601211415-KBOU-FTUS45-TAFDEN-AAA 200 312 True
taf-202601211736-KBOU-FTUS45-TAFDEN 200 318 True
taf-202601211737-KPUB-FTUS45-TAFCOS 200 215 True
taf-202601211737-KPUB-FTUS45-TAFPUB 200 212 True
taf-202601212056-KBOU-FTUS45-TAFDEN-AAA 200 299 True
taf-202601212332-KBOU-FTUS45-TAFDEN 200 325 True
taf-202601212335-KPUB-FTUS45-TAFCOS 200 215 True
taf-202601212335-KPUB-FTUS45-TAFPUB 200 147 True
taf-202601220039-KBOU-FTUS45-TAFDEN-AAA 200 251 True
taf-202601220257-KBOU-FTUS45-TAFDEN-AAB 200 336 True
taf-202601220356-KBOU-FTUS45-TAFDEN-AAC 200 292 True
taf-202601220524-KBOU-FTUS45-TAFDEN 200 325 True
taf-202601220547-KPUB-FTUS45-TAFCOS 200 181 True
taf-202601220547-KPUB-FTUS45-TAFPUB 200 113 True
taf-202601220629-KBOU-FTUS45-TAFDEN-AAA 200 292 True
taf-202601220853-KBOU-FTUS45-TAFDEN-AAB 200 251 True
taf-202601221120-KPUB-FTUS45-TAFCOS 200 181 True
taf-202601221120-KPUB-FTUS45-TAFPUB 200 154 True
taf-202601221127-KBOU-FTUS45-TAFDEN 200 359 True
taf-202601221454-KBOU-FTUS45-TAFDEN-AAA 200 319 True
taf-202601221537-KPUB-FTUS45-TAFCOS-AAA 200 189 True
taf-202601221725-KPUB-FTUS45-TAFCOS 200 195 True
taf-202601221725-KPUB-FTUS45-TAFPUB 200 195 True
taf-202601221730-KBOU-FTUS45-TAFDEN 200 340 True
taf-202601222055-KBOU-FTUS45-TAFDEN-AAA 200 314 True
taf-202601222321-KPUB-FTUS45-TAFCOS 200 161 True
taf-202601222321-KPUB-FTUS45-TAFPUB 200 161 True
taf-202601222332-KBOU-FTUS45-TAFDEN 200 388 True
taf-202601230258-KBOU-FTUS45-TAFDEN-AAA 200 321 True
taf-202601230532-KPUB-FTUS45-TAFCOS 200 167 True
taf-202601230532-KPUB-FTUS45-TAFPUB 200 171 True
taf-202601230542-KBOU-FTUS45-TAFDEN 200 364 True
taf-202601230756-KBOU-FTUS45-TAFDEN-AAA 200 372 True
taf-202601231044-KBOU-FTUS45-TAFDEN-AAB 200 317 True
taf-202601231122-KPUB-FTUS45-TAFCOS 200 279 True
taf-202601231122-KPUB-FTUS45-TAFPUB 200 253 True
taf-202601231150-KBOU-FTUS45-TAFDEN 200 348 True
taf-202601231204-KPUB-FTUS45-TAFPUB-AAA 200 254 True
taf-202601231407-KBOU-FTUS45-TAFDEN-AAA 200 355 True
taf-202601231423-KPUB-FTUS45-TAFCOS-AAA 200 336 True
taf-202601231441-KBOU-FTUS45-TAFDEN-AAA 200 407 True
taf-202601231522-KPUB-FTUS45-TAFPUB-AAB 200 260 True
taf-202601231606-KPUB-FTUS45-TAFCOS-AAB 200 254 True
taf-202601231623-KBOU-FTUS45-TAFDEN-AAB 200 401 True
taf-202601231639-KPUB-FTUS45-TAFPUB-AAC 200 258 True
taf-202601231731-KPUB-FTUS45-TAFCOS 200 254 True
taf-202601231731-KPUB-FTUS45-TAFPUB 200 239 True
taf-202601231739-KBOU-FTUS45-TAFDEN 200 507 True
taf-202601231820-KPUB-FTUS45-TAFCOS-AAA 200 262 True
taf-202601232049-KBOU-FTUS45-TAFDEN-AAA 200 432 True
taf-202601232331-KPUB-FTUS45-TAFCOS 200 212 True
taf-202601232331-KPUB-FTUS45-TAFPUB 200 205 True
taf-202601232338-KBOU-FTUS45-TAFDEN 200 458 True
taf-202601240058-KPUB-FTUS45-TAFPUB-AAA 200 241 True
taf-202601240059-KPUB-FTUS45-TAFCOS-AAA 200 220 True
taf-202601240221-KPUB-FTUS45-TAFCOS-AAB 200 220 True
taf-202601240255-KBOU-FTUS45-TAFDEN-AAA 200 377 True
taf-202601240423-KPUB-FTUS45-TAFPUB-AAC 200 207 True
taf-202601240426-KPUB-FTUS45-TAFCOS-AAC 200 262 True
taf-202601240447-KBOU-FTUS45-TAFDEN-AAB 200 377 True
taf-202601240539-KPUB-FTUS45-TAFCOS 200 299 True
taf-202601240539-KPUB-FTUS45-TAFPUB 200 243 True
taf-202601240540-KBOU-FTUS45-TAFDEN 200 418 True
taf-202601240712-KBOU-FTUS45-TAFDEN-AAA 200 424 True
taf-202601240859-KBOU-FTUS45-TAFDEN-AAB 200 335 True
taf-202601241007-KBOU-FTUS45-TAFDEN-AAC 200 328 True
taf-202601241043-KPUB-FTUS45-TAFPUB-AAA 200 262 True
taf-202601241044-KPUB-FTUS45-TAFCOS-AAA 200 261 True
taf-202601241120-KPUB-FTUS45-TAFCOS 200 237 True
taf-202601241120-KPUB-FTUS45-TAFPUB 200 282 True
taf-202601241134-KBOU-FTUS45-TAFDEN 200 357 True
taf-202601241248-KPUB-FTUS45-TAFCOS-AAA None 0 False
taf-202601241451-KPUB-FTUS45-TAFPUB-AAA 200 211 True
taf-202601241452-KPUB-FTUS45-TAFCOS-AAB 200 249 True
taf-202601241457-KBOU-FTUS45-TAFDEN-AAA 200 292 True
taf-202601241558-KPUB-FTUS45-TAFCOS-AAC 200 249 True
taf-202601241600-KPUB-FTUS45-TAFPUB-AAD 200 210 True
taf-202601241626-KPUB-FTUS45-TAFPUB-AAE 200 247 True
taf-202601241720-KPUB-FTUS45-TAFCOS 200 285 True
taf-202601241720-KPUB-FTUS45-TAFPUB 200 190 True
taf-202601241732-KBOU-FTUS45-TAFDEN None 0 False
taf-202601242059-KBOU-FTUS45-TAFDEN-AAA 200 257 True
taf-202601242335-KBOU-FTUS45-TAFDEN 200 370 True
taf-202601242345-KPUB-FTUS45-TAFCOS 200 305 True
taf-202601242345-KPUB-FTUS45-TAFPUB 200 266 True
taf-202601250133-KBOU-FTUS45-TAFDEN-AAA 200 378 True
taf-202601250250-KBOU-FTUS45-TAFDEN-AAB 200 371 True
taf-202601250359-KPUB-FTUS45-TAFCOS-AAA 200 313 True
taf-202601250401-KPUB-FTUS45-TAFPUB-AAB 200 274 True
taf-202601250523-KPUB-FTUS45-TAFCOS 200 270 True
taf-202601250523-KPUB-FTUS45-TAFPUB 200 282 True
taf-202601250537-KBOU-FTUS45-TAFDEN 200 376 True
taf-202601250859-KBOU-FTUS45-TAFDEN-AAA 200 377 True
taf-202601251120-KPUB-FTUS45-TAFCOS 200 300 True
taf-202601251120-KPUB-FTUS45-TAFPUB 200 264 True
taf-202601251136-KBOU-FTUS45-TAFDEN 200 410 True
taf-202601251255-KPUB-FTUS45-TAFCOS-AAA 200 322 True
taf-202601251456-KBOU-FTUS45-TAFDEN-AAA 200 425 True
taf-202601251720-KPUB-FTUS45-TAFCOS 200 275 True
taf-202601251720-KPUB-FTUS45-TAFPUB 200 261 True
taf-202601251738-KBOU-FTUS45-TAFDEN 200 405 True
taf-202601251940-KPUB-FTUS45-TAFCOS-AAA 200 282 True
taf-202601252048-KBOU-FTUS45-TAFDEN-AAA 200 379 True
taf-202601252152-KPUB-FTUS45-TAFCOS-AAB 200 282 True
taf-202601252158-KBOU-FTUS45-TAFDEN-AAB 200 379 True
taf-202601252322-KPUB-FTUS45-TAFCOS 200 327 True
taf-202601252322-KPUB-FTUS45-TAFPUB 200 266 True
taf-202601252326-KBOU-FTUS45-TAFDEN None 0 False
taf-202601260055-KPUB-FTUS45-TAFCOS-AAA 200 346 True
taf-202601260059-KPUB-FTUS45-TAFPUB-AAB 200 315 True
taf-202601260154-KPUB-FTUS45-TAFPUB-AAC 200 280 True
taf-202601260246-KPUB-FTUS45-TAFCOS-AAB 200 248 True
taf-202601260248-KPUB-FTUS45-TAFPUB-AAC 200 238 True
taf-202601260252-KBOU-FTUS45-TAFDEN-AAA 200 303 True
taf-202601260334-KPUB-FTUS45-TAFCOS-AAC 200 169 True
taf-202601260336-KPUB-FTUS45-TAFPUB-AAD 200 233 True
taf-202601260358-KPUB-FTUS45-TAFPUB-AAE 200 233 True
taf-202601260505-KPUB-FTUS45-TAFPUB-AAF 200 230 True
taf-202601260521-KPUB-FTUS45-TAFCOS 200 188 True
taf-202601260521-KPUB-FTUS45-TAFPUB 200 259 True
taf-202601260531-KBOU-FTUS45-TAFDEN 200 203 True
taf-202601260715-KPUB-FTUS45-TAFPUB-AAA 200 189 True
taf-202601260854-KBOU-FTUS45-TAFDEN-AAA 200 180 True
taf-202601261001-KPUB-FTUS45-TAFPUB-AAB 200 191 True
taf-202601261130-KBOU-FTUS45-TAFDEN 200 175 True
taf-202601261138-KPUB-FTUS45-TAFCOS 200 181 True
taf-202601261138-KPUB-FTUS45-TAFPUB 200 150 True
taf-202601261455-KBOU-FTUS45-TAFDEN-AAA 200 217 True
taf-202601261553-KBOU-FTUS45-TAFDEN-AAB 200 217 True
taf-202601261728-KPUB-FTUS45-TAFCOS 200 172 True
taf-202601261728-KPUB-FTUS45-TAFPUB 200 172 True
taf-202601261738-KBOU-FTUS45-TAFDEN 200 212 True
taf-202601262056-KBOU-FTUS45-TAFDEN-AAA 200 220 True
taf-202601262127-KPUB-FTUS45-TAFCOS-AAA 200 152 True
taf-202601262128-KPUB-FTUS45-TAFPUB-AAB 200 152 True
taf-202601262321-KPUB-FTUS45-TAFCOS 200 150 True
taf-202601262321-KPUB-FTUS45-TAFPUB 200 181 True
taf-202601262337-KBOU-FTUS45-TAFDEN 200 311 True
taf-202601270247-KPUB-FTUS45-TAFPUB-AAA 200 189 True
taf-202601270252-KBOU-FTUS45-TAFDEN-AAA 200 285 True
taf-202601270521-KPUB-FTUS45-TAFCOS 200 147 True
taf-202601270521-KPUB-FTUS45-TAFPUB 200 178 True
taf-202601270538-KBOU-FTUS45-TAFDEN 200 277 True
taf-202601270554-KPUB-FTUS45-TAFPUB-AAA 200 219 True
taf-202601270737-KBOU-FTUS45-TAFDEN-AAA 200 285 True
taf-202601270857-KBOU-FTUS45-TAFDEN-AAB 200 285 True
taf-202601271122-KPUB-FTUS45-TAFCOS 200 195 True
taf-202601271122-KPUB-FTUS45-TAFPUB 200 195 True
taf-202601271135-KBOU-FTUS45-TAFDEN 200 318 True
taf-202601271255-KBOU-FTUS45-TAFDEN-AAA 200 326 True
taf-202601271457-KBOU-FTUS45-TAFDEN-AAB 200 244 True
taf-202601271721-KPUB-FTUS45-TAFCOS 200 144 True
taf-202601271721-KPUB-FTUS45-TAFPUB 200 175 True
taf-202601271730-KBOU-FTUS45-TAFDEN 200 277 True
taf-202601272010-KBOU-FTUS45-TAFDEN-AAA 200 285 True
taf-202601272103-KBOU-FTUS45-TAFDEN-AAB 200 237 True
taf-202601272320-KPUB-FTUS45-TAFCOS 200 181 True
taf-202601272320-KPUB-FTUS45-TAFPUB 200 147 True
taf-202601272337-KBOU-FTUS45-TAFDEN 200 243 True
taf-202601280251-KBOU-FTUS45-TAFDEN-AAA 200 237 True
taf-202601280520-KPUB-FTUS45-TAFCOS 200 144 True
taf-202601280520-KPUB-FTUS45-TAFPUB 200 144 True
taf-202601280526-KBOU-FTUS45-TAFDEN 200 277 True
taf-202601280855-KBOU-FTUS45-TAFDEN-AAA 200 285 True
taf-202601281120-KPUB-FTUS45-TAFCOS 200 239 True
taf-202601281120-KPUB-FTUS45-TAFPUB 200 236 True
taf-202601281130-KBOU-FTUS45-TAFDEN 200 277 True
taf-202601281458-KBOU-FTUS45-TAFDEN-AAA 200 299 True
taf-202601281726-KPUB-FTUS45-TAFCOS 200 181 True
taf-202601281726-KPUB-FTUS45-TAFPUB 200 192 True
taf-202601281738-KBOU-FTUS45-TAFDEN 200 328 True
taf-202601282055-KBOU-FTUS45-TAFDEN-AAA 200 335 True
taf-202601282323-KPUB-FTUS45-TAFCOS 200 225 True
taf-202601282323-KPUB-FTUS45-TAFPUB 200 240 True
taf-202601282338-KBOU-FTUS45-TAFDEN 200 320 True
taf-202601290250-KBOU-FTUS45-TAFDEN-AAA 200 287 True
taf-202601290525-KPUB-FTUS45-TAFCOS 200 185 True
taf-202601290525-KPUB-FTUS45-TAFPUB 200 179 True
taf-202601290538-KBOU-FTUS45-TAFDEN 200 280 True
taf-202601290806-KBOU-FTUS45-TAFDEN-AAA 200 247 True
taf-202601290957-KBOU-FTUS45-TAFDEN-AAB 200 247 True
taf-202601291120-KPUB-FTUS45-TAFCOS 200 181 True
taf-202601291120-KPUB-FTUS45-TAFPUB 200 178 True
taf-202601291130-KBOU-FTUS45-TAFDEN 200 280 True
taf-202601291254-KBOU-FTUS45-TAFDEN-AAA 200 288 True
taf-202601291326-KPUB-FTUS45-TAFCOS-AAA 200 189 True
taf-202601291458-KBOU-FTUS45-TAFDEN-AAB 200 274 True
taf-202601291728-KPUB-FTUS45-TAFCOS 200 144 True
taf-202601291728-KPUB-FTUS45-TAFPUB 200 144 True
taf-202601291737-KBOU-FTUS45-TAFDEN 200 253 True
taf-202601292054-KBOU-FTUS45-TAFDEN-AAA 200 261 True
taf-202601292158-KBOU-FTUS45-TAFDEN-AAB 200 261 True
taf-202601292323-KBOU-FTUS45-TAFDEN 200 325 True
taf-202601292328-KPUB-FTUS45-TAFCOS 200 181 True
taf-202601292328-KPUB-FTUS45-TAFPUB 200 141 True
