t1000-arm00 round_robin 6 {'undetermined': 54}
t1000-arm01 round_robin 6 {'undetermined': 54}
t1000-arm02 risk 6 {'undetermined': 54}
t1000-arm03 risk 6 {'undetermined': 54}
t1000-arm04 coverage 6 {'undetermined': 54}
t1000-arm05 coverage 6 {'undetermined': 54}
t1000-arm06 batch_complete 6 {'undetermined': 42, 'refuted': 12}
t1000-arm07 batch_complete 6 {'undetermined': 42, 'refuted': 12}
t1000-arm08 round_robin 12 {'undetermined': 36, 'refuted': 18}
t1000-arm09 round_robin 12 {'undetermined': 36, 'refuted': 18}
t1000-arm10 risk 12 {'undetermined': 36, 'refuted': 18}
t1000-arm11 risk 12 {'undetermined': 36, 'refuted': 18}
t1000-arm12 coverage 12 {'undetermined': 36, 'refuted': 18}
t1000-arm13 coverage 12 {'undetermined': 36, 'refuted': 18}
t1000-arm14 batch_complete 12 {'undetermined': 24, 'refuted': 30}
t1000-arm15 batch_complete 12 {'undetermined': 24, 'refuted': 30}
t1000-arm16 round_robin 18 {'refuted': 48, 'undetermined': 6}
t1000-arm17 round_robin 18 {'refuted': 48, 'undetermined': 6}
t1000-arm18 risk 18 {'refuted': 48, 'undetermined': 6}
t1000-arm19 risk 18 {'refuted': 48, 'undetermined': 6}
t1000-arm20 coverage 18 {'refuted': 48, 'undetermined': 6}
t1000-arm21 coverage 18 {'refuted': 48, 'undetermined': 6}
t1000-arm22 batch_complete 18 {'refuted': 48, 'undetermined': 6}
t1000-arm23 batch_complete 18 {'refuted': 48, 'undetermined': 6}
t5000-arm00 round_robin 6 {'undetermined': 54}
t5000-arm01 round_robin 6 {'undetermined': 54}
t5000-arm02 risk 6 {'undetermined': 54}
t5000-arm03 risk 6 {'undetermined': 54}
t5000-arm04 coverage 6 {'undetermined': 54}
t5000-arm05 coverage 6 {'undetermined': 54}
t5000-arm06 batch_complete 6 {'undetermined': 42, 'refuted': 12}
t5000-arm07 batch_complete 6 {'undetermined': 42, 'refuted': 12}
t5000-arm08 round_robin 12 {'refuted': 18, 'undetermined': 36}
t5000-arm09 round_robin 12 {'refuted': 18, 'undetermined': 36}
t5000-arm10 risk 12 {'refuted': 18, 'undetermined': 36}
t5000-arm11 risk 12 {'refuted': 18, 'undetermined': 36}
t5000-arm12 coverage 12 {'refuted': 18, 'undetermined': 36}
t5000-arm13 coverage 12 {'refuted': 18, 'undetermined': 36}
t5000-arm14 batch_complete 12 {'undetermined': 24, 'refuted': 30}
t5000-arm15 batch_complete 12 {'undetermined': 24, 'refuted': 30}
t5000-arm16 round_robin 18 {'refuted': 48, 'undetermined': 6}
t5000-arm17 round_robin 18 {'refuted': 48, 'undetermined': 6}
t5000-arm18 risk 18 {'refuted': 48, 'undetermined': 6}
t5000-arm19 risk 18 {'refuted': 48, 'undetermined': 6}
t5000-arm20 coverage 18 {'refuted': 48, 'undetermined': 6}
t5000-arm21 coverage 18 {'refuted': 48, 'undetermined': 6}
t5000-arm22 batch_complete 18 {'refuted': 48, 'undetermined': 6}
t5000-arm23 batch_complete 18 {'refuted': 48, 'undetermined': 6}
