t1000-arm00 round_robin 72 {'undetermined': 648}
t1000-arm01 round_robin 72 {'undetermined': 648}
t1000-arm02 risk 72 {'undetermined': 648}
t1000-arm03 risk 72 {'undetermined': 648}
t1000-arm04 coverage 72 {'undetermined': 648}
t1000-arm05 coverage 72 {'undetermined': 648}
t1000-arm06 batch_complete 72 {'undetermined': 444, 'refuted': 204}
t1000-arm07 batch_complete 72 {'undetermined': 444, 'refuted': 204}
t1000-arm08 round_robin 144 {'undetermined': 438, 'refuted': 210}
t1000-arm09 round_robin 144 {'undetermined': 438, 'refuted': 210}
t1000-arm10 risk 144 {'undetermined': 438, 'refuted': 210}
t1000-arm11 risk 144 {'undetermined': 438, 'refuted': 210}
t1000-arm12 coverage 144 {'undetermined': 438, 'refuted': 210}
t1000-arm13 coverage 144 {'undetermined': 438, 'refuted': 210}
t1000-arm14 batch_complete 144 {'undetermined': 228, 'refuted': 420}
t1000-arm15 batch_complete 144 {'undetermined': 228, 'refuted': 420}
t1000-arm16 round_robin 216 {'refuted': 630, 'undetermined': 18}
t1000-arm17 round_robin 216 {'refuted': 630, 'undetermined': 18}
t1000-arm18 risk 216 {'refuted': 630, 'undetermined': 18}
t1000-arm19 risk 216 {'refuted': 630, 'undetermined': 18}
t1000-arm20 coverage 216 {'refuted': 630, 'undetermined': 18}
t1000-arm21 coverage 216 {'refuted': 630, 'undetermined': 18}
t1000-arm22 batch_complete 216 {'refuted': 630, 'undetermined': 18}
t1000-arm23 batch_complete 216 {'refuted': 630, 'undetermined': 18}
t5000-arm00 round_robin 72 {'undetermined': 648}
t5000-arm01 round_robin 72 {'undetermined': 648}
t5000-arm02 risk 72 {'undetermined': 648}
t5000-arm03 risk 72 {'undetermined': 648}
t5000-arm04 coverage 72 {'undetermined': 648}
t5000-arm05 coverage 72 {'undetermined': 648}
t5000-arm06 batch_complete 72 {'undetermined': 444, 'refuted': 204}
t5000-arm07 batch_complete 72 {'undetermined': 444, 'refuted': 204}
t5000-arm08 round_robin 144 {'refuted': 210, 'undetermined': 438}
t5000-arm09 round_robin 144 {'refuted': 210, 'undetermined': 438}
t5000-arm10 risk 144 {'refuted': 213, 'undetermined': 435}
t5000-arm11 risk 144 {'refuted': 213, 'undetermined': 435}
t5000-arm12 coverage 144 {'refuted': 210, 'undetermined': 438}
t5000-arm13 coverage 144 {'refuted': 210, 'undetermined': 438}
t5000-arm14 batch_complete 144 {'undetermined': 228, 'refuted': 420}
t5000-arm15 batch_complete 144 {'undetermined': 228, 'refuted': 420}
t5000-arm16 round_robin 216 {'refuted': 630, 'undetermined': 18}
t5000-arm17 round_robin 216 {'refuted': 630, 'undetermined': 18}
t5000-arm18 risk 216 {'refuted': 630, 'undetermined': 18}
t5000-arm19 risk 216 {'refuted': 630, 'undetermined': 18}
t5000-arm20 coverage 216 {'refuted': 630, 'undetermined': 18}
t5000-arm21 coverage 216 {'refuted': 630, 'undetermined': 18}
t5000-arm22 batch_complete 216 {'refuted': 630, 'undetermined': 18}
t5000-arm23 batch_complete 216 {'refuted': 630, 'undetermined': 18}
