artifacts/calibration_v1/contract_checks/descriptors.json: OK
artifacts/calibration_v1/contract_checks/pytest_before_implementation.log: OK
artifacts/calibration_v1/contract_checks/pytest_first_implementation.log: OK
artifacts/calibration_v1/contract_checks/result.json: OK
artifacts/calibration_v1/contract_checks/ruff_check.log: OK
artifacts/calibration_v1/contract_checks/ruff_format.log: OK
artifacts/calibration_v1/execution/command_0.log: OK
artifacts/calibration_v1/execution/command_1.log: OK
artifacts/calibration_v1/execution/commands.json: OK
artifacts/calibration_v1/execution_v2/command_0.log: OK
artifacts/calibration_v1/execution_v2/command_1.log: OK
artifacts/calibration_v1/execution_v2/command_2.log: OK
artifacts/calibration_v1/execution_v2/commands.json: OK
artifacts/calibration_v1/independent_audit/README.md: OK
artifacts/calibration_v1/independent_audit/audit.py: OK
artifacts/calibration_v1/independent_audit/checks.json: OK
artifacts/calibration_v1/independent_audit/contract_review.json: OK
artifacts/calibration_v1/independent_audit/final_execution.json: OK
artifacts/calibration_v1/independent_audit/final_execution.log: OK
artifacts/calibration_v1/independent_audit/final_result.json: OK
artifacts/calibration_v1/independent_audit/initial_integrity.json: OK
artifacts/calibration_v1/independent_audit/package_review.py: OK
artifacts/calibration_v1/independent_audit/ruff_check.log: OK
artifacts/calibration_v1/independent_audit/ruff_format.log: OK
artifacts/calibration_v1/package/RESULT.json: OK
artifacts/calibration_v1/package/documentation/AGENTS.md: OK
artifacts/calibration_v1/package/documentation/BLOCKERS.md: OK
artifacts/calibration_v1/package/documentation/DECISIONS.md: OK
artifacts/calibration_v1/package/documentation/IMPLEMENTATION_STATUS.md: OK
artifacts/calibration_v1/package/documentation/README_CALIBRATION_V1.md: OK
artifacts/calibration_v1/package/documentation/README_P1_DEEPSEEK.md: OK
artifacts/calibration_v1/package/documentation/docs/CALIBRATION_PROTOCOL_V1.md: OK
artifacts/calibration_v1/package/documentation/docs/OUTPUT_CONTRACT_V1.md: OK
artifacts/calibration_v1/package/documentation/pyproject.toml: OK
artifacts/calibration_v1/package/manifest.json: OK
artifacts/calibration_v1/package/tests/test_automated_acquisition.py: OK
artifacts/calibration_v1/package/tests/test_automated_calibration.py: OK
artifacts/calibration_v1/package/tests/test_automated_cohort.py: OK
artifacts/calibration_v1/package/tests/test_automated_cohort_workflow.py: OK
artifacts/calibration_v1/package/tests/test_automated_collection.py: OK
artifacts/calibration_v1/package/tests/test_automated_collection_audit.py: OK
artifacts/calibration_v1/package/tests/test_automated_dataset_audit.py: OK
artifacts/calibration_v1/package/tests/test_automated_disasterbench.py: OK
artifacts/calibration_v1/package/tests/test_automated_dynamic.py: OK
artifacts/calibration_v1/package/tests/test_automated_evidence_support.py: OK
artifacts/calibration_v1/package/tests/test_automated_methods.py: OK
artifacts/calibration_v1/package/tests/test_automated_model_collection_integration.py: OK
artifacts/calibration_v1/package/tests/test_automated_output_contract.py: OK
artifacts/calibration_v1/package/tests/test_automated_preflight.py: OK
artifacts/calibration_v1/package/tests/test_automated_provider.py: OK
artifacts/calibration_v1/package/tests/test_automated_provider_options.py: OK
artifacts/calibration_v1/package/tests/test_automated_rescoring.py: OK
artifacts/calibration_v1/package/tests/test_automated_scoring_v2.py: OK
artifacts/calibration_v1/package/tests/test_automated_sources.py: OK
artifacts/calibration_v1/package/tests/test_automated_workflow.py: OK
artifacts/calibration_v1/package/tests/test_evidence_gate.py: OK
artifacts/calibration_v1/package/tests/test_interventions.py: OK
artifacts/calibration_v1/package/tests/test_runner.py: OK
artifacts/calibration_v1/package/tests/test_scoring.py: OK
artifacts/calibration_v1/prior_documentation/AGENTS.md: OK
artifacts/calibration_v1/prior_documentation/BLOCKERS.md: OK
artifacts/calibration_v1/prior_documentation/DECISIONS.md: OK
artifacts/calibration_v1/prior_documentation/IMPLEMENTATION_STATUS.md: OK
artifacts/calibration_v1/prior_documentation/README_P1_DEEPSEEK.md: OK
artifacts/calibration_v1/prior_documentation/manifest.json: OK
artifacts/calibration_v1/root_checks/final/check_0.log: OK
artifacts/calibration_v1/root_checks/final/check_1.log: OK
artifacts/calibration_v1/root_checks/final/result.json: OK
artifacts/calibration_v1/root_checks/final_v2/check_0.log: OK
artifacts/calibration_v1/root_checks/final_v2/check_1.log: OK
artifacts/calibration_v1/root_checks/final_v2/check_2.log: OK
artifacts/calibration_v1/root_checks/final_v2/check_3.log: OK
artifacts/calibration_v1/root_checks/final_v2/result.json: OK
artifacts/calibration_v1/root_checks/regression_first.json: OK
artifacts/calibration_v1/root_checks/regression_first.log: OK
artifacts/calibration_v1/root_checks/scope_regression_first.json: OK
artifacts/p1_deepseek_development/continuation_package/SHA256SUMS: OK
artifacts/p1_deepseek_development/continuation_package/manifest.json: OK
work/build-calibration-v1/episodes/dynamic_episodes.jsonl: OK
work/build-calibration-v1/implementation.json: OK
work/build-calibration-v1/implementation_source/automated/__init__.py: OK
work/build-calibration-v1/implementation_source/automated/__main__.py: OK
work/build-calibration-v1/implementation_source/automated/acquisition.py: OK
work/build-calibration-v1/implementation_source/automated/calibration.py: OK
work/build-calibration-v1/implementation_source/automated/cli.py: OK
work/build-calibration-v1/implementation_source/automated/cohort.py: OK
work/build-calibration-v1/implementation_source/automated/collection.py: OK
work/build-calibration-v1/implementation_source/automated/collection_audit.py: OK
work/build-calibration-v1/implementation_source/automated/common.py: OK
work/build-calibration-v1/implementation_source/automated/dataset_audit.py: OK
work/build-calibration-v1/implementation_source/automated/disasterbench.py: OK
work/build-calibration-v1/implementation_source/automated/dynamic.py: OK
work/build-calibration-v1/implementation_source/automated/evidence_support.py: OK
work/build-calibration-v1/implementation_source/automated/methods.py: OK
work/build-calibration-v1/implementation_source/automated/model_workflow.py: OK
work/build-calibration-v1/implementation_source/automated/output_contract.py: OK
work/build-calibration-v1/implementation_source/automated/preflight.py: OK
work/build-calibration-v1/implementation_source/automated/provider.py: OK
work/build-calibration-v1/implementation_source/automated/rescoring.py: OK
work/build-calibration-v1/implementation_source/automated/scoring_v2.py: OK
work/build-calibration-v1/implementation_source/automated/sources.py: OK
work/build-calibration-v1/implementation_source/automated/workflow.py: OK
work/build-calibration-v1/manifest.json: OK
work/build-calibration-v1/private/disasterbench_references.jsonl: OK
work/build-calibration-v1/private/dynamic_references.jsonl: OK
work/build-calibration-v1/profiles/cohort.json: OK
work/build-calibration-v1/profiles/cyportqa_templates.json: OK
work/build-calibration-v1/profiles/disasterbench.json: OK
work/build-calibration-v1/profiles/dynamic_task_coverage.json: OK
work/build-calibration-v1/profiles/nhc_admission.json: OK
work/build-calibration-v1/public/disasterbench_tasks.jsonl: OK
work/build-calibration-v1/records/nhc_records.jsonl: OK
work/build-calibration-v1/source_inventory.json: OK
work/build-calibration-v1/sources/cohort_catalogue.json: OK
work/build-calibration-v1/sources/nhc_acquisition.json: OK
work/build-calibration-v1/splits/event_groups.json: OK
work/build-calibration-v1/summary.json: OK
work/calibration-v1-preparation/budget_proposal.json: OK
work/calibration-v1-preparation/configs/explicit_4096__answer_history.json: OK
work/calibration-v1-preparation/configs/explicit_4096__snapshot.json: OK
work/calibration-v1-preparation/configs/explicit_4096__structured_state.json: OK
work/calibration-v1-preparation/configs/explicit_8192__answer_history.json: OK
work/calibration-v1-preparation/configs/explicit_8192__snapshot.json: OK
work/calibration-v1-preparation/configs/explicit_8192__structured_state.json: OK
work/calibration-v1-preparation/configs/legacy_4096__answer_history.json: OK
work/calibration-v1-preparation/configs/legacy_4096__snapshot.json: OK
work/calibration-v1-preparation/configs/legacy_4096__structured_state.json: OK
work/calibration-v1-preparation/contract.json: OK
work/calibration-v1-preparation/development_episodes.jsonl: OK
work/calibration-v1-preparation/diagnostics.json: OK
work/calibration-v1-preparation/implementation.json: OK
work/calibration-v1-preparation/initial_requests.jsonl: OK
work/calibration-v1-preparation/manifest.json: OK
work/calibration-v1-preparation/plan.json: OK
work/calibration-v1-preparation/protocol.md: OK
work/calibration-v1-preparation/provider_input.json: OK
work/calibration-v1-preparation/rates.json: OK
work/calibration-v1-preparation/rehearsals/invalid-control/explicit_4096__answer_history/score.json: OK
work/calibration-v1-preparation/rehearsals/invalid-control/explicit_4096__answer_history/scoring_projection.jsonl: OK
work/calibration-v1-preparation/rehearsals/invalid-control/explicit_4096__answer_history/trace.jsonl: OK
work/calibration-v1-preparation/rehearsals/invalid-control/explicit_4096__snapshot/score.json: OK
work/calibration-v1-preparation/rehearsals/invalid-control/explicit_4096__snapshot/scoring_projection.jsonl: OK
work/calibration-v1-preparation/rehearsals/invalid-control/explicit_4096__snapshot/trace.jsonl: OK
work/calibration-v1-preparation/rehearsals/invalid-control/explicit_4096__structured_state/score.json: OK
work/calibration-v1-preparation/rehearsals/invalid-control/explicit_4096__structured_state/scoring_projection.jsonl: OK
work/calibration-v1-preparation/rehearsals/invalid-control/explicit_4096__structured_state/trace.jsonl: OK
work/calibration-v1-preparation/rehearsals/invalid-control/explicit_8192__answer_history/score.json: OK
work/calibration-v1-preparation/rehearsals/invalid-control/explicit_8192__answer_history/scoring_projection.jsonl: OK
work/calibration-v1-preparation/rehearsals/invalid-control/explicit_8192__answer_history/trace.jsonl: OK
work/calibration-v1-preparation/rehearsals/invalid-control/explicit_8192__snapshot/score.json: OK
work/calibration-v1-preparation/rehearsals/invalid-control/explicit_8192__snapshot/scoring_projection.jsonl: OK
work/calibration-v1-preparation/rehearsals/invalid-control/explicit_8192__snapshot/trace.jsonl: OK
work/calibration-v1-preparation/rehearsals/invalid-control/explicit_8192__structured_state/score.json: OK
work/calibration-v1-preparation/rehearsals/invalid-control/explicit_8192__structured_state/scoring_projection.jsonl: OK
work/calibration-v1-preparation/rehearsals/invalid-control/explicit_8192__structured_state/trace.jsonl: OK
work/calibration-v1-preparation/rehearsals/invalid-control/legacy_4096__answer_history/score.json: OK
work/calibration-v1-preparation/rehearsals/invalid-control/legacy_4096__answer_history/scoring_projection.jsonl: OK
work/calibration-v1-preparation/rehearsals/invalid-control/legacy_4096__answer_history/trace.jsonl: OK
work/calibration-v1-preparation/rehearsals/invalid-control/legacy_4096__snapshot/score.json: OK
work/calibration-v1-preparation/rehearsals/invalid-control/legacy_4096__snapshot/scoring_projection.jsonl: OK
work/calibration-v1-preparation/rehearsals/invalid-control/legacy_4096__snapshot/trace.jsonl: OK
work/calibration-v1-preparation/rehearsals/invalid-control/legacy_4096__structured_state/score.json: OK
work/calibration-v1-preparation/rehearsals/invalid-control/legacy_4096__structured_state/scoring_projection.jsonl: OK
work/calibration-v1-preparation/rehearsals/invalid-control/legacy_4096__structured_state/trace.jsonl: OK
work/calibration-v1-preparation/rehearsals/last-arrival/explicit_4096__answer_history/score.json: OK
work/calibration-v1-preparation/rehearsals/last-arrival/explicit_4096__answer_history/scoring_projection.jsonl: OK
work/calibration-v1-preparation/rehearsals/last-arrival/explicit_4096__answer_history/trace.jsonl: OK
work/calibration-v1-preparation/rehearsals/last-arrival/explicit_4096__snapshot/score.json: OK
work/calibration-v1-preparation/rehearsals/last-arrival/explicit_4096__snapshot/scoring_projection.jsonl: OK
work/calibration-v1-preparation/rehearsals/last-arrival/explicit_4096__snapshot/trace.jsonl: OK
work/calibration-v1-preparation/rehearsals/last-arrival/explicit_4096__structured_state/score.json: OK
work/calibration-v1-preparation/rehearsals/last-arrival/explicit_4096__structured_state/scoring_projection.jsonl: OK
work/calibration-v1-preparation/rehearsals/last-arrival/explicit_4096__structured_state/trace.jsonl: OK
work/calibration-v1-preparation/rehearsals/last-arrival/explicit_8192__answer_history/score.json: OK
work/calibration-v1-preparation/rehearsals/last-arrival/explicit_8192__answer_history/scoring_projection.jsonl: OK
work/calibration-v1-preparation/rehearsals/last-arrival/explicit_8192__answer_history/trace.jsonl: OK
work/calibration-v1-preparation/rehearsals/last-arrival/explicit_8192__snapshot/score.json: OK
work/calibration-v1-preparation/rehearsals/last-arrival/explicit_8192__snapshot/scoring_projection.jsonl: OK
work/calibration-v1-preparation/rehearsals/last-arrival/explicit_8192__snapshot/trace.jsonl: OK
work/calibration-v1-preparation/rehearsals/last-arrival/explicit_8192__structured_state/score.json: OK
work/calibration-v1-preparation/rehearsals/last-arrival/explicit_8192__structured_state/scoring_projection.jsonl: OK
work/calibration-v1-preparation/rehearsals/last-arrival/explicit_8192__structured_state/trace.jsonl: OK
work/calibration-v1-preparation/rehearsals/last-arrival/legacy_4096__answer_history/score.json: OK
work/calibration-v1-preparation/rehearsals/last-arrival/legacy_4096__answer_history/scoring_projection.jsonl: OK
work/calibration-v1-preparation/rehearsals/last-arrival/legacy_4096__answer_history/trace.jsonl: OK
work/calibration-v1-preparation/rehearsals/last-arrival/legacy_4096__snapshot/score.json: OK
work/calibration-v1-preparation/rehearsals/last-arrival/legacy_4096__snapshot/scoring_projection.jsonl: OK
work/calibration-v1-preparation/rehearsals/last-arrival/legacy_4096__snapshot/trace.jsonl: OK
work/calibration-v1-preparation/rehearsals/last-arrival/legacy_4096__structured_state/score.json: OK
work/calibration-v1-preparation/rehearsals/last-arrival/legacy_4096__structured_state/scoring_projection.jsonl: OK
work/calibration-v1-preparation/rehearsals/last-arrival/legacy_4096__structured_state/trace.jsonl: OK
work/calibration-v1-preparation/rehearsals/no-update/explicit_4096__answer_history/score.json: OK
work/calibration-v1-preparation/rehearsals/no-update/explicit_4096__answer_history/scoring_projection.jsonl: OK
work/calibration-v1-preparation/rehearsals/no-update/explicit_4096__answer_history/trace.jsonl: OK
work/calibration-v1-preparation/rehearsals/no-update/explicit_4096__snapshot/score.json: OK
work/calibration-v1-preparation/rehearsals/no-update/explicit_4096__snapshot/scoring_projection.jsonl: OK
work/calibration-v1-preparation/rehearsals/no-update/explicit_4096__snapshot/trace.jsonl: OK
work/calibration-v1-preparation/rehearsals/no-update/explicit_4096__structured_state/score.json: OK
work/calibration-v1-preparation/rehearsals/no-update/explicit_4096__structured_state/scoring_projection.jsonl: OK
work/calibration-v1-preparation/rehearsals/no-update/explicit_4096__structured_state/trace.jsonl: OK
work/calibration-v1-preparation/rehearsals/no-update/explicit_8192__answer_history/score.json: OK
work/calibration-v1-preparation/rehearsals/no-update/explicit_8192__answer_history/scoring_projection.jsonl: OK
work/calibration-v1-preparation/rehearsals/no-update/explicit_8192__answer_history/trace.jsonl: OK
work/calibration-v1-preparation/rehearsals/no-update/explicit_8192__snapshot/score.json: OK
work/calibration-v1-preparation/rehearsals/no-update/explicit_8192__snapshot/scoring_projection.jsonl: OK
work/calibration-v1-preparation/rehearsals/no-update/explicit_8192__snapshot/trace.jsonl: OK
work/calibration-v1-preparation/rehearsals/no-update/explicit_8192__structured_state/score.json: OK
work/calibration-v1-preparation/rehearsals/no-update/explicit_8192__structured_state/scoring_projection.jsonl: OK
work/calibration-v1-preparation/rehearsals/no-update/explicit_8192__structured_state/trace.jsonl: OK
work/calibration-v1-preparation/rehearsals/no-update/legacy_4096__answer_history/score.json: OK
work/calibration-v1-preparation/rehearsals/no-update/legacy_4096__answer_history/scoring_projection.jsonl: OK
work/calibration-v1-preparation/rehearsals/no-update/legacy_4096__answer_history/trace.jsonl: OK
work/calibration-v1-preparation/rehearsals/no-update/legacy_4096__snapshot/score.json: OK
work/calibration-v1-preparation/rehearsals/no-update/legacy_4096__snapshot/scoring_projection.jsonl: OK
work/calibration-v1-preparation/rehearsals/no-update/legacy_4096__snapshot/trace.jsonl: OK
work/calibration-v1-preparation/rehearsals/no-update/legacy_4096__structured_state/score.json: OK
work/calibration-v1-preparation/rehearsals/no-update/legacy_4096__structured_state/scoring_projection.jsonl: OK
work/calibration-v1-preparation/rehearsals/no-update/legacy_4096__structured_state/trace.jsonl: OK
work/calibration-v1-preparation/rehearsals/rule/explicit_4096__answer_history/score.json: OK
work/calibration-v1-preparation/rehearsals/rule/explicit_4096__answer_history/scoring_projection.jsonl: OK
work/calibration-v1-preparation/rehearsals/rule/explicit_4096__answer_history/trace.jsonl: OK
work/calibration-v1-preparation/rehearsals/rule/explicit_4096__snapshot/score.json: OK
work/calibration-v1-preparation/rehearsals/rule/explicit_4096__snapshot/scoring_projection.jsonl: OK
work/calibration-v1-preparation/rehearsals/rule/explicit_4096__snapshot/trace.jsonl: OK
work/calibration-v1-preparation/rehearsals/rule/explicit_4096__structured_state/score.json: OK
work/calibration-v1-preparation/rehearsals/rule/explicit_4096__structured_state/scoring_projection.jsonl: OK
work/calibration-v1-preparation/rehearsals/rule/explicit_4096__structured_state/trace.jsonl: OK
work/calibration-v1-preparation/rehearsals/rule/explicit_8192__answer_history/score.json: OK
work/calibration-v1-preparation/rehearsals/rule/explicit_8192__answer_history/scoring_projection.jsonl: OK
work/calibration-v1-preparation/rehearsals/rule/explicit_8192__answer_history/trace.jsonl: OK
work/calibration-v1-preparation/rehearsals/rule/explicit_8192__snapshot/score.json: OK
work/calibration-v1-preparation/rehearsals/rule/explicit_8192__snapshot/scoring_projection.jsonl: OK
work/calibration-v1-preparation/rehearsals/rule/explicit_8192__snapshot/trace.jsonl: OK
work/calibration-v1-preparation/rehearsals/rule/explicit_8192__structured_state/score.json: OK
work/calibration-v1-preparation/rehearsals/rule/explicit_8192__structured_state/scoring_projection.jsonl: OK
work/calibration-v1-preparation/rehearsals/rule/explicit_8192__structured_state/trace.jsonl: OK
work/calibration-v1-preparation/rehearsals/rule/legacy_4096__answer_history/score.json: OK
work/calibration-v1-preparation/rehearsals/rule/legacy_4096__answer_history/scoring_projection.jsonl: OK
work/calibration-v1-preparation/rehearsals/rule/legacy_4096__answer_history/trace.jsonl: OK
work/calibration-v1-preparation/rehearsals/rule/legacy_4096__snapshot/score.json: OK
work/calibration-v1-preparation/rehearsals/rule/legacy_4096__snapshot/scoring_projection.jsonl: OK
work/calibration-v1-preparation/rehearsals/rule/legacy_4096__snapshot/trace.jsonl: OK
work/calibration-v1-preparation/rehearsals/rule/legacy_4096__structured_state/score.json: OK
work/calibration-v1-preparation/rehearsals/rule/legacy_4096__structured_state/scoring_projection.jsonl: OK
work/calibration-v1-preparation/rehearsals/rule/legacy_4096__structured_state/trace.jsonl: OK
work/calibration-v1-preparation/schedule.jsonl: OK
