{
  "status": "data_join_audit_complete_not_formal_admission",
  "stations": 2,
  "basins": 2,
  "stage_observations_sampled": 50,
  "point_target_previews": 4,
  "point_preview_labels": {
    "0": 4
  },
  "confirmed_point_outcomes": 0,
  "same_station_discharge_observations": 25,
  "ensemble_products": [
    {
      "capture_id": "hefs-scoc1-ensemble",
      "station_lid": "SCOC1",
      "usgs_id": "11477000",
      "forecast_datetime": "2026-09-10T12:00:00Z",
      "creation_datetime": "2026-09-10T14:25:28Z",
      "members": 45,
      "times_per_member": 721,
      "member_time_values": 32445,
      "start": "2026-09-10T18:00:00Z",
      "end": "2026-10-10T18:00:00Z",
      "parameter": "QINE",
      "type": "instantaneous",
      "unit": "CFS",
      "cadence_seconds": 3600,
      "observed_flags": [
        "0"
      ],
      "flag_semantics": "Preserved; numeric/grid audit is not independent scientific QC certification.",
      "probability_status": "No operational flow threshold admitted; no flood probability assigned."
    },
    {
      "capture_id": "hefs-scoc1-ensemble-earlier",
      "station_lid": "SCOC1",
      "usgs_id": "11477000",
      "forecast_datetime": "2026-09-09T12:00:00Z",
      "creation_datetime": "2026-09-09T14:48:36Z",
      "members": 45,
      "times_per_member": 721,
      "member_time_values": 32445,
      "start": "2026-09-09T18:00:00Z",
      "end": "2026-10-09T18:00:00Z",
      "parameter": "QINE",
      "type": "instantaneous",
      "unit": "CFS",
      "cadence_seconds": 3600,
      "observed_flags": [
        "0"
      ],
      "flag_semantics": "Preserved; numeric/grid audit is not independent scientific QC certification.",
      "probability_status": "No operational flow threshold admitted; no flood probability assigned."
    }
  ],
  "formal_warning_episodes_created": 0,
  "limitations": [
    "Provisional observations; no historical availability proof; current threshold snapshots.",
    "Convenience samples from two basins, not independent flood event groups or representative monitoring.",
    "No observed flood-positive in the sampled target points; no NIMS camera returned for these sites.",
    "NWPS observations duplicate USGS measurements here; they are alignment checks, not independent evidence.",
    "HEFS discharge has no admitted stage conversion or flow threshold in this audit."
  ]
}
