{
  "status": "source_verified_for_controlled_development_data_design",
  "source_files_verified": 65,
  "inherited_source_bytes_verified": 8652138,
  "advisories": 64,
  "forecast_rows": 461,
  "matched_forecast_rows": 422,
  "unmatched_forecast_rows": 39,
  "unique_targets": 115,
  "resolved_unique_targets": 96,
  "unresolved_unique_targets": 19,
  "unique_target_labels_ge64kt": {
    "0": 64,
    "1": 32
  },
  "storm_groups": 4,
  "storm_ids": [
    "AL042024",
    "AL062024",
    "AL092024",
    "AL142024"
  ],
  "resolved_targets_per_storm": {
    "AL042024": 32,
    "AL062024": 20,
    "AL092024": 20,
    "AL142024": 24
  },
  "matched_best_track_statuses": {
    "TD": 4,
    "TS": 25,
    "HU": 32,
    "SS": 8,
    "EX": 19,
    "LO": 6,
    "DB": 2
  },
  "non_numeric_forecast_lines": [
    {
      "storm_id": "AL062024",
      "advisory": 6,
      "line": 61
    },
    {
      "storm_id": "AL062024",
      "advisory": 7,
      "line": 59
    },
    {
      "storm_id": "AL062024",
      "advisory": 8,
      "line": 58
    },
    {
      "storm_id": "AL062024",
      "advisory": 9,
      "line": 56
    },
    {
      "storm_id": "AL062024",
      "advisory": 10,
      "line": 53
    },
    {
      "storm_id": "AL062024",
      "advisory": 11,
      "line": 45
    },
    {
      "storm_id": "AL062024",
      "advisory": 12,
      "line": 45
    },
    {
      "storm_id": "AL062024",
      "advisory": 13,
      "line": 43
    },
    {
      "storm_id": "AL062024",
      "advisory": 14,
      "line": 37
    },
    {
      "storm_id": "AL062024",
      "advisory": 15,
      "line": 32
    },
    {
      "storm_id": "AL062024",
      "advisory": 16,
      "line": 30
    },
    {
      "storm_id": "AL092024",
      "advisory": 3,
      "line": 56
    },
    {
      "storm_id": "AL092024",
      "advisory": 4,
      "line": 58
    },
    {
      "storm_id": "AL092024",
      "advisory": 5,
      "line": 61
    },
    {
      "storm_id": "AL092024",
      "advisory": 6,
      "line": 60
    },
    {
      "storm_id": "AL092024",
      "advisory": 7,
      "line": 60
    },
    {
      "storm_id": "AL092024",
      "advisory": 8,
      "line": 60
    },
    {
      "storm_id": "AL092024",
      "advisory": 9,
      "line": 60
    },
    {
      "storm_id": "AL092024",
      "advisory": 10,
      "line": 59
    },
    {
      "storm_id": "AL092024",
      "advisory": 11,
      "line": 57
    },
    {
      "storm_id": "AL092024",
      "advisory": 12,
      "line": 53
    },
    {
      "storm_id": "AL092024",
      "advisory": 13,
      "line": 51
    },
    {
      "storm_id": "AL092024",
      "advisory": 14,
      "line": 44
    },
    {
      "storm_id": "AL092024",
      "advisory": 15,
      "line": 42
    },
    {
      "storm_id": "AL092024",
      "advisory": 16,
      "line": 40
    }
  ],
  "inherited_join_reproduced": true,
  "formal_warning_episodes_created": 0,
  "new_model_calls": 0,
  "limitations": [
    "Four selected, previously exposed development systems; correlated target times and versions.",
    "Forecast issue time is not established historical availability.",
    "HURDAT2 is retrospective same-agency analysis, not independent raw measurements.",
    "The threshold labels wind magnitude, not tropical cyclone status or local wind exposure.",
    "Data design audit tables are not a frozen benchmark or calibrated probability baseline."
  ]
}
