Traceback (most recent call last):
  File "/mnt/afs/260010168/extreme_weather_benchmark/development/disastertrace-next/plans/v6_0911_dataset_selection/audit_selection.py", line 339, in <module>
    main()
  File "/mnt/afs/260010168/extreme_weather_benchmark/development/disastertrace-next/plans/v6_0911_dataset_selection/audit_selection.py", line 334, in main
    path.write_text(json.dumps(output, ensure_ascii=False, indent=2, default=str, allow_nan=False) + "\n")
  File "/usr/lib/python3.10/json/__init__.py", line 238, in dumps
    **kw).encode(obj)
  File "/usr/lib/python3.10/json/encoder.py", line 201, in encode
    chunks = list(chunks)
  File "/usr/lib/python3.10/json/encoder.py", line 431, in _iterencode
    yield from _iterencode_dict(o, _current_indent_level)
  File "/usr/lib/python3.10/json/encoder.py", line 405, in _iterencode_dict
    yield from chunks
  File "/usr/lib/python3.10/json/encoder.py", line 325, in _iterencode_list
    yield from chunks
  File "/usr/lib/python3.10/json/encoder.py", line 405, in _iterencode_dict
    yield from chunks
  File "/usr/lib/python3.10/json/encoder.py", line 405, in _iterencode_dict
    yield from chunks
  File "/usr/lib/python3.10/json/encoder.py", line 325, in _iterencode_list
    yield from chunks
  File "/usr/lib/python3.10/json/encoder.py", line 397, in _iterencode_dict
    yield _floatstr(value)
  File "/usr/lib/python3.10/json/encoder.py", line 239, in floatstr
    raise ValueError(
ValueError: Out of range float values are not JSON compliant: nan
