
==================================== ERRORS ====================================
______________ ERROR collecting tests/test_monitoring_support.py _______________
ImportError while importing test module '/mnt/afs/260010168/extreme_weather_benchmark/development/disastertrace-next/disastertrace-starter/tests/test_monitoring_support.py'.
Hint: make sure your test modules/packages have valid Python names.
Traceback:
/usr/lib/python3.10/importlib/__init__.py:126: in import_module
    return _bootstrap._gcd_import(name[level:], package, level)
disastertrace-starter/tests/test_monitoring_support.py:5: in <module>
    from disastertrace.monitoring_v1.support import (
E   ModuleNotFoundError: No module named 'disastertrace.monitoring_v1'
____________ ERROR collecting tests/test_monitoring_reachability.py ____________
ImportError while importing test module '/mnt/afs/260010168/extreme_weather_benchmark/development/disastertrace-next/disastertrace-starter/tests/test_monitoring_reachability.py'.
Hint: make sure your test modules/packages have valid Python names.
Traceback:
/usr/lib/python3.10/importlib/__init__.py:126: in import_module
    return _bootstrap._gcd_import(name[level:], package, level)
disastertrace-starter/tests/test_monitoring_reachability.py:3: in <module>
    from disastertrace.monitoring_v1.reachability import Goal, Query, solve_joint
E   ModuleNotFoundError: No module named 'disastertrace.monitoring_v1'
=========================== short test summary info ============================
ERROR disastertrace-starter/tests/test_monitoring_support.py
ERROR disastertrace-starter/tests/test_monitoring_reachability.py
!!!!!!!!!!!!!!!!!!! Interrupted: 2 errors during collection !!!!!!!!!!!!!!!!!!!!
